Archive member included to satisfy reference by file (symbol)

c:/ac6/systemworkbench/plugins/fr.ac6.mcu.externaltools.arm-none.win32_1.7.0.201602121829/tools/compiler/bin/../lib/gcc/arm-none-eabi/5.2.1/armv7-m\libgcc.a(_arm_addsubdf3.o)
                              Src/AHRS.o (__aeabi_i2d)
c:/ac6/systemworkbench/plugins/fr.ac6.mcu.externaltools.arm-none.win32_1.7.0.201602121829/tools/compiler/bin/../lib/gcc/arm-none-eabi/5.2.1/armv7-m\libgcc.a(_arm_muldivdf3.o)
                              Src/AHRS.o (__aeabi_dmul)
c:/ac6/systemworkbench/plugins/fr.ac6.mcu.externaltools.arm-none.win32_1.7.0.201602121829/tools/compiler/bin/../lib/gcc/arm-none-eabi/5.2.1/armv7-m\libgcc.a(_arm_fixdfsi.o)
                              Src/AHRS.o (__aeabi_d2iz)
c:/ac6/systemworkbench/plugins/fr.ac6.mcu.externaltools.arm-none.win32_1.7.0.201602121829/tools/compiler/bin/../lib/gcc/arm-none-eabi/5.2.1/armv7-m\libgcc.a(_arm_addsubsf3.o)
                              Src/DSP/arm_sqrt_q15.o (__aeabi_i2f)
c:/ac6/systemworkbench/plugins/fr.ac6.mcu.externaltools.arm-none.win32_1.7.0.201602121829/tools/compiler/bin/../lib/gcc/arm-none-eabi/5.2.1/armv7-m\libgcc.a(_arm_muldivsf3.o)
                              Src/DSP/arm_sqrt_q15.o (__aeabi_fmul)
c:/ac6/systemworkbench/plugins/fr.ac6.mcu.externaltools.arm-none.win32_1.7.0.201602121829/tools/compiler/bin/../lib/gcc/arm-none-eabi/5.2.1/armv7-m\libgcc.a(_arm_fixsfsi.o)
                              Src/DSP/arm_sqrt_q15.o (__aeabi_f2iz)
c:/ac6/systemworkbench/plugins/fr.ac6.mcu.externaltools.arm-none.win32_1.7.0.201602121829/tools/compiler/bin/../lib/gcc/arm-none-eabi/5.2.1/../../../../arm-none-eabi/lib/armv7-m\libc_nano.a(lib_a-exit.o)
                              c:/ac6/systemworkbench/plugins/fr.ac6.mcu.externaltools.arm-none.win32_1.7.0.201602121829/tools/compiler/bin/../lib/gcc/arm-none-eabi/5.2.1/../../../../arm-none-eabi/lib/armv7-m/crt0.o (exit)
c:/ac6/systemworkbench/plugins/fr.ac6.mcu.externaltools.arm-none.win32_1.7.0.201602121829/tools/compiler/bin/../lib/gcc/arm-none-eabi/5.2.1/../../../../arm-none-eabi/lib/armv7-m\libc_nano.a(lib_a-impure.o)
                              c:/ac6/systemworkbench/plugins/fr.ac6.mcu.externaltools.arm-none.win32_1.7.0.201602121829/tools/compiler/bin/../lib/gcc/arm-none-eabi/5.2.1/../../../../arm-none-eabi/lib/armv7-m\libc_nano.a(lib_a-exit.o) (_global_impure_ptr)
c:/ac6/systemworkbench/plugins/fr.ac6.mcu.externaltools.arm-none.win32_1.7.0.201602121829/tools/compiler/bin/../lib/gcc/arm-none-eabi/5.2.1/../../../../arm-none-eabi/lib/armv7-m\libc_nano.a(lib_a-init.o)
                              c:/ac6/systemworkbench/plugins/fr.ac6.mcu.externaltools.arm-none.win32_1.7.0.201602121829/tools/compiler/bin/../lib/gcc/arm-none-eabi/5.2.1/../../../../arm-none-eabi/lib/armv7-m/crt0.o (__libc_init_array)
c:/ac6/systemworkbench/plugins/fr.ac6.mcu.externaltools.arm-none.win32_1.7.0.201602121829/tools/compiler/bin/../lib/gcc/arm-none-eabi/5.2.1/../../../../arm-none-eabi/lib/armv7-m\libc_nano.a(lib_a-memcpy-stub.o)
                              Middlewares/Third_Party/FreeRTOS/Source/queue.o (memcpy)
c:/ac6/systemworkbench/plugins/fr.ac6.mcu.externaltools.arm-none.win32_1.7.0.201602121829/tools/compiler/bin/../lib/gcc/arm-none-eabi/5.2.1/../../../../arm-none-eabi/lib/armv7-m\libc_nano.a(lib_a-memset.o)
                              c:/ac6/systemworkbench/plugins/fr.ac6.mcu.externaltools.arm-none.win32_1.7.0.201602121829/tools/compiler/bin/../lib/gcc/arm-none-eabi/5.2.1/../../../../arm-none-eabi/lib/armv7-m/crt0.o (memset)
c:/ac6/systemworkbench/plugins/fr.ac6.mcu.externaltools.arm-none.win32_1.7.0.201602121829/tools/compiler/bin/../lib/gcc/arm-none-eabi/5.2.1/../../../../arm-none-eabi/lib/armv7-m\libnosys.a(_exit.o)
                              c:/ac6/systemworkbench/plugins/fr.ac6.mcu.externaltools.arm-none.win32_1.7.0.201602121829/tools/compiler/bin/../lib/gcc/arm-none-eabi/5.2.1/../../../../arm-none-eabi/lib/armv7-m\libc_nano.a(lib_a-exit.o) (_exit)
c:/ac6/systemworkbench/plugins/fr.ac6.mcu.externaltools.arm-none.win32_1.7.0.201602121829/tools/compiler/bin/../lib/gcc/arm-none-eabi/5.2.1/../../../../arm-none-eabi/lib/armv7-m\libm.a(lib_a-w_atan2.o)
                              Src/AHRS.o (atan2)
c:/ac6/systemworkbench/plugins/fr.ac6.mcu.externaltools.arm-none.win32_1.7.0.201602121829/tools/compiler/bin/../lib/gcc/arm-none-eabi/5.2.1/../../../../arm-none-eabi/lib/armv7-m\libm.a(lib_a-e_atan2.o)
                              c:/ac6/systemworkbench/plugins/fr.ac6.mcu.externaltools.arm-none.win32_1.7.0.201602121829/tools/compiler/bin/../lib/gcc/arm-none-eabi/5.2.1/../../../../arm-none-eabi/lib/armv7-m\libm.a(lib_a-w_atan2.o) (__ieee754_atan2)
c:/ac6/systemworkbench/plugins/fr.ac6.mcu.externaltools.arm-none.win32_1.7.0.201602121829/tools/compiler/bin/../lib/gcc/arm-none-eabi/5.2.1/../../../../arm-none-eabi/lib/armv7-m\libm.a(lib_a-s_atan.o)
[...]
Memory Configuration

Name             Origin             Length             Attributes
RAM              0x20000000         0x00005000         xrw
FLASH            0x08000000         0x00010000         xr
*default*        0x00000000         0xffffffff

Linker script and memory map

LOAD c:/ac6/systemworkbench/plugins/fr.ac6.mcu.externaltools.arm-none.win32_1.7.0.201602121829/tools/compiler/bin/../lib/gcc/arm-none-eabi/5.2.1/armv7-m/crti.o
LOAD c:/ac6/systemworkbench/plugins/fr.ac6.mcu.externaltools.arm-none.win32_1.7.0.201602121829/tools/compiler/bin/../lib/gcc/arm-none-eabi/5.2.1/armv7-m/crtbegin.o
LOAD c:/ac6/systemworkbench/plugins/fr.ac6.mcu.externaltools.arm-none.win32_1.7.0.201602121829/tools/compiler/bin/../lib/gcc/arm-none-eabi/5.2.1/../../../../arm-none-eabi/lib/armv7-m/crt0.o
LOAD c:/ac6/systemworkbench/plugins/fr.ac6.mcu.externaltools.arm-none.win32_1.7.0.201602121829/tools/compiler/bin/../lib/gcc/arm-none-eabi/5.2.1/../../../../arm-none-eabi/lib/armv7-m\libm.a
LOAD Drivers/CMSIS/Device/ST/STM32F1xx/Source/Templates/gcc/startup_stm32f103xb.o
LOAD Drivers/CMSIS/Device/ST/STM32F1xx/Source/Templates/system_stm32f1xx.o
LOAD Drivers/STM32F1xx_HAL_Driver/Src/stm32f1xx_hal.o
LOAD Drivers/STM32F1xx_HAL_Driver/Src/stm32f1xx_hal_adc.o
LOAD Drivers/STM32F1xx_HAL_Driver/Src/stm32f1xx_hal_adc_ex.o
LOAD Drivers/STM32F1xx_HAL_Driver/Src/stm32f1xx_hal_cortex.o
LOAD Drivers/STM32F1xx_HAL_Driver/Src/stm32f1xx_hal_crc.o
LOAD Drivers/STM32F1xx_HAL_Driver/Src/stm32f1xx_hal_dma.o
LOAD Drivers/STM32F1xx_HAL_Driver/Src/stm32f1xx_hal_flash.o
LOAD Drivers/STM32F1xx_HAL_Driver/Src/stm32f1xx_hal_flash_ex.o
LOAD Drivers/STM32F1xx_HAL_Driver/Src/stm32f1xx_hal_gpio.o
LOAD Drivers/STM32F1xx_HAL_Driver/Src/stm32f1xx_hal_gpio_ex.o
LOAD Drivers/STM32F1xx_HAL_Driver/Src/stm32f1xx_hal_i2c.o
LOAD Drivers/STM32F1xx_HAL_Driver/Src/stm32f1xx_hal_iwdg.o
LOAD Drivers/STM32F1xx_HAL_Driver/Src/stm32f1xx_hal_pcd.o
LOAD Drivers/STM32F1xx_HAL_Driver/Src/stm32f1xx_hal_pcd_ex.o
LOAD Drivers/STM32F1xx_HAL_Driver/Src/stm32f1xx_hal_pwr.o
LOAD Drivers/STM32F1xx_HAL_Driver/Src/stm32f1xx_hal_rcc.o
LOAD Drivers/STM32F1xx_HAL_Driver/Src/stm32f1xx_hal_rcc_ex.o
LOAD Drivers/STM32F1xx_HAL_Driver/Src/stm32f1xx_hal_tim.o
LOAD Drivers/STM32F1xx_HAL_Driver/Src/stm32f1xx_hal_tim_ex.o
LOAD Drivers/STM32F1xx_HAL_Driver/Src/stm32f1xx_hal_uart.o
LOAD Drivers/STM32F1xx_HAL_Driver/Src/stm32f1xx_ll_usb.o
LOAD Middlewares/ST/STM32_USB_Device_Library/Class/DFU/Src/usbd_dfu.o
LOAD Middlewares/ST/STM32_USB_Device_Library/Core/Src/usbd_core.o
LOAD Middlewares/ST/STM32_USB_Device_Library/Core/Src/usbd_ctlreq.o
LOAD Middlewares/ST/STM32_USB_Device_Library/Core/Src/usbd_ioreq.o
LOAD Middlewares/Third_Party/FreeRTOS/Source/CMSIS_RTOS/cmsis_os.o
LOAD Middlewares/Third_Party/FreeRTOS/Source/croutine.o
LOAD Middlewares/Third_Party/FreeRTOS/Source/event_groups.o
LOAD Middlewares/Third_Party/FreeRTOS/Source/list.o
LOAD Middlewares/Third_Party/FreeRTOS/Source/queue.o
LOAD Middlewares/Third_Party/FreeRTOS/Source/tasks.o
LOAD Middlewares/Third_Party/FreeRTOS/Source/timers.o
LOAD Middlewares/Third_Party/FreeRTOS/Source/portable/GCC/ARM_CM3/port.o
LOAD Middlewares/Third_Party/FreeRTOS/Source/portable/MemMang/heap_4.o
LOAD Src/AHRS.o
LOAD Src/Constantes.o
LOAD Src/ServidoresVariables.o
LOAD Src/adc.o
LOAD Src/crc.o
LOAD Src/dma.o
LOAD Src/freertos.o
LOAD Src/gpio.o
LOAD Src/i2c.o
LOAD Src/iwdg.o
LOAD Src/main.o
LOAD Src/stm32f1xx_hal_msp.o
LOAD Src/stm32f1xx_it.o
LOAD Src/tim.o
LOAD Src/usart.o
LOAD Src/usb_device.o
LOAD Src/usbd_conf.o
LOAD Src/usbd_desc.o
LOAD Src/usbd_dfu_if.o
LOAD Src/DSP/arm_add_q15.o
LOAD Src/DSP/arm_copy_q15.o
LOAD Src/DSP/arm_dot_prod_q15.o
LOAD Src/DSP/arm_mat_mult_q15.o
LOAD Src/DSP/arm_scale_q15.o
LOAD Src/DSP/arm_sin_cos_q31.o
LOAD Src/DSP/arm_sqrt_q15.o
LOAD Src/DSP/arm_sqrt_q31.o
LOAD Src/DSP/common_tables.o
LOAD Src/Dispositivos/IMU_9DOF.o
LOAD Src/FuncionesRTOS/TASK_AHRS.o
LOAD Src/FuncionesRTOS/TASK_ALTURA.o
LOAD Src/FuncionesRTOS/TASK_COMPASS.o
LOAD Src/FuncionesRTOS/TASK_CONTROL.o
LOAD Src/FuncionesRTOS/TASK_COORDINADOR.o
LOAD Src/FuncionesRTOS/TASK_IMU.o
START GROUP
LOAD c:/ac6/systemworkbench/plugins/fr.ac6.mcu.externaltools.arm-none.win32_1.7.0.201602121829/tools/compiler/bin/../lib/gcc/arm-none-eabi/5.2.1/armv7-m\libgcc.a
LOAD c:/ac6/systemworkbench/plugins/fr.ac6.mcu.externaltools.arm-none.win32_1.7.0.201602121829/tools/compiler/bin/../lib/gcc/arm-none-eabi/5.2.1/../../../../arm-none-eabi/lib/armv7-m\libc_nano.a
END GROUP
START GROUP
LOAD c:/ac6/systemworkbench/plugins/fr.ac6.mcu.externaltools.arm-none.win32_1.7.0.201602121829/tools/compiler/bin/../lib/gcc/arm-none-eabi/5.2.1/armv7-m\libgcc.a
LOAD c:/ac6/systemworkbench/plugins/fr.ac6.mcu.externaltools.arm-none.win32_1.7.0.201602121829/tools/compiler/bin/../lib/gcc/arm-none-eabi/5.2.1/../../../../arm-none-eabi/lib/armv7-m\libc_nano.a
LOAD c:/ac6/systemworkbench/plugins/fr.ac6.mcu.externaltools.arm-none.win32_1.7.0.201602121829/tools/compiler/bin/../lib/gcc/arm-none-eabi/5.2.1/../../../../arm-none-eabi/lib/armv7-m\libnosys.a
END GROUP
START GROUP
LOAD c:/ac6/systemworkbench/plugins/fr.ac6.mcu.externaltools.arm-none.win32_1.7.0.201602121829/tools/compiler/bin/../lib/gcc/arm-none-eabi/5.2.1/armv7-m\libgcc.a
LOAD c:/ac6/systemworkbench/plugins/fr.ac6.mcu.externaltools.arm-none.win32_1.7.0.201602121829/tools/compiler/bin/../lib/gcc/arm-none-eabi/5.2.1/../../../../arm-none-eabi/lib/armv7-m\libc_nano.a
LOAD c:/ac6/systemworkbench/plugins/fr.ac6.mcu.externaltools.arm-none.win32_1.7.0.201602121829/tools/compiler/bin/../lib/gcc/arm-none-eabi/5.2.1/../../../../arm-none-eabi/lib/armv7-m\libnosys.a
END GROUP
LOAD c:/ac6/systemworkbench/plugins/fr.ac6.mcu.externaltools.arm-none.win32_1.7.0.201602121829/tools/compiler/bin/../lib/gcc/arm-none-eabi/5.2.1/armv7-m/crtend.o
LOAD c:/ac6/systemworkbench/plugins/fr.ac6.mcu.externaltools.arm-none.win32_1.7.0.201602121829/tools/compiler/bin/../lib/gcc/arm-none-eabi/5.2.1/armv7-m/crtn.o
                0x20005000                _estack = 0x20005000
                0x00000200                _Min_Heap_Size = 0x200
                0x00000400                _Min_Stack_Size = 0x400

.isr_vector     0x08000000      0x10c
                0x08000000                . = ALIGN (0x4)
 *(.isr_vector)
 .isr_vector    0x08000000      0x10c Drivers/CMSIS/Device/ST/STM32F1xx/Source/Templates/gcc/startup_stm32f103xb.o
                0x08000000                g_pfnVectors
                0x0800010c                . = ALIGN (0x4)

.text           0x08000110     0xa0b4
                0x08000110                . = ALIGN (0x4)
 *(.text)
 .text          0x08000110       0xa4 c:/ac6/systemworkbench/plugins/fr.ac6.mcu.externaltools.arm-none.win32_1.7.0.201602121829/tools/compiler/bin/../lib/gcc/arm-none-eabi/5.2.1/armv7-m/crtbegin.o
 .text          0x080001b4      0x370 c:/ac6/systemworkbench/plugins/fr.ac6.mcu.externaltools.arm-none.win32_1.7.0.201602121829/tools/compiler/bin/../lib/gcc/arm-none-eabi/5.2.1/armv7-m\libgcc.a(_arm_addsubdf3.o)
                0x080001b4                __aeabi_drsub
                0x080001bc                __aeabi_dsub
                0x080001bc                __subdf3
                0x080001c0                __aeabi_dadd
                0x080001c0                __adddf3
                0x08000438                __floatunsidf
                0x08000438                __aeabi_ui2d
                0x08000458                __floatsidf
                0x08000458                __aeabi_i2d
                0x0800047c                __aeabi_f2d
                0x0800047c                __extendsfdf2
                0x080004b8                __floatundidf
                0x080004b8                __aeabi_ul2d
                0x080004c8                __floatdidf
                0x080004c8                __aeabi_l2d
 .text          0x08000524      0x424 c:/ac6/systemworkbench/plugins/fr.ac6.mcu.externaltools.arm-none.win32_1.7.0.201602121829/tools/compiler/bin/../lib/gcc/arm-none-eabi/5.2.1/armv7-m\libgcc.a(_arm_muldivdf3.o)
                0x08000524                __aeabi_dmul
                0x08000524                __muldf3
                0x08000778                __divdf3
                0x08000778                __aeabi_ddiv
 .text          0x08000948       0x50 c:/ac6/systemworkbench/plugins/fr.ac6.mcu.externaltools.arm-none.win32_1.7.0.201602121829/tools/compiler/bin/../lib/gcc/arm-none-eabi/5.2.1/armv7-m\libgcc.a(_arm_fixdfsi.o)
                0x08000948                __aeabi_d2iz
                0x08000948                __fixdfsi
 .text          0x08000998      0x21c c:/ac6/systemworkbench/plugins/fr.ac6.mcu.externaltools.arm-none.win32_1.7.0.201602121829/tools/compiler/bin/../lib/gcc/arm-none-eabi/5.2.1/armv7-m\libgcc.a(_arm_addsubsf3.o)
                0x08000998                __aeabi_frsub
                0x080009a0                __subsf3
                0x080009a0                __aeabi_fsub
                0x080009a4                __aeabi_fadd
                0x080009a4                __addsf3
                0x08000b04                __aeabi_ui2f
                0x08000b04                __floatunsisf
                0x08000b0c                __aeabi_i2f
                0x08000b0c                __floatsisf
                0x08000b28                __aeabi_ul2f
                0x08000b28                __floatundisf
                0x08000b38                __aeabi_l2f
                0x08000b38                __floatdisf
 .text          0x08000bb4      0x2a0 c:/ac6/systemworkbench/plugins/fr.ac6.mcu.externaltools.arm-none.win32_1.7.0.201602121829/tools/compiler/bin/../lib/gcc/arm-none-eabi/5.2.1/armv7-m\libgcc.a(_arm_muldivsf3.o)
                0x08000bb4                __mulsf3
                0x08000bb4                __aeabi_fmul
                0x08000d1c                __aeabi_fdiv
                0x08000d1c                __divsf3
 .text          0x08000e54       0x4c c:/ac6/systemworkbench/plugins/fr.ac6.mcu.externaltools.arm-none.win32_1.7.0.201602121829/tools/compiler/bin/../lib/gcc/arm-none-eabi/5.2.1/armv7-m\libgcc.a(_arm_fixsfsi.o)
                0x08000e54                __aeabi_f2iz
                0x08000e54                __fixsfsi
 .text          0x08000ea0      0x110 c:/ac6/systemworkbench/plugins/fr.ac6.mcu.externaltools.arm-none.win32_1.7.0.201602121829/tools/compiler/bin/../lib/gcc/arm-none-eabi/5.2.1/armv7-m\libgcc.a(_arm_cmpdf2.o)
                0x08000ea0                __gtdf2
                0x08000ea0                __gedf2
                0x08000ea8                __ltdf2
                0x08000ea8                __ledf2
                0x08000eb0                __nedf2
                0x08000eb0                __eqdf2
                0x08000eb0                __cmpdf2
                0x08000f2c                __aeabi_cdrcmple
                0x08000f3c                __aeabi_cdcmpeq
                0x08000f3c                __aeabi_cdcmple
                0x08000f4c                __aeabi_dcmpeq
                0x08000f60                __aeabi_dcmplt
                0x08000f74                __aeabi_dcmple
                0x08000f88                __aeabi_dcmpge
                0x08000f9c                __aeabi_dcmpgt
 *(.text*)
 .text.Reset_Handler
                0x08000fb0       0x48 Drivers/CMSIS/Device/ST/STM32F1xx/Source/Templates/gcc/startup_stm32f103xb.o
                0x08000fb0                Reset_Handler
 .text.Default_Handler
                0x08000ff8        0x2 Drivers/CMSIS/Device/ST/STM32F1xx/Source/Templates/gcc/startup_stm32f103xb.o
                0x08000ff8                RTC_Alarm_IRQHandler
                0x08000ff8                EXTI2_IRQHandler
                0x08000ff8                TIM1_CC_IRQHandler
                0x08000ff8                PVD_IRQHandler
                0x08000ff8                EXTI3_IRQHandler
                0x08000ff8                EXTI0_IRQHandler
                0x08000ff8                I2C2_EV_IRQHandler
                0x08000ff8                ADC1_2_IRQHandler
                0x08000ff8                SPI1_IRQHandler
                0x08000ff8                TAMPER_IRQHandler
                0x08000ff8                USART3_IRQHandler
                0x08000ff8                RTC_IRQHandler
                0x08000ff8                CAN1_RX1_IRQHandler
                0x08000ff8                TIM4_IRQHandler
                0x08000ff8                I2C1_EV_IRQHandler
                0x08000ff8                TIM3_IRQHandler
                0x08000ff8                RCC_IRQHandler
                0x08000ff8                TIM1_TRG_COM_IRQHandler
                0x08000ff8                DMA1_Channel1_IRQHandler
                0x08000ff8                Default_Handler
                0x08000ff8                EXTI15_10_IRQHandler
                0x08000ff8                EXTI9_5_IRQHandler
                0x08000ff8                SPI2_IRQHandler
                0x08000ff8                EXTI4_IRQHandler
                0x08000ff8                USB_HP_CAN1_TX_IRQHandler
                0x08000ff8                DMA1_Channel3_IRQHandler
                0x08000ff8                TIM1_UP_IRQHandler
                0x08000ff8                WWDG_IRQHandler
                0x08000ff8                TIM2_IRQHandler
                0x08000ff8                TIM1_BRK_IRQHandler
                0x08000ff8                EXTI1_IRQHandler
                0x08000ff8                USART2_IRQHandler
                0x08000ff8                DMA1_Channel2_IRQHandler
                0x08000ff8                CAN1_SCE_IRQHandler
                0x08000ff8                FLASH_IRQHandler
                0x08000ff8                USART1_IRQHandler
                0x08000ff8                I2C1_ER_IRQHandler
                0x08000ff8                USBWakeUp_IRQHandler
 *fill*         0x08000ffa        0x2 
 .text.SystemInit
                0x08000ffc       0x50 Drivers/CMSIS/Device/ST/STM32F1xx/Source/Templates/system_stm32f1xx.o
                0x08000ffc                SystemInit
 .text.HAL_InitTick
                0x0800104c       0x28 Drivers/STM32F1xx_HAL_Driver/Src/stm32f1xx_hal.o
                0x0800104c                HAL_InitTick
 .text.HAL_Init
                0x08001074       0x24 Drivers/STM32F1xx_HAL_Driver/Src/stm32f1xx_hal.o
                0x08001074                HAL_Init
 .text.HAL_IncTick
                0x08001098       0x10 Drivers/STM32F1xx_HAL_Driver/Src/stm32f1xx_hal.o
                0x08001098                HAL_IncTick
 .text.HAL_GetTick
                0x080010a8        0xc Drivers/STM32F1xx_HAL_Driver/Src/stm32f1xx_hal.o
                0x080010a8                HAL_GetTick
 .text.HAL_Delay
                0x080010b4       0x1c Drivers/STM32F1xx_HAL_Driver/Src/stm32f1xx_hal.o
                0x080010b4                HAL_Delay
 .text.HAL_ADC_Init
                0x080010d0      0x25c Drivers/STM32F1xx_HAL_Driver/Src/stm32f1xx_hal_adc.o
                0x080010d0                HAL_ADC_Init
 .text.HAL_ADC_ConfigChannel
                0x0800132c      0x20c Drivers/STM32F1xx_HAL_Driver/Src/stm32f1xx_hal_adc.o
                0x0800132c                HAL_ADC_ConfigChannel
 .text.HAL_NVIC_SetPriorityGrouping
                0x08001538       0x38 Drivers/STM32F1xx_HAL_Driver/Src/stm32f1xx_hal_cortex.o
                0x08001538                HAL_NVIC_SetPriorityGrouping
 .text.HAL_NVIC_SetPriority
                0x08001570       0x94 Drivers/STM32F1xx_HAL_Driver/Src/stm32f1xx_hal_cortex.o
                0x08001570                HAL_NVIC_SetPriority
 .text.HAL_NVIC_EnableIRQ
                0x08001604       0x2c Drivers/STM32F1xx_HAL_Driver/Src/stm32f1xx_hal_cortex.o
                0x08001604                HAL_NVIC_EnableIRQ
 .text.HAL_SYSTICK_Config
                0x08001630       0x30 Drivers/STM32F1xx_HAL_Driver/Src/stm32f1xx_hal_cortex.o
                0x08001630                HAL_SYSTICK_Config
 .text.HAL_SYSTICK_CLKSourceConfig
                0x08001660       0x34 Drivers/STM32F1xx_HAL_Driver/Src/stm32f1xx_hal_cortex.o
                0x08001660                HAL_SYSTICK_CLKSourceConfig
 .text.HAL_CRC_Init
                0x08001694       0x44 Drivers/STM32F1xx_HAL_Driver/Src/stm32f1xx_hal_crc.o
                0x08001694                HAL_CRC_Init
 .text.HAL_DMA_Init
                0x080016d8      0x12c Drivers/STM32F1xx_HAL_Driver/Src/stm32f1xx_hal_dma.o
                0x080016d8                HAL_DMA_Init
 .text.HAL_DMA_Start_IT
                0x08001804       0x84 Drivers/STM32F1xx_HAL_Driver/Src/stm32f1xx_hal_dma.o
                0x08001804                HAL_DMA_Start_IT
 .text.HAL_DMA_IRQHandler
                0x08001888      0x3ec Drivers/STM32F1xx_HAL_Driver/Src/stm32f1xx_hal_dma.o
                0x08001888                HAL_DMA_IRQHandler
 .text.HAL_GPIO_Init
                0x08001c74      0x324 Drivers/STM32F1xx_HAL_Driver/Src/stm32f1xx_hal_gpio.o
                0x08001c74                HAL_GPIO_Init
 .text.HAL_GPIO_WritePin
                0x08001f98       0x38 Drivers/STM32F1xx_HAL_Driver/Src/stm32f1xx_hal_gpio.o
                0x08001f98                HAL_GPIO_WritePin
 .text.I2C_MasterRequestRead
                0x08001fd0      0x1c8 Drivers/STM32F1xx_HAL_Driver/Src/stm32f1xx_hal_i2c.o
 .text.HAL_I2C_Init
                0x08002198      0x1d0 Drivers/STM32F1xx_HAL_Driver/Src/stm32f1xx_hal_i2c.o
                0x08002198                HAL_I2C_Init
 .text.HAL_I2C_Master_Receive_DMA
                0x08002368       0xfc Drivers/STM32F1xx_HAL_Driver/Src/stm32f1xx_hal_i2c.o
                0x08002368                HAL_I2C_Master_Receive_DMA
 .text.HAL_I2C_SlaveTxCpltCallback
                0x08002464        0x4 Drivers/STM32F1xx_HAL_Driver/Src/stm32f1xx_hal_i2c.o
                0x08002464                HAL_I2C_SlaveTxCpltCallback
 .text.HAL_I2C_ErrorCallback
                0x08002468        0x4 Drivers/STM32F1xx_HAL_Driver/Src/stm32f1xx_hal_i2c.o
                0x08002468                HAL_I2C_ErrorCallback
 .text.I2C_DMAError
                0x0800246c       0x2c Drivers/STM32F1xx_HAL_Driver/Src/stm32f1xx_hal_i2c.o
 .text.I2C_DMAMasterReceiveCplt
                0x08002498       0x44 Drivers/STM32F1xx_HAL_Driver/Src/stm32f1xx_hal_i2c.o
 .text.HAL_I2C_ER_IRQHandler
                0x080024dc       0xec Drivers/STM32F1xx_HAL_Driver/Src/stm32f1xx_hal_i2c.o
                0x080024dc                HAL_I2C_ER_IRQHandler
 .text.HAL_IWDG_MspInit
                0x080025c8        0x4 Drivers/STM32F1xx_HAL_Driver/Src/stm32f1xx_hal_iwdg.o
                0x080025c8                HAL_IWDG_MspInit
 .text.HAL_IWDG_Init
                0x080025cc       0x9c Drivers/STM32F1xx_HAL_Driver/Src/stm32f1xx_hal_iwdg.o
                0x080025cc                HAL_IWDG_Init
 .text.HAL_PCD_Init
                0x08002668      0x408 Drivers/STM32F1xx_HAL_Driver/Src/stm32f1xx_hal_pcd.o
                0x08002668                HAL_PCD_Init
 .text.HAL_PCD_Start
                0x08002a70       0x30 Drivers/STM32F1xx_HAL_Driver/Src/stm32f1xx_hal_pcd.o
                0x08002a70                HAL_PCD_Start
 .text.HAL_PCD_Stop
                0x08002aa0       0x30 Drivers/STM32F1xx_HAL_Driver/Src/stm32f1xx_hal_pcd.o
                0x08002aa0                HAL_PCD_Stop
 .text.HAL_PCD_IRQHandler
                0x08002ad0      0x5cc Drivers/STM32F1xx_HAL_Driver/Src/stm32f1xx_hal_pcd.o
                0x08002ad0                HAL_PCD_IRQHandler
 .text.HAL_PCD_SetAddress
                0x0800309c       0x28 Drivers/STM32F1xx_HAL_Driver/Src/stm32f1xx_hal_pcd.o
                0x0800309c                HAL_PCD_SetAddress
 .text.HAL_PCD_EP_Open
                0x080030c4       0x4c Drivers/STM32F1xx_HAL_Driver/Src/stm32f1xx_hal_pcd.o
                0x080030c4                HAL_PCD_EP_Open
 .text.HAL_PCD_EP_Receive
                0x08003110       0x48 Drivers/STM32F1xx_HAL_Driver/Src/stm32f1xx_hal_pcd.o
                0x08003110                HAL_PCD_EP_Receive
 .text.HAL_PCD_EP_Transmit
                0x08003158       0x40 Drivers/STM32F1xx_HAL_Driver/Src/stm32f1xx_hal_pcd.o
                0x08003158                HAL_PCD_EP_Transmit
 .text.HAL_PCD_EP_SetStall
                0x08003198       0x58 Drivers/STM32F1xx_HAL_Driver/Src/stm32f1xx_hal_pcd.o
                0x08003198                HAL_PCD_EP_SetStall
 .text.HAL_PCD_EP_ClrStall
                0x080031f0       0x4c Drivers/STM32F1xx_HAL_Driver/Src/stm32f1xx_hal_pcd.o
                0x080031f0                HAL_PCD_EP_ClrStall
 .text.HAL_PCDEx_PMAConfig
                0x0800323c       0x34 Drivers/STM32F1xx_HAL_Driver/Src/stm32f1xx_hal_pcd_ex.o
                0x0800323c                HAL_PCDEx_PMAConfig
 .text.HAL_RCC_OscConfig
                0x08003270      0x66c Drivers/STM32F1xx_HAL_Driver/Src/stm32f1xx_hal_rcc.o
                0x08003270                HAL_RCC_OscConfig
 .text.HAL_RCC_ClockConfig
                0x080038dc      0x2c0 Drivers/STM32F1xx_HAL_Driver/Src/stm32f1xx_hal_rcc.o
                0x080038dc                HAL_RCC_ClockConfig
 .text.HAL_RCC_GetHCLKFreq
                0x08003b9c        0xc Drivers/STM32F1xx_HAL_Driver/Src/stm32f1xx_hal_rcc.o
                0x08003b9c                HAL_RCC_GetHCLKFreq
 .text.HAL_RCC_GetPCLK1Freq
                0x08003ba8       0x30 Drivers/STM32F1xx_HAL_Driver/Src/stm32f1xx_hal_rcc.o
                0x08003ba8                HAL_RCC_GetPCLK1Freq
 .text.HAL_RCC_GetPCLK2Freq
                0x08003bd8       0x30 Drivers/STM32F1xx_HAL_Driver/Src/stm32f1xx_hal_rcc.o
                0x08003bd8                HAL_RCC_GetPCLK2Freq
 .text.HAL_RCCEx_PeriphCLKConfig
                0x08003c08      0x168 Drivers/STM32F1xx_HAL_Driver/Src/stm32f1xx_hal_rcc_ex.o
                0x08003c08                HAL_RCCEx_PeriphCLKConfig
 .text.TIM_OC1_SetConfig
                0x08003d70       0xa4 Drivers/STM32F1xx_HAL_Driver/Src/stm32f1xx_hal_tim.o
 .text.TIM_OC3_SetConfig
                0x08003e14       0xa4 Drivers/STM32F1xx_HAL_Driver/Src/stm32f1xx_hal_tim.o
 .text.HAL_TIM_Base_Init
                0x08003eb8      0x108 Drivers/STM32F1xx_HAL_Driver/Src/stm32f1xx_hal_tim.o
                0x08003eb8                HAL_TIM_Base_Init
 .text.HAL_TIM_PWM_Init
                0x08003fc0      0x10c Drivers/STM32F1xx_HAL_Driver/Src/stm32f1xx_hal_tim.o
                0x08003fc0                HAL_TIM_PWM_Init
 .text.HAL_TIM_ConfigClockSource
                0x080040cc      0x494 Drivers/STM32F1xx_HAL_Driver/Src/stm32f1xx_hal_tim.o
                0x080040cc                HAL_TIM_ConfigClockSource
 .text.TIM_OC2_SetConfig
                0x08004560       0xa4 Drivers/STM32F1xx_HAL_Driver/Src/stm32f1xx_hal_tim.o
                0x08004560                TIM_OC2_SetConfig
 .text.HAL_TIM_PWM_ConfigChannel
                0x08004604      0x238 Drivers/STM32F1xx_HAL_Driver/Src/stm32f1xx_hal_tim.o
                0x08004604                HAL_TIM_PWM_ConfigChannel
 .text.HAL_TIMEx_MasterConfigSynchronization
                0x0800483c       0xa8 Drivers/STM32F1xx_HAL_Driver/Src/stm32f1xx_hal_tim_ex.o
                0x0800483c                HAL_TIMEx_MasterConfigSynchronization
 .text.UART_SetConfig
                0x080048e4      0x20c Drivers/STM32F1xx_HAL_Driver/Src/stm32f1xx_hal_uart.o
 .text.HAL_UART_Init
                0x08004af0       0xfc Drivers/STM32F1xx_HAL_Driver/Src/stm32f1xx_hal_uart.o
                0x08004af0                HAL_UART_Init
 .text.USB_CoreInit
                0x08004bec       0x10 Drivers/STM32F1xx_HAL_Driver/Src/stm32f1xx_ll_usb.o
                0x08004bec                USB_CoreInit
 .text.USB_EnableGlobalInt
                0x08004bfc       0x14 Drivers/STM32F1xx_HAL_Driver/Src/stm32f1xx_ll_usb.o
                0x08004bfc                USB_EnableGlobalInt
 .text.USB_DisableGlobalInt
                0x08004c10       0x14 Drivers/STM32F1xx_HAL_Driver/Src/stm32f1xx_ll_usb.o
                0x08004c10                USB_DisableGlobalInt
 .text.USB_SetCurrentMode
                0x08004c24        0x4 Drivers/STM32F1xx_HAL_Driver/Src/stm32f1xx_ll_usb.o
                0x08004c24                USB_SetCurrentMode
 .text.USB_DevInit
                0x08004c28       0x28 Drivers/STM32F1xx_HAL_Driver/Src/stm32f1xx_ll_usb.o
                0x08004c28                USB_DevInit
 .text.USB_ActivateEndpoint
                0x08004c50      0x34c Drivers/STM32F1xx_HAL_Driver/Src/stm32f1xx_ll_usb.o
                0x08004c50                USB_ActivateEndpoint
 .text.USB_EPStartXfer
                0x08004f9c      0x268 Drivers/STM32F1xx_HAL_Driver/Src/stm32f1xx_ll_usb.o
                0x08004f9c                USB_EPStartXfer
 .text.USB_EPSetStall
                0x08005204       0x74 Drivers/STM32F1xx_HAL_Driver/Src/stm32f1xx_ll_usb.o
                0x08005204                USB_EPSetStall
 .text.USB_EPClearStall
                0x08005278       0xa0 Drivers/STM32F1xx_HAL_Driver/Src/stm32f1xx_ll_usb.o
                0x08005278                USB_EPClearStall
 .text.USB_StopDevice
                0x08005318       0x18 Drivers/STM32F1xx_HAL_Driver/Src/stm32f1xx_ll_usb.o
                0x08005318                USB_StopDevice
 .text.USB_SetDevAddress
                0x08005330        0xc Drivers/STM32F1xx_HAL_Driver/Src/stm32f1xx_ll_usb.o
                0x08005330                USB_SetDevAddress
 .text.USB_DevConnect
                0x0800533c        0x4 Drivers/STM32F1xx_HAL_Driver/Src/stm32f1xx_ll_usb.o
                0x0800533c                USB_DevConnect
 .text.USB_DevDisconnect
                0x08005340        0x4 Drivers/STM32F1xx_HAL_Driver/Src/stm32f1xx_ll_usb.o
                0x08005340                USB_DevDisconnect
 .text.USB_ReadInterrupts
                0x08005344        0x8 Drivers/STM32F1xx_HAL_Driver/Src/stm32f1xx_ll_usb.o
                0x08005344                USB_ReadInterrupts
 .text.USB_EP0_OutStart
                0x0800534c        0x4 Drivers/STM32F1xx_HAL_Driver/Src/stm32f1xx_ll_usb.o
                0x0800534c                USB_EP0_OutStart
 .text.USB_WritePMA
                0x08005350       0x24 Drivers/STM32F1xx_HAL_Driver/Src/stm32f1xx_ll_usb.o
                0x08005350                USB_WritePMA
 .text.USB_ReadPMA
                0x08005374       0x1c Drivers/STM32F1xx_HAL_Driver/Src/stm32f1xx_ll_usb.o
                0x08005374                USB_ReadPMA
 .text.USBD_DFU_GetCfgDesc
                0x08005390        0xc Middlewares/ST/STM32_USB_Device_Library/Class/DFU/Src/usbd_dfu.o
 .text.USBD_DFU_SOF
                0x0800539c        0x4 Middlewares/ST/STM32_USB_Device_Library/Class/DFU/Src/usbd_dfu.o
 .text.USBD_DFU_DataOut
                0x080053a0        0x4 Middlewares/ST/STM32_USB_Device_Library/Class/DFU/Src/usbd_dfu.o
 .text.USBD_DFU_GetDeviceQualifierDesc
                0x080053a4        0xc Middlewares/ST/STM32_USB_Device_Library/Class/DFU/Src/usbd_dfu.o
 .text.USBD_DFU_GetUsrStringDesc
                0x080053b0       0x20 Middlewares/ST/STM32_USB_Device_Library/Class/DFU/Src/usbd_dfu.o
 .text.USBD_DFU_EP0_TxReady
                0x080053d0      0x16c Middlewares/ST/STM32_USB_Device_Library/Class/DFU/Src/usbd_dfu.o
 .text.USBD_DFU_DeInit
                0x0800553c       0x40 Middlewares/ST/STM32_USB_Device_Library/Class/DFU/Src/usbd_dfu.o
 .text.USBD_DFU_Init
                0x0800557c       0x5c Middlewares/ST/STM32_USB_Device_Library/Class/DFU/Src/usbd_dfu.o
 .text.USBD_DFU_Setup
                0x080055d8      0x3c4 Middlewares/ST/STM32_USB_Device_Library/Class/DFU/Src/usbd_dfu.o
 .text.USBD_DFU_IsoOutIncomplete
                0x0800599c        0x4 Middlewares/ST/STM32_USB_Device_Library/Class/DFU/Src/usbd_dfu.o
 .text.USBD_DFU_DataIn
                0x080059a0        0x4 Middlewares/ST/STM32_USB_Device_Library/Class/DFU/Src/usbd_dfu.o
 .text.USBD_DFU_IsoINIncomplete
                0x080059a4        0x4 Middlewares/ST/STM32_USB_Device_Library/Class/DFU/Src/usbd_dfu.o
 .text.USBD_DFU_EP0_RxReady
                0x080059a8        0x4 Middlewares/ST/STM32_USB_Device_Library/Class/DFU/Src/usbd_dfu.o
 .text.USBD_DFU_RegisterMedia
                0x080059ac        0xc Middlewares/ST/STM32_USB_Device_Library/Class/DFU/Src/usbd_dfu.o
                0x080059ac                USBD_DFU_RegisterMedia
 .text.USBD_Init
                0x080059b8       0x2c Middlewares/ST/STM32_USB_Device_Library/Core/Src/usbd_core.o
                0x080059b8                USBD_Init
 .text.USBD_RegisterClass
                0x080059e4       0x10 Middlewares/ST/STM32_USB_Device_Library/Core/Src/usbd_core.o
                0x080059e4                USBD_RegisterClass
 .text.USBD_Start
                0x080059f4        0xc Middlewares/ST/STM32_USB_Device_Library/Core/Src/usbd_core.o
                0x080059f4                USBD_Start
 .text.USBD_Stop
                0x08005a00       0x18 Middlewares/ST/STM32_USB_Device_Library/Core/Src/usbd_core.o
                0x08005a00                USBD_Stop
 .text.USBD_SetClassConfig
                0x08005a18       0x14 Middlewares/ST/STM32_USB_Device_Library/Core/Src/usbd_core.o
                0x08005a18                USBD_SetClassConfig
 .text.USBD_ClrClassConfig
                0x08005a2c       0x10 Middlewares/ST/STM32_USB_Device_Library/Core/Src/usbd_core.o
                0x08005a2c                USBD_ClrClassConfig
 .text.USBD_LL_SetupStage
                0x08005a3c       0x60 Middlewares/ST/STM32_USB_Device_Library/Core/Src/usbd_core.o
                0x08005a3c                USBD_LL_SetupStage
 .text.USBD_LL_DataOutStage
                0x08005a9c       0x6c Middlewares/ST/STM32_USB_Device_Library/Core/Src/usbd_core.o
                0x08005a9c                USBD_LL_DataOutStage
 .text.USBD_LL_DataInStage
                0x08005b08       0xa4 Middlewares/ST/STM32_USB_Device_Library/Core/Src/usbd_core.o
                0x08005b08                USBD_LL_DataInStage
 .text.USBD_LL_Reset
                0x08005bac       0x40 Middlewares/ST/STM32_USB_Device_Library/Core/Src/usbd_core.o
                0x08005bac                USBD_LL_Reset
 .text.USBD_LL_SetSpeed
                0x08005bec        0x8 Middlewares/ST/STM32_USB_Device_Library/Core/Src/usbd_core.o
                0x08005bec                USBD_LL_SetSpeed
 .text.USBD_LL_Suspend
                0x08005bf4       0x14 Middlewares/ST/STM32_USB_Device_Library/Core/Src/usbd_core.o
                0x08005bf4                USBD_LL_Suspend
 .text.USBD_LL_Resume
                0x08005c08       0x10 Middlewares/ST/STM32_USB_Device_Library/Core/Src/usbd_core.o
                0x08005c08                USBD_LL_Resume
 .text.USBD_LL_SOF
                0x08005c18       0x1c Middlewares/ST/STM32_USB_Device_Library/Core/Src/usbd_core.o
                0x08005c18                USBD_LL_SOF
 .text.USBD_StdDevReq
                0x08005c34      0x2ac Middlewares/ST/STM32_USB_Device_Library/Core/Src/usbd_ctlreq.o
                0x08005c34                USBD_StdDevReq
 .text.USBD_StdItfReq
                0x08005ee0       0x3c Middlewares/ST/STM32_USB_Device_Library/Core/Src/usbd_ctlreq.o
                0x08005ee0                USBD_StdItfReq
 .text.USBD_StdEPReq
                0x08005f1c       0xd0 Middlewares/ST/STM32_USB_Device_Library/Core/Src/usbd_ctlreq.o
                0x08005f1c                USBD_StdEPReq
 .text.USBD_ParseSetupRequest
                0x08005fec       0x28 Middlewares/ST/STM32_USB_Device_Library/Core/Src/usbd_ctlreq.o
                0x08005fec                USBD_ParseSetupRequest
 .text.USBD_CtlError
                0x08006014       0x18 Middlewares/ST/STM32_USB_Device_Library/Core/Src/usbd_ctlreq.o
                0x08006014                USBD_CtlError
 .text.USBD_GetString
                0x0800602c       0x4c Middlewares/ST/STM32_USB_Device_Library/Core/Src/usbd_ctlreq.o
                0x0800602c                USBD_GetString
 .text.USBD_CtlSendData
                0x08006078       0x1c Middlewares/ST/STM32_USB_Device_Library/Core/Src/usbd_ioreq.o
                0x08006078                USBD_CtlSendData
 .text.USBD_CtlContinueSendData
                0x08006094       0x10 Middlewares/ST/STM32_USB_Device_Library/Core/Src/usbd_ioreq.o
                0x08006094                USBD_CtlContinueSendData
 .text.USBD_CtlPrepareRx
                0x080060a4       0x20 Middlewares/ST/STM32_USB_Device_Library/Core/Src/usbd_ioreq.o
                0x080060a4                USBD_CtlPrepareRx
 .text.USBD_CtlContinueRx
                0x080060c4       0x10 Middlewares/ST/STM32_USB_Device_Library/Core/Src/usbd_ioreq.o
                0x080060c4                USBD_CtlContinueRx
 .text.USBD_CtlSendStatus
                0x080060d4       0x18 Middlewares/ST/STM32_USB_Device_Library/Core/Src/usbd_ioreq.o
                0x080060d4                USBD_CtlSendStatus
 .text.USBD_CtlReceiveStatus
                0x080060ec       0x18 Middlewares/ST/STM32_USB_Device_Library/Core/Src/usbd_ioreq.o
                0x080060ec                USBD_CtlReceiveStatus
 .text.osKernelStart
                0x08006104        0xc Middlewares/Third_Party/FreeRTOS/Source/CMSIS_RTOS/cmsis_os.o
                0x08006104                osKernelStart
 .text.osThreadCreate
                0x08006110       0x38 Middlewares/Third_Party/FreeRTOS/Source/CMSIS_RTOS/cmsis_os.o
                0x08006110                osThreadCreate
 .text.osDelay  0x08006148       0x10 Middlewares/Third_Party/FreeRTOS/Source/CMSIS_RTOS/cmsis_os.o
                0x08006148                osDelay
 .text.osTimerCreate
                0x08006158       0x28 Middlewares/Third_Party/FreeRTOS/Source/CMSIS_RTOS/cmsis_os.o
                0x08006158                osTimerCreate
 .text.osMutexCreate
                0x08006180        0x8 Middlewares/Third_Party/FreeRTOS/Source/CMSIS_RTOS/cmsis_os.o
                0x08006180                osMutexCreate
 .text.osSemaphoreCreate
                0x08006188       0x28 Middlewares/Third_Party/FreeRTOS/Source/CMSIS_RTOS/cmsis_os.o
                0x08006188                osSemaphoreCreate
 .text.osSystickHandler
                0x080061b0       0x14 Middlewares/Third_Party/FreeRTOS/Source/CMSIS_RTOS/cmsis_os.o
                0x080061b0                osSystickHandler
 .text.vListInitialise
                0x080061c4       0x18 Middlewares/Third_Party/FreeRTOS/Source/list.o
                0x080061c4                vListInitialise
 .text.vListInitialiseItem
                0x080061dc        0x8 Middlewares/Third_Party/FreeRTOS/Source/list.o
                0x080061dc                vListInitialiseItem
 .text.vListInsertEnd
                0x080061e4       0x1c Middlewares/Third_Party/FreeRTOS/Source/list.o
                0x080061e4                vListInsertEnd
 .text.vListInsert
                0x08006200       0x34 Middlewares/Third_Party/FreeRTOS/Source/list.o
                0x08006200                vListInsert
 .text.uxListRemove
                0x08006234       0x28 Middlewares/Third_Party/FreeRTOS/Source/list.o
                0x08006234                uxListRemove
 .text.unlikely.prvCopyDataFromQueue
                0x0800625c       0x24 Middlewares/Third_Party/FreeRTOS/Source/queue.o
 .text.prvUnlockQueue
                0x08006280       0x84 Middlewares/Third_Party/FreeRTOS/Source/queue.o
 .text.xQueueGenericCreate
                0x08006304       0x80 Middlewares/Third_Party/FreeRTOS/Source/queue.o
                0x08006304                xQueueGenericCreate
 .text.xQueueGenericSend
                0x08006384      0x2cc Middlewares/Third_Party/FreeRTOS/Source/queue.o
                0x08006384                xQueueGenericSend
 .text.xQueueCreateMutex
                0x08006650       0x4c Middlewares/Third_Party/FreeRTOS/Source/queue.o
                0x08006650                xQueueCreateMutex
 .text.xQueueGenericSendFromISR
                0x0800669c      0x138 Middlewares/Third_Party/FreeRTOS/Source/queue.o
                0x0800669c                xQueueGenericSendFromISR
 .text.xQueueGiveFromISR
                0x080067d4       0x84 Middlewares/Third_Party/FreeRTOS/Source/queue.o
                0x080067d4                xQueueGiveFromISR
 .text.xQueueGenericReceive
                0x08006858      0x264 Middlewares/Third_Party/FreeRTOS/Source/queue.o
                0x08006858                xQueueGenericReceive
 .text.vQueueAddToRegistry
                0x08006abc       0x54 Middlewares/Third_Party/FreeRTOS/Source/queue.o
                0x08006abc                vQueueAddToRegistry
 .text.vQueueWaitForMessageRestricted
                0x08006b10       0xb4 Middlewares/Third_Party/FreeRTOS/Source/queue.o
                0x08006b10                vQueueWaitForMessageRestricted
 .text.xTaskGenericCreate
                0x08006bc4      0x1a8 Middlewares/Third_Party/FreeRTOS/Source/tasks.o
                0x08006bc4                xTaskGenericCreate
 .text.vTaskStartScheduler
                0x08006d6c      0x18c Middlewares/Third_Party/FreeRTOS/Source/tasks.o
                0x08006d6c                vTaskStartScheduler
 .text.vTaskSuspendAll
                0x08006ef8       0x14 Middlewares/Third_Party/FreeRTOS/Source/tasks.o
                0x08006ef8                vTaskSuspendAll
 .text.xTaskGetTickCount
                0x08006f0c        0xc Middlewares/Third_Party/FreeRTOS/Source/tasks.o
                0x08006f0c                xTaskGetTickCount
 .text.xTaskIncrementTick
                0x08006f18      0x124 Middlewares/Third_Party/FreeRTOS/Source/tasks.o
                0x08006f18                xTaskIncrementTick
 .text.xTaskResumeAll
                0x0800703c       0xe0 Middlewares/Third_Party/FreeRTOS/Source/tasks.o
                0x0800703c                xTaskResumeAll
 .text.vTaskDelay
                0x0800711c       0x90 Middlewares/Third_Party/FreeRTOS/Source/tasks.o
                0x0800711c                vTaskDelay
 .text.prvIdleTask
                0x080071ac       0x6c Middlewares/Third_Party/FreeRTOS/Source/tasks.o
 .text.vTaskSwitchContext
                0x08007218       0x54 Middlewares/Third_Party/FreeRTOS/Source/tasks.o
                0x08007218                vTaskSwitchContext
 .text.vTaskPlaceOnEventList
                0x0800726c       0x90 Middlewares/Third_Party/FreeRTOS/Source/tasks.o
                0x0800726c                vTaskPlaceOnEventList
 .text.vTaskPlaceOnEventListRestricted
                0x080072fc       0x90 Middlewares/Third_Party/FreeRTOS/Source/tasks.o
                0x080072fc                vTaskPlaceOnEventListRestricted
 .text.xTaskRemoveFromEventList
                0x0800738c       0x70 Middlewares/Third_Party/FreeRTOS/Source/tasks.o
                0x0800738c                xTaskRemoveFromEventList
 .text.vTaskSetTimeOutState
                0x080073fc       0x20 Middlewares/Third_Party/FreeRTOS/Source/tasks.o
                0x080073fc                vTaskSetTimeOutState
 .text.xTaskCheckForTimeOut
                0x0800741c       0x70 Middlewares/Third_Party/FreeRTOS/Source/tasks.o
                0x0800741c                xTaskCheckForTimeOut
 .text.vTaskMissedYield
                0x0800748c       0x10 Middlewares/Third_Party/FreeRTOS/Source/tasks.o
                0x0800748c                vTaskMissedYield
 .text.xTaskGetSchedulerState
                0x0800749c       0x20 Middlewares/Third_Party/FreeRTOS/Source/tasks.o
                0x0800749c                xTaskGetSchedulerState
 .text.vTaskPriorityInherit
                0x080074bc       0xa0 Middlewares/Third_Party/FreeRTOS/Source/tasks.o
                0x080074bc                vTaskPriorityInherit
 .text.xTaskPriorityDisinherit
                0x0800755c       0x94 Middlewares/Third_Party/FreeRTOS/Source/tasks.o
                0x0800755c                xTaskPriorityDisinherit
 .text.pvTaskIncrementMutexHeldCount
                0x080075f0       0x18 Middlewares/Third_Party/FreeRTOS/Source/tasks.o
                0x080075f0                pvTaskIncrementMutexHeldCount
 .text.xTimerCreateTimerTask
                0x08007608       0x84 Middlewares/Third_Party/FreeRTOS/Source/timers.o
                0x08007608                xTimerCreateTimerTask
 .text.xTimerCreate
                0x0800768c       0x90 Middlewares/Third_Party/FreeRTOS/Source/timers.o
                0x0800768c                xTimerCreate
 .text.xTimerGenericCommand
                0x0800771c       0x58 Middlewares/Third_Party/FreeRTOS/Source/timers.o
                0x0800771c                xTimerGenericCommand
 .text.prvTimerTask
                0x08007774      0x2d0 Middlewares/Third_Party/FreeRTOS/Source/timers.o
 .text.prvPortStartFirstTask
                0x08007a44       0x20 Middlewares/Third_Party/FreeRTOS/Source/portable/GCC/ARM_CM3/port.o
 .text.pxPortInitialiseStack
                0x08007a64       0x24 Middlewares/Third_Party/FreeRTOS/Source/portable/GCC/ARM_CM3/port.o
                0x08007a64                pxPortInitialiseStack
 .text.SVC_Handler
                0x08007a88       0x24 Middlewares/Third_Party/FreeRTOS/Source/portable/GCC/ARM_CM3/port.o
                0x08007a88                SVC_Handler
 .text.vPortYield
                0x08007aac       0x18 Middlewares/Third_Party/FreeRTOS/Source/portable/GCC/ARM_CM3/port.o
                0x08007aac                vPortYield
 .text.ulPortSetInterruptMask
                0x08007ac4       0x10 Middlewares/Third_Party/FreeRTOS/Source/portable/GCC/ARM_CM3/port.o
                0x08007ac4                ulPortSetInterruptMask
 .text.prvTaskExitError
                0x08007ad4       0x1c Middlewares/Third_Party/FreeRTOS/Source/portable/GCC/ARM_CM3/port.o
 .text.vPortEnterCritical
                0x08007af0       0x34 Middlewares/Third_Party/FreeRTOS/Source/portable/GCC/ARM_CM3/port.o
                0x08007af0                vPortEnterCritical
 .text.vPortClearInterruptMask
                0x08007b24        0x8 Middlewares/Third_Party/FreeRTOS/Source/portable/GCC/ARM_CM3/port.o
                0x08007b24                vPortClearInterruptMask
 .text.vPortExitCritical
                0x08007b2c       0x24 Middlewares/Third_Party/FreeRTOS/Source/portable/GCC/ARM_CM3/port.o
                0x08007b2c                vPortExitCritical
 .text.PendSV_Handler
                0x08007b50       0x44 Middlewares/Third_Party/FreeRTOS/Source/portable/GCC/ARM_CM3/port.o
                0x08007b50                PendSV_Handler
 .text.xPortSysTickHandler
                0x08007b94       0x24 Middlewares/Third_Party/FreeRTOS/Source/portable/GCC/ARM_CM3/port.o
                0x08007b94                xPortSysTickHandler
 .text.vPortSetupTimerInterrupt
                0x08007bb8       0x2c Middlewares/Third_Party/FreeRTOS/Source/portable/GCC/ARM_CM3/port.o
                0x08007bb8                vPortSetupTimerInterrupt
 .text.xPortStartScheduler
                0x08007be4       0x90 Middlewares/Third_Party/FreeRTOS/Source/portable/GCC/ARM_CM3/port.o
                0x08007be4                xPortStartScheduler
 .text.vPortValidateInterruptPriority
                0x08007c74       0x40 Middlewares/Third_Party/FreeRTOS/Source/portable/GCC/ARM_CM3/port.o
                0x08007c74                vPortValidateInterruptPriority
 .text.pvPortMalloc
                0x08007cb4      0x148 Middlewares/Third_Party/FreeRTOS/Source/portable/MemMang/heap_4.o
                0x08007cb4                pvPortMalloc
 .text.vPortFree
                0x08007dfc       0x90 Middlewares/Third_Party/FreeRTOS/Source/portable/MemMang/heap_4.o
                0x08007dfc                vPortFree
 .text.Compensacion_Sensor_magnetico
                0x08007e8c       0x98 Src/AHRS.o
                0x08007e8c                Compensacion_Sensor_magnetico
 .text.Actualizar_Matriz_DCM_V2
                0x08007f24      0x1cc Src/AHRS.o
                0x08007f24                Actualizar_Matriz_DCM_V2
 .text.Normalizar_DCM
                0x080080f0      0x1f8 Src/AHRS.o
                0x080080f0                Normalizar_DCM
 .text.Correccion_deriva
                0x080082e8      0x104 Src/AHRS.o
                0x080082e8                Correccion_deriva
 *fill*         0x080083ec        0x4 
 .text.Angulos_Euler
                0x080083f0       0x88 Src/AHRS.o
                0x080083f0                Angulos_Euler
 .text.LeerLecturasIMU9DOF
                0x08008478       0x3c Src/ServidoresVariables.o
                0x08008478                LeerLecturasIMU9DOF
 .text.EscribirVariableAHRS_Orientacion_q15
                0x080084b4       0x40 Src/ServidoresVariables.o
                0x080084b4                EscribirVariableAHRS_Orientacion_q15
 .text.LeerRollPitchYaw
                0x080084f4       0x28 Src/ServidoresVariables.o
                0x080084f4                LeerRollPitchYaw
 .text.EscribirOrientacionMagnetica
                0x0800851c       0x28 Src/ServidoresVariables.o
                0x0800851c                EscribirOrientacionMagnetica
 .text.MX_ADC1_Init
                0x08008544       0x54 Src/adc.o
                0x08008544                MX_ADC1_Init
 .text.HAL_ADC_MspInit
                0x08008598       0x40 Src/adc.o
                0x08008598                HAL_ADC_MspInit
 .text.MX_CRC_Init
                0x080085d8       0x24 Src/crc.o
                0x080085d8                MX_CRC_Init
 .text.HAL_CRC_MspInit
                0x080085fc       0x2c Src/crc.o
                0x080085fc                HAL_CRC_MspInit
 .text.MX_DMA_Init
                0x08008628       0x64 Src/dma.o
                0x08008628                MX_DMA_Init
 .text.StartDefaultTask
                0x0800868c       0x10 Src/freertos.o
                0x0800868c                StartDefaultTask
 .text.MX_FREERTOS_Init
                0x0800869c      0x268 Src/freertos.o
                0x0800869c                MX_FREERTOS_Init
 .text.MX_GPIO_Init
                0x08008904       0xcc Src/gpio.o
                0x08008904                MX_GPIO_Init
 .text.MX_I2C2_Init
                0x080089d0       0x58 Src/i2c.o
                0x080089d0                MX_I2C2_Init
 .text.HAL_I2C_MspInit
                0x08008a28       0xcc Src/i2c.o
                0x08008a28                HAL_I2C_MspInit
 .text.HAL_I2C_Master_Receive_DMA_MUTEX
                0x08008af4       0x44 Src/i2c.o
                0x08008af4                HAL_I2C_Master_Receive_DMA_MUTEX
 .text.HAL_I2C_MasterRxCpltCallback
                0x08008b38        0xc Src/i2c.o
                0x08008b38                HAL_I2C_MasterRxCpltCallback
 .text.MX_IWDG_Init
                0x08008b44       0x2c Src/iwdg.o
                0x08008b44                MX_IWDG_Init
 .text.SystemClock_Config
                0x08008b70       0x90 Src/main.o
                0x08008b70                SystemClock_Config
 .text.startup.main
                0x08008c00       0x38 Src/main.o
                0x08008c00                main
 .text.Error_Handler
                0x08008c38        0x4 Src/main.o
                0x08008c38                Error_Handler
 .text.assert_failed
                0x08008c3c        0x4 Src/main.o
                0x08008c3c                assert_failed
 .text.HAL_MspInit
                0x08008c40       0x90 Src/stm32f1xx_hal_msp.o
                0x08008c40                HAL_MspInit
 .text.NMI_Handler
                0x08008cd0        0x4 Src/stm32f1xx_it.o
                0x08008cd0                NMI_Handler
 .text.HardFault_Handler
                0x08008cd4        0x4 Src/stm32f1xx_it.o
                0x08008cd4                HardFault_Handler
 .text.MemManage_Handler
                0x08008cd8        0x4 Src/stm32f1xx_it.o
                0x08008cd8                MemManage_Handler
 .text.BusFault_Handler
                0x08008cdc        0x4 Src/stm32f1xx_it.o
                0x08008cdc                BusFault_Handler
 .text.UsageFault_Handler
                0x08008ce0        0x4 Src/stm32f1xx_it.o
                0x08008ce0                UsageFault_Handler
 .text.DebugMon_Handler
                0x08008ce4        0x4 Src/stm32f1xx_it.o
                0x08008ce4                DebugMon_Handler
 .text.SysTick_Handler
                0x08008ce8       0x10 Src/stm32f1xx_it.o
                0x08008ce8                SysTick_Handler
 .text.DMA1_Channel4_IRQHandler
                0x08008cf8        0xc Src/stm32f1xx_it.o
                0x08008cf8                DMA1_Channel4_IRQHandler
 .text.DMA1_Channel5_IRQHandler
                0x08008d04        0xc Src/stm32f1xx_it.o
                0x08008d04                DMA1_Channel5_IRQHandler
 .text.DMA1_Channel6_IRQHandler
                0x08008d10        0xc Src/stm32f1xx_it.o
                0x08008d10                DMA1_Channel6_IRQHandler
 .text.DMA1_Channel7_IRQHandler
                0x08008d1c        0xc Src/stm32f1xx_it.o
                0x08008d1c                DMA1_Channel7_IRQHandler
 .text.USB_LP_CAN1_RX0_IRQHandler
                0x08008d28        0xc Src/stm32f1xx_it.o
                0x08008d28                USB_LP_CAN1_RX0_IRQHandler
 .text.I2C2_ER_IRQHandler
                0x08008d34        0xc Src/stm32f1xx_it.o
                0x08008d34                I2C2_ER_IRQHandler
 .text.MX_TIM3_Init
                0x08008d40      0x118 Src/tim.o
                0x08008d40                MX_TIM3_Init
 .text.MX_TIM4_Init
                0x08008e58       0xf0 Src/tim.o
                0x08008e58                MX_TIM4_Init
 .text.HAL_TIM_Base_MspInit
                0x08008f48       0x2c Src/tim.o
                0x08008f48                HAL_TIM_Base_MspInit
 .text.HAL_TIM_PWM_MspInit
                0x08008f74       0x2c Src/tim.o
                0x08008f74                HAL_TIM_PWM_MspInit
 .text.MX_USART2_UART_Init
                0x08008fa0       0x38 Src/usart.o
                0x08008fa0                MX_USART2_UART_Init
 .text.HAL_UART_MspInit
                0x08008fd8       0xc0 Src/usart.o
                0x08008fd8                HAL_UART_MspInit
 .text.MX_USB_DEVICE_Init
                0x08009098       0x38 Src/usb_device.o
                0x08009098                MX_USB_DEVICE_Init
 .text.HAL_PCD_MspInit
                0x080090d0       0x40 Src/usbd_conf.o
                0x080090d0                HAL_PCD_MspInit
 .text.HAL_PCD_SetupStageCallback
                0x08009110        0xc Src/usbd_conf.o
                0x08009110                HAL_PCD_SetupStageCallback
 .text.HAL_PCD_DataOutStageCallback
                0x0800911c       0x10 Src/usbd_conf.o
                0x0800911c                HAL_PCD_DataOutStageCallback
 .text.HAL_PCD_DataInStageCallback
                0x0800912c       0x10 Src/usbd_conf.o
                0x0800912c                HAL_PCD_DataInStageCallback
 .text.HAL_PCD_SOFCallback
                0x0800913c        0x8 Src/usbd_conf.o
                0x0800913c                HAL_PCD_SOFCallback
 .text.HAL_PCD_ResetCallback
                0x08009144       0x1c Src/usbd_conf.o
                0x08009144                HAL_PCD_ResetCallback
 .text.HAL_PCD_SuspendCallback
                0x08009160       0x20 Src/usbd_conf.o
                0x08009160                HAL_PCD_SuspendCallback
 .text.HAL_PCD_ResumeCallback
                0x08009180        0x8 Src/usbd_conf.o
                0x08009180                HAL_PCD_ResumeCallback
 .text.USBD_LL_Init
                0x08009188       0x5c Src/usbd_conf.o
                0x08009188                USBD_LL_Init
 .text.USBD_LL_Start
                0x080091e4       0x10 Src/usbd_conf.o
                0x080091e4                USBD_LL_Start
 .text.USBD_LL_Stop
                0x080091f4       0x10 Src/usbd_conf.o
                0x080091f4                USBD_LL_Stop
 .text.USBD_LL_OpenEP
                0x08009204       0x14 Src/usbd_conf.o
                0x08009204                USBD_LL_OpenEP
 .text.USBD_LL_StallEP
                0x08009218       0x10 Src/usbd_conf.o
                0x08009218                USBD_LL_StallEP
 .text.USBD_LL_ClearStallEP
                0x08009228       0x10 Src/usbd_conf.o
                0x08009228                USBD_LL_ClearStallEP
 .text.USBD_LL_IsStallEP
                0x08009238       0x20 Src/usbd_conf.o
                0x08009238                USBD_LL_IsStallEP
 .text.USBD_LL_SetUSBAddress
                0x08009258       0x10 Src/usbd_conf.o
                0x08009258                USBD_LL_SetUSBAddress
 .text.USBD_LL_Transmit
                0x08009268       0x10 Src/usbd_conf.o
                0x08009268                USBD_LL_Transmit
 .text.USBD_LL_PrepareReceive
                0x08009278       0x10 Src/usbd_conf.o
                0x08009278                USBD_LL_PrepareReceive
 .text.USBD_static_malloc
                0x08009288        0x8 Src/usbd_conf.o
                0x08009288                USBD_static_malloc
 .text.USBD_static_free
                0x08009290        0x4 Src/usbd_conf.o
                0x08009290                USBD_static_free
 .text.HAL_PCDEx_SetConnectionState
                0x08009294        0x4 Src/usbd_conf.o
                0x08009294                HAL_PCDEx_SetConnectionState
 .text.USBD_FS_DeviceDescriptor
                0x08009298        0xc Src/usbd_desc.o
                0x08009298                USBD_FS_DeviceDescriptor
 .text.USBD_FS_LangIDStrDescriptor
                0x080092a4        0xc Src/usbd_desc.o
                0x080092a4                USBD_FS_LangIDStrDescriptor
 .text.USBD_FS_ManufacturerStrDescriptor
                0x080092b0       0x1c Src/usbd_desc.o
                0x080092b0                USBD_FS_ManufacturerStrDescriptor
 .text.USBD_FS_ProductStrDescriptor
                0x080092cc       0x1c Src/usbd_desc.o
                0x080092cc                USBD_FS_ProductStrDescriptor
 .text.USBD_FS_SerialStrDescriptor
                0x080092e8       0x1c Src/usbd_desc.o
                0x080092e8                USBD_FS_SerialStrDescriptor
 .text.USBD_FS_ConfigStrDescriptor
                0x08009304       0x1c Src/usbd_desc.o
                0x08009304                USBD_FS_ConfigStrDescriptor
 .text.USBD_FS_InterfaceStrDescriptor
                0x08009320       0x1c Src/usbd_desc.o
                0x08009320                USBD_FS_InterfaceStrDescriptor
 .text.MEM_If_DeInit_FS
                0x0800933c        0x4 Src/usbd_dfu_if.o
 .text.MEM_If_Erase_FS
                0x08009340        0x4 Src/usbd_dfu_if.o
 .text.MEM_If_Write_FS
                0x08009344        0x4 Src/usbd_dfu_if.o
 .text.MEM_If_Read_FS
                0x08009348        0x4 Src/usbd_dfu_if.o
 .text.MEM_If_GetStatus_FS
                0x0800934c        0x4 Src/usbd_dfu_if.o
 .text.MEM_If_Init_FS
                0x08009350        0x4 Src/usbd_dfu_if.o
 .text.arm_add_q15
                0x08009354       0xac Src/DSP/arm_add_q15.o
                0x08009354                arm_add_q15
 .text.arm_copy_q15
                0x08009400       0x4c Src/DSP/arm_copy_q15.o
                0x08009400                arm_copy_q15
 .text.arm_dot_prod_q15
                0x0800944c       0xb0 Src/DSP/arm_dot_prod_q15.o
                0x0800944c                arm_dot_prod_q15
 .text.arm_mat_mult_q15
                0x080094fc      0x1f4 Src/DSP/arm_mat_mult_q15.o
                0x080094fc                arm_mat_mult_q15
 .text.arm_scale_q15
                0x080096f0       0xb4 Src/DSP/arm_scale_q15.o
                0x080096f0                arm_scale_q15
 .text.arm_sin_cos_q31
                0x080097a4      0x260 Src/DSP/arm_sin_cos_q31.o
                0x080097a4                arm_sin_cos_q31
 .text.arm_sqrt_q31
                0x08009a04       0xfc Src/DSP/arm_sqrt_q31.o
                0x08009a04                arm_sqrt_q31
 .text.AHRS_TASK_FCN
                0x08009b00       0xa0 Src/FuncionesRTOS/TASK_AHRS.o
                0x08009b00                AHRS_TASK_FCN
 .text.AHRS_TIMER_FCN
                0x08009ba0       0x14 Src/FuncionesRTOS/TASK_AHRS.o
                0x08009ba0                AHRS_TIMER_FCN
 .text.ALTURA_TASK_FCN
                0x08009bb4        0x4 Src/FuncionesRTOS/TASK_ALTURA.o
                0x08009bb4                ALTURA_TASK_FCN
 .text.ALTURA_TIMER_FCN
                0x08009bb8        0x4 Src/FuncionesRTOS/TASK_ALTURA.o
                0x08009bb8                ALTURA_TIMER_FCN
 .text.COMPASS_TASK_FCN
                0x08009bbc        0x4 Src/FuncionesRTOS/TASK_COMPASS.o
                0x08009bbc                COMPASS_TASK_FCN
 .text.COMPASS_TIMER_FCN
                0x08009bc0        0x4 Src/FuncionesRTOS/TASK_COMPASS.o
                0x08009bc0                COMPASS_TIMER_FCN
 .text.CONTROL_TASK_FCN
                0x08009bc4       0x34 Src/FuncionesRTOS/TASK_CONTROL.o
                0x08009bc4                CONTROL_TASK_FCN
 .text.CONTROL_TIMER_FCN
                0x08009bf8       0x14 Src/FuncionesRTOS/TASK_CONTROL.o
                0x08009bf8                CONTROL_TIMER_FCN
 .text.COORDINADOR_TASK_FCN
                0x08009c0c        0x4 Src/FuncionesRTOS/TASK_COORDINADOR.o
                0x08009c0c                COORDINADOR_TASK_FCN
 .text.COORDINADOR_TIMER_FCN
                0x08009c10        0x4 Src/FuncionesRTOS/TASK_COORDINADOR.o
                0x08009c10                COORDINADOR_TIMER_FCN
 .text.IMU_TASK_FCN
                0x08009c14       0x30 Src/FuncionesRTOS/TASK_IMU.o
                0x08009c14                IMU_TASK_FCN
 .text.IMU_TIMER_FCN
                0x08009c44       0x14 Src/FuncionesRTOS/TASK_IMU.o
                0x08009c44                IMU_TIMER_FCN
 .text.__libc_init_array
                0x08009c58       0x4c c:/ac6/systemworkbench/plugins/fr.ac6.mcu.externaltools.arm-none.win32_1.7.0.201602121829/tools/compiler/bin/../lib/gcc/arm-none-eabi/5.2.1/../../../../arm-none-eabi/lib/armv7-m\libc_nano.a(lib_a-init.o)
                0x08009c58                __libc_init_array
 .text.memcpy   0x08009ca4       0x16 c:/ac6/systemworkbench/plugins/fr.ac6.mcu.externaltools.arm-none.win32_1.7.0.201602121829/tools/compiler/bin/../lib/gcc/arm-none-eabi/5.2.1/../../../../arm-none-eabi/lib/armv7-m\libc_nano.a(lib_a-memcpy-stub.o)
                0x08009ca4                memcpy
 .text.memset   0x08009cba       0x10 c:/ac6/systemworkbench/plugins/fr.ac6.mcu.externaltools.arm-none.win32_1.7.0.201602121829/tools/compiler/bin/../lib/gcc/arm-none-eabi/5.2.1/../../../../arm-none-eabi/lib/armv7-m\libc_nano.a(lib_a-memset.o)
                0x08009cba                memset
 *fill*         0x08009cca        0x2 
 .text.atan2    0x08009ccc        0x4 c:/ac6/systemworkbench/plugins/fr.ac6.mcu.externaltools.arm-none.win32_1.7.0.201602121829/tools/compiler/bin/../lib/gcc/arm-none-eabi/5.2.1/../../../../arm-none-eabi/lib/armv7-m\libm.a(lib_a-w_atan2.o)
                0x08009ccc                atan2
 .text.__ieee754_atan2
                0x08009cd0      0x194 c:/ac6/systemworkbench/plugins/fr.ac6.mcu.externaltools.arm-none.win32_1.7.0.201602121829/tools/compiler/bin/../lib/gcc/arm-none-eabi/5.2.1/../../../../arm-none-eabi/lib/armv7-m\libm.a(lib_a-e_atan2.o)
                0x08009cd0                __ieee754_atan2
 *fill*         0x08009e64        0x4 
 .text.atan     0x08009e68      0x33c c:/ac6/systemworkbench/plugins/fr.ac6.mcu.externaltools.arm-none.win32_1.7.0.201602121829/tools/compiler/bin/../lib/gcc/arm-none-eabi/5.2.1/../../../../arm-none-eabi/lib/armv7-m\libm.a(lib_a-s_atan.o)
                0x08009e68                atan
 .text.fabs     0x0800a1a4        0x8 c:/ac6/systemworkbench/plugins/fr.ac6.mcu.externaltools.arm-none.win32_1.7.0.201602121829/tools/compiler/bin/../lib/gcc/arm-none-eabi/5.2.1/../../../../arm-none-eabi/lib/armv7-m\libm.a(lib_a-s_fabs.o)
                0x0800a1a4                fabs
 *(.glue_7)
 .glue_7        0x0800a1ac        0x0 linker stubs
 *(.glue_7t)
 .glue_7t       0x0800a1ac        0x0 linker stubs
 *(.eh_frame)
 .eh_frame      0x0800a1ac        0x0 c:/ac6/systemworkbench/plugins/fr.ac6.mcu.externaltools.arm-none.win32_1.7.0.201602121829/tools/compiler/bin/../lib/gcc/arm-none-eabi/5.2.1/armv7-m/crtbegin.o
 *(.init)
 .init          0x0800a1ac        0x4 c:/ac6/systemworkbench/plugins/fr.ac6.mcu.externaltools.arm-none.win32_1.7.0.201602121829/tools/compiler/bin/../lib/gcc/arm-none-eabi/5.2.1/armv7-m/crti.o
                0x0800a1ac                _init
 .init          0x0800a1b0        0x8 c:/ac6/systemworkbench/plugins/fr.ac6.mcu.externaltools.arm-none.win32_1.7.0.201602121829/tools/compiler/bin/../lib/gcc/arm-none-eabi/5.2.1/armv7-m/crtn.o
 *(.fini)
 .fini          0x0800a1b8        0x4 c:/ac6/systemworkbench/plugins/fr.ac6.mcu.externaltools.arm-none.win32_1.7.0.201602121829/tools/compiler/bin/../lib/gcc/arm-none-eabi/5.2.1/armv7-m/crti.o
                0x0800a1b8                _fini
 .fini          0x0800a1bc        0x8 c:/ac6/systemworkbench/plugins/fr.ac6.mcu.externaltools.arm-none.win32_1.7.0.201602121829/tools/compiler/bin/../lib/gcc/arm-none-eabi/5.2.1/armv7-m/crtn.o
                0x0800a1c4                . = ALIGN (0x4)
                0x0800a1c4                _etext = .

.vfp11_veneer   0x0800a1c4        0x0
 .vfp11_veneer  0x0800a1c4        0x0 linker stubs

.v4_bx          0x0800a1c4        0x0
 .v4_bx         0x0800a1c4        0x0 linker stubs

.iplt           0x0800a1c4        0x0
 .iplt          0x0800a1c4        0x0 c:/ac6/systemworkbench/plugins/fr.ac6.mcu.externaltools.arm-none.win32_1.7.0.201602121829/tools/compiler/bin/../lib/gcc/arm-none-eabi/5.2.1/armv7-m/crtbegin.o

.rodata         0x0800a1c8      0xd28
                0x0800a1c8                . = ALIGN (0x4)
 *(.rodata)
 .rodata        0x0800a1c8       0x18 Drivers/CMSIS/Device/ST/STM32F1xx/Source/Templates/system_stm32f1xx.o
                0x0800a1c8                AHBPrescTable
                0x0800a1d8                APBPrescTable
 .rodata        0x0800a1e0       0x12 Drivers/STM32F1xx_HAL_Driver/Src/stm32f1xx_hal_rcc.o
 *fill*         0x0800a1f2        0x2 
 .rodata        0x0800a1f4       0x8c Src/freertos.o
 .rodata        0x0800a280      0x804 Src/DSP/common_tables.o
                0x0800a280                sinTable_q31
 *(.rodata*)
 .rodata.str1.4
                0x0800aa84       0x38 Drivers/STM32F1xx_HAL_Driver/Src/stm32f1xx_hal_adc.o
 .rodata.str1.4
                0x0800aabc       0x3b Drivers/STM32F1xx_HAL_Driver/Src/stm32f1xx_hal_cortex.o
 *fill*         0x0800aaf7        0x1 
 .rodata.str1.4
                0x0800aaf8       0x38 Drivers/STM32F1xx_HAL_Driver/Src/stm32f1xx_hal_crc.o
 .rodata.str1.4
                0x0800ab30       0x38 Drivers/STM32F1xx_HAL_Driver/Src/stm32f1xx_hal_dma.o
 .rodata.str1.4
                0x0800ab68       0x39 Drivers/STM32F1xx_HAL_Driver/Src/stm32f1xx_hal_gpio.o
 *fill*         0x0800aba1        0x3 
 .rodata.str1.4
                0x0800aba4       0x38 Drivers/STM32F1xx_HAL_Driver/Src/stm32f1xx_hal_i2c.o
 .rodata.str1.4
                0x0800abdc       0x39 Drivers/STM32F1xx_HAL_Driver/Src/stm32f1xx_hal_iwdg.o
 *fill*         0x0800ac15        0x3 
 .rodata.str1.4
                0x0800ac18       0x38 Drivers/STM32F1xx_HAL_Driver/Src/stm32f1xx_hal_pcd.o
 .rodata.str1.4
                0x0800ac50       0x38 Drivers/STM32F1xx_HAL_Driver/Src/stm32f1xx_hal_rcc.o
 .rodata.str1.4
                0x0800ac88       0x3b Drivers/STM32F1xx_HAL_Driver/Src/stm32f1xx_hal_rcc_ex.o
 *fill*         0x0800acc3        0x1 
 .rodata.str1.4
                0x0800acc4       0x38 Drivers/STM32F1xx_HAL_Driver/Src/stm32f1xx_hal_tim.o
 .rodata.str1.4
                0x0800acfc       0x3b Drivers/STM32F1xx_HAL_Driver/Src/stm32f1xx_hal_tim_ex.o
 *fill*         0x0800ad37        0x1 
 .rodata.str1.4
                0x0800ad38       0x39 Drivers/STM32F1xx_HAL_Driver/Src/stm32f1xx_hal_uart.o
 .rodata.str1.4
                0x0800ad71       0x39 Middlewares/Third_Party/FreeRTOS/Source/CMSIS_RTOS/cmsis_os.o
                                  0x1 (size before relaxing)
 *fill*         0x0800ad71        0x3 
 .rodata.str1.4
                0x0800ad74        0x5 Middlewares/Third_Party/FreeRTOS/Source/tasks.o
 *fill*         0x0800ad79        0x3 
 .rodata.str1.4
                0x0800ad7c       0x10 Middlewares/Third_Party/FreeRTOS/Source/timers.o
 .rodata.str1.4
                0x0800ad8c       0x64 Src/freertos.o
 .rodata.str1.4
                0x0800adf0       0x5e Src/usbd_desc.o
 *fill*         0x0800ae4e        0x2 
 .rodata.str1.4
                0x0800ae50       0x60 Src/usbd_dfu_if.o
                                 0x5d (size before relaxing)
 .rodata.atanlo
                0x0800aeb0       0x20 c:/ac6/systemworkbench/plugins/fr.ac6.mcu.externaltools.arm-none.win32_1.7.0.201602121829/tools/compiler/bin/../lib/gcc/arm-none-eabi/5.2.1/../../../../arm-none-eabi/lib/armv7-m\libm.a(lib_a-s_atan.o)
 .rodata.atanhi
                0x0800aed0       0x20 c:/ac6/systemworkbench/plugins/fr.ac6.mcu.externaltools.arm-none.win32_1.7.0.201602121829/tools/compiler/bin/../lib/gcc/arm-none-eabi/5.2.1/../../../../arm-none-eabi/lib/armv7-m\libm.a(lib_a-s_atan.o)
                0x0800aef0                . = ALIGN (0x4)

.rel.dyn        0x0800aef0        0x0
 .rel.iplt      0x0800aef0        0x0 c:/ac6/systemworkbench/plugins/fr.ac6.mcu.externaltools.arm-none.win32_1.7.0.201602121829/tools/compiler/bin/../lib/gcc/arm-none-eabi/5.2.1/armv7-m/crtbegin.o

.ARM.extab
 *(.ARM.extab* .gnu.linkonce.armextab.*)

.ARM            0x0800aef0        0x0
                0x0800aef0                __exidx_start = .
 *(.ARM.exidx*)
                0x0800aef0                __exidx_end = .

.preinit_array  0x0800aef0        0x0
                0x0800aef0                PROVIDE (__preinit_array_start, .)
 *(.preinit_array*)
                0x0800aef0                PROVIDE (__preinit_array_end, .)

.init_array     0x0800aef0        0x4
                0x0800aef0                PROVIDE (__init_array_start, .)
 *(SORT(.init_array.*))
 *(.init_array*)
 .init_array    0x0800aef0        0x4 c:/ac6/systemworkbench/plugins/fr.ac6.mcu.externaltools.arm-none.win32_1.7.0.201602121829/tools/compiler/bin/../lib/gcc/arm-none-eabi/5.2.1/armv7-m/crtbegin.o
                0x0800aef4                PROVIDE (__init_array_end, .)

.fini_array     0x0800aef4        0x4
                [!provide]                PROVIDE (__fini_array_start, .)
 *(SORT(.fini_array.*))
 *(.fini_array*)
 .fini_array    0x0800aef4        0x4 c:/ac6/systemworkbench/plugins/fr.ac6.mcu.externaltools.arm-none.win32_1.7.0.201602121829/tools/compiler/bin/../lib/gcc/arm-none-eabi/5.2.1/armv7-m/crtbegin.o
                [!provide]                PROVIDE (__fini_array_end, .)
                0x0800aef8                _sidata = LOADADDR (.data)

.data           0x20000000       0xc4 load address 0x0800aef8
                0x20000000                . = ALIGN (0x4)
                0x20000000                _sdata = .
 *(.data)
 .data          0x20000000        0x4 Drivers/CMSIS/Device/ST/STM32F1xx/Source/Templates/system_stm32f1xx.o
                0x20000000                SystemCoreClock
 .data          0x20000004       0x64 Middlewares/ST/STM32_USB_Device_Library/Class/DFU/Src/usbd_dfu.o
                0x2000002c                USBD_DFU
 .data          0x20000068        0x4 Middlewares/Third_Party/FreeRTOS/Source/portable/GCC/ARM_CM3/port.o
 .data          0x2000006c        0x8 Src/i2c.o
 .data          0x20000074       0x34 Src/usbd_desc.o
                0x20000074                USBD_FS_DeviceDesc
                0x20000088                USBD_LangIDDesc
                0x2000008c                FS_Desc
 .data          0x200000a8       0x1c Src/usbd_dfu_if.o
                0x200000a8                USBD_DFU_fops_FS
 *(.data*)
                0x200000c4                . = ALIGN (0x4)
                0x200000c4                _edata = .

.jcr            0x200000c4        0x0 load address 0x0800afbc
 .jcr           0x200000c4        0x0 c:/ac6/systemworkbench/plugins/fr.ac6.mcu.externaltools.arm-none.win32_1.7.0.201602121829/tools/compiler/bin/../lib/gcc/arm-none-eabi/5.2.1/armv7-m/crtbegin.o

.tm_clone_table
                0x200000c4        0x0 load address 0x0800afbc
 .tm_clone_table
                0x200000c4        0x0 c:/ac6/systemworkbench/plugins/fr.ac6.mcu.externaltools.arm-none.win32_1.7.0.201602121829/tools/compiler/bin/../lib/gcc/arm-none-eabi/5.2.1/armv7-m/crtbegin.o
 .tm_clone_table
                0x200000c4        0x0 c:/ac6/systemworkbench/plugins/fr.ac6.mcu.externaltools.arm-none.win32_1.7.0.201602121829/tools/compiler/bin/../lib/gcc/arm-none-eabi/5.2.1/armv7-m/crtend.o

.igot.plt       0x200000c4        0x0 load address 0x0800afbc
 .igot.plt      0x200000c4        0x0 c:/ac6/systemworkbench/plugins/fr.ac6.mcu.externaltools.arm-none.win32_1.7.0.201602121829/tools/compiler/bin/../lib/gcc/arm-none-eabi/5.2.1/armv7-m/crtbegin.o
                0x200000c4                . = ALIGN (0x4)

.bss            0x200000c4     0x3264 load address 0x0800afbc
                0x200000c4                _sbss = .
                0x200000c4                __bss_start__ = _sbss
 *(.bss)
 .bss           0x200000c4       0x1c c:/ac6/systemworkbench/plugins/fr.ac6.mcu.externaltools.arm-none.win32_1.7.0.201602121829/tools/compiler/bin/../lib/gcc/arm-none-eabi/5.2.1/armv7-m/crtbegin.o
 .bss           0x200000e0        0x4 Drivers/STM32F1xx_HAL_Driver/Src/stm32f1xx_hal.o
 .bss           0x200000e4       0xff Middlewares/ST/STM32_USB_Device_Library/Class/DFU/Src/usbd_dfu.o
 .bss           0x200001e3        0x1 Middlewares/ST/STM32_USB_Device_Library/Core/Src/usbd_ctlreq.o
 .bss           0x200001e4      0x128 Middlewares/Third_Party/FreeRTOS/Source/tasks.o
                0x200001e8                pxCurrentTCB
 .bss           0x2000030c       0x38 Middlewares/Third_Party/FreeRTOS/Source/timers.o
 .bss           0x20000344        0x8 Middlewares/Third_Party/FreeRTOS/Source/portable/GCC/ARM_CM3/port.o
 .bss           0x2000034c     0x2018 Middlewares/Third_Party/FreeRTOS/Source/portable/MemMang/heap_4.o
 .bss           0x20002364       0x58 Src/ServidoresVariables.o
 .bss           0x200023bc      0x41c Src/usbd_conf.o
 .bss           0x200027d8       0x3c Src/FuncionesRTOS/TASK_AHRS.o
 *(.bss*)
 *(COMMON)
 COMMON         0x20002814       0x40 Middlewares/Third_Party/FreeRTOS/Source/queue.o
                0x20002814                xQueueRegistry
 COMMON         0x20002854        0xe Src/ServidoresVariables.o
                0x20002854                IMU9250
 *fill*         0x20002862        0x2 
 COMMON         0x20002864       0x30 Src/adc.o
                0x20002864                hadc1
 COMMON         0x20002894        0x8 Src/crc.o
                0x20002894                hcrc
 COMMON         0x2000289c       0x5c Src/freertos.o
                0x2000289c                defaultTaskHandle
                0x200028a0                ALTURA_TASKHandle
                0x200028a4                ALTURA_TIMERHandle
                0x200028a8                CONTROL_SMPHRHandle
                0x200028ac                COMPASS_TIMERHandle
                0x200028b0                UART_SMPHRHandle
                0x200028b4                CONTROL_TASKHandle
                0x200028b8                COMPASS_TASKHandle
                0x200028bc                IMU_TIMERHandle
                0x200028c0                AHRS_TIMERHandle
                0x200028c4                IMU_SMPHRHandle
                0x200028c8                ALTURA_SMPHRHandle
                0x200028cc                I2C_2_SMPHRHandle
                0x200028d0                COORDINADOR_TASHandle
                0x200028d4                CONTROL_TIMERHandle
                0x200028d8                COORDINADOR_SMPHRHandle
                0x200028dc                COMPASS_SMPHRHandle
                0x200028e0                IMU_TASKHandle
                0x200028e4                COORDINADOR_TIMERHandle
                0x200028e8                UART_MUTEXHandle
                0x200028ec                AHRS_SMPHRHandle
                0x200028f0                AHRS_TASKHandle
                0x200028f4                I2C_2_MUTEXHandle
 COMMON         0x200028f8       0xb4 Src/i2c.o
                0x200028f8                hi2c2
                0x2000293c                hdma_i2c2_rx
                0x20002974                hdma_i2c2_tx
 COMMON         0x200029ac       0x10 Src/iwdg.o
                0x200029ac                hiwdg
 COMMON         0x200029bc       0x78 Src/tim.o
                0x200029bc                htim4
                0x200029f8                htim3
 COMMON         0x20002a34       0xb0 Src/usart.o
                0x20002a34                hdma_usart2_rx
                0x20002a6c                hdma_usart2_tx
                0x20002aa4                huart2
 COMMON         0x20002ae4      0x224 Src/usb_device.o
                0x20002ae4                hUsbDeviceFS
 COMMON         0x20002d08      0x420 Src/usbd_conf.o
                0x20002d08                hpcd_USB_FS
 COMMON         0x20003128      0x200 Src/usbd_desc.o
                0x20003128                USBD_StrDesc
                0x20003328                . = ALIGN (0x4)
                0x20003328                _ebss = .
                0x20003328                __bss_end__ = _ebss

._user_heap_stack
                0x20003328      0x600 load address 0x0800afbc
                0x20003328                . = ALIGN (0x8)
                [!provide]                PROVIDE (end, .)
                [!provide]                PROVIDE (_end, .)
                0x20003528                . = (. + _Min_Heap_Size)
 *fill*         0x20003328      0x200 
                0x20003928                . = (. + _Min_Stack_Size)
 *fill*         0x20003528      0x400 
                0x20003928                . = ALIGN (0x8)

/DISCARD/
 libc.a(*)
 libm.a(*)
 libgcc.a(*)

.ARM.attributes
                0x00000000       0x29
 *(.ARM.attributes)
 .ARM.attributes
                0x00000000       0x1d c:/ac6/systemworkbench/plugins/fr.ac6.mcu.externaltools.arm-none.win32_1.7.0.201602121829/tools/compiler/bin/../lib/gcc/arm-none-eabi/5.2.1/armv7-m/crti.o
 .ARM.attributes
                0x0000001d       0x2d c:/ac6/systemworkbench/plugins/fr.ac6.mcu.externaltools.arm-none.win32_1.7.0.201602121829/tools/compiler/bin/../lib/gcc/arm-none-eabi/5.2.1/armv7-m/crtbegin.o
 .ARM.attributes
                0x0000004a       0x21 Drivers/CMSIS/Device/ST/STM32F1xx/Source/Templates/gcc/startup_stm32f103xb.o
 .ARM.attributes
                0x0000006b       0x33 Drivers/CMSIS/Device/ST/STM32F1xx/Source/Templates/system_stm32f1xx.o
 .ARM.attributes
                0x0000009e       0x33 Drivers/STM32F1xx_HAL_Driver/Src/stm32f1xx_hal.o
 .ARM.attributes
                0x000000d1       0x33 Drivers/STM32F1xx_HAL_Driver/Src/stm32f1xx_hal_adc.o
 .ARM.attributes
                0x00000104       0x33 Drivers/STM32F1xx_HAL_Driver/Src/stm32f1xx_hal_cortex.o
 .ARM.attributes
                0x00000137       0x33 Drivers/STM32F1xx_HAL_Driver/Src/stm32f1xx_hal_crc.o
 .ARM.attributes
                0x0000016a       0x33 Drivers/STM32F1xx_HAL_Driver/Src/stm32f1xx_hal_dma.o
 .ARM.attributes
                0x0000019d       0x33 Drivers/STM32F1xx_HAL_Driver/Src/stm32f1xx_hal_gpio.o
 .ARM.attributes
                0x000001d0       0x33 Drivers/STM32F1xx_HAL_Driver/Src/stm32f1xx_hal_i2c.o
 .ARM.attributes
                0x00000203       0x33 Drivers/STM32F1xx_HAL_Driver/Src/stm32f1xx_hal_iwdg.o
 .ARM.attributes
                0x00000236       0x33 Drivers/STM32F1xx_HAL_Driver/Src/stm32f1xx_hal_pcd.o
 .ARM.attributes
                0x00000269       0x33 Drivers/STM32F1xx_HAL_Driver/Src/stm32f1xx_hal_pcd_ex.o
 .ARM.attributes
                0x0000029c       0x33 Drivers/STM32F1xx_HAL_Driver/Src/stm32f1xx_hal_rcc.o
 .ARM.attributes
                0x000002cf       0x33 Drivers/STM32F1xx_HAL_Driver/Src/stm32f1xx_hal_rcc_ex.o
 .ARM.attributes
                0x00000302       0x33 Drivers/STM32F1xx_HAL_Driver/Src/stm32f1xx_hal_tim.o
 .ARM.attributes
                0x00000335       0x33 Drivers/STM32F1xx_HAL_Driver/Src/stm32f1xx_hal_tim_ex.o
 .ARM.attributes
                0x00000368       0x33 Drivers/STM32F1xx_HAL_Driver/Src/stm32f1xx_hal_uart.o
 .ARM.attributes
                0x0000039b       0x33 Drivers/STM32F1xx_HAL_Driver/Src/stm32f1xx_ll_usb.o
 .ARM.attributes
                0x000003ce       0x33 Middlewares/ST/STM32_USB_Device_Library/Class/DFU/Src/usbd_dfu.o
 .ARM.attributes
                0x00000401       0x33 Middlewares/ST/STM32_USB_Device_Library/Core/Src/usbd_core.o
 .ARM.attributes
                0x00000434       0x33 Middlewares/ST/STM32_USB_Device_Library/Core/Src/usbd_ctlreq.o
 .ARM.attributes
                0x00000467       0x33 Middlewares/ST/STM32_USB_Device_Library/Core/Src/usbd_ioreq.o
 .ARM.attributes
                0x0000049a       0x33 Middlewares/Third_Party/FreeRTOS/Source/CMSIS_RTOS/cmsis_os.o
 .ARM.attributes
                0x000004cd       0x33 Middlewares/Third_Party/FreeRTOS/Source/list.o
 .ARM.attributes
                0x00000500       0x33 Middlewares/Third_Party/FreeRTOS/Source/queue.o
 .ARM.attributes
                0x00000533       0x33 Middlewares/Third_Party/FreeRTOS/Source/tasks.o
 .ARM.attributes
                0x00000566       0x33 Middlewares/Third_Party/FreeRTOS/Source/timers.o
 .ARM.attributes
                0x00000599       0x33 Middlewares/Third_Party/FreeRTOS/Source/portable/GCC/ARM_CM3/port.o
 .ARM.attributes
                0x000005cc       0x33 Middlewares/Third_Party/FreeRTOS/Source/portable/MemMang/heap_4.o
 .ARM.attributes
                0x000005ff       0x33 Src/AHRS.o
 .ARM.attributes
                0x00000632       0x33 Src/ServidoresVariables.o
 .ARM.attributes
                0x00000665       0x33 Src/adc.o
 .ARM.attributes
                0x00000698       0x33 Src/crc.o
 .ARM.attributes
                0x000006cb       0x33 Src/dma.o
 .ARM.attributes
                0x000006fe       0x33 Src/freertos.o
 .ARM.attributes
                0x00000731       0x33 Src/gpio.o
 .ARM.attributes
                0x00000764       0x33 Src/i2c.o
 .ARM.attributes
                0x00000797       0x33 Src/iwdg.o
 .ARM.attributes
                0x000007ca       0x33 Src/main.o
 .ARM.attributes
                0x000007fd       0x33 Src/stm32f1xx_hal_msp.o
 .ARM.attributes
                0x00000830       0x33 Src/stm32f1xx_it.o
 .ARM.attributes
                0x00000863       0x33 Src/tim.o
 .ARM.attributes
                0x00000896       0x33 Src/usart.o
 .ARM.attributes
                0x000008c9       0x33 Src/usb_device.o
 .ARM.attributes
                0x000008fc       0x33 Src/usbd_conf.o
 .ARM.attributes
                0x0000092f       0x33 Src/usbd_desc.o
 .ARM.attributes
                0x00000962       0x33 Src/usbd_dfu_if.o
 .ARM.attributes
                0x00000995       0x33 Src/DSP/arm_add_q15.o
 .ARM.attributes
                0x000009c8       0x33 Src/DSP/arm_copy_q15.o
 .ARM.attributes
                0x000009fb       0x33 Src/DSP/arm_dot_prod_q15.o
 .ARM.attributes
                0x00000a2e       0x33 Src/DSP/arm_mat_mult_q15.o
 .ARM.attributes
                0x00000a61       0x33 Src/DSP/arm_scale_q15.o
 .ARM.attributes
                0x00000a94       0x33 Src/DSP/arm_sin_cos_q31.o
 .ARM.attributes
                0x00000ac7       0x33 Src/DSP/arm_sqrt_q31.o
 .ARM.attributes
                0x00000afa       0x33 Src/DSP/common_tables.o
 .ARM.attributes
                0x00000b2d       0x33 Src/FuncionesRTOS/TASK_AHRS.o
 .ARM.attributes
                0x00000b60       0x33 Src/FuncionesRTOS/TASK_ALTURA.o
 .ARM.attributes
                0x00000b93       0x33 Src/FuncionesRTOS/TASK_COMPASS.o
 .ARM.attributes
                0x00000bc6       0x33 Src/FuncionesRTOS/TASK_CONTROL.o
 .ARM.attributes
                0x00000bf9       0x33 Src/FuncionesRTOS/TASK_COORDINADOR.o
 .ARM.attributes
                0x00000c2c       0x33 Src/FuncionesRTOS/TASK_IMU.o
 .ARM.attributes
                0x00000c5f       0x1d c:/ac6/systemworkbench/plugins/fr.ac6.mcu.externaltools.arm-none.win32_1.7.0.201602121829/tools/compiler/bin/../lib/gcc/arm-none-eabi/5.2.1/armv7-m\libgcc.a(_arm_addsubdf3.o)
 .ARM.attributes
                0x00000c7c       0x1d c:/ac6/systemworkbench/plugins/fr.ac6.mcu.externaltools.arm-none.win32_1.7.0.201602121829/tools/compiler/bin/../lib/gcc/arm-none-eabi/5.2.1/armv7-m\libgcc.a(_arm_muldivdf3.o)
 .ARM.attributes
                0x00000c99       0x1d c:/ac6/systemworkbench/plugins/fr.ac6.mcu.externaltools.arm-none.win32_1.7.0.201602121829/tools/compiler/bin/../lib/gcc/arm-none-eabi/5.2.1/armv7-m\libgcc.a(_arm_fixdfsi.o)
 .ARM.attributes
                0x00000cb6       0x1d c:/ac6/systemworkbench/plugins/fr.ac6.mcu.externaltools.arm-none.win32_1.7.0.201602121829/tools/compiler/bin/../lib/gcc/arm-none-eabi/5.2.1/armv7-m\libgcc.a(_arm_addsubsf3.o)
 .ARM.attributes
                0x00000cd3       0x1d c:/ac6/systemworkbench/plugins/fr.ac6.mcu.externaltools.arm-none.win32_1.7.0.201602121829/tools/compiler/bin/../lib/gcc/arm-none-eabi/5.2.1/armv7-m\libgcc.a(_arm_muldivsf3.o)
 .ARM.attributes
                0x00000cf0       0x1d c:/ac6/systemworkbench/plugins/fr.ac6.mcu.externaltools.arm-none.win32_1.7.0.201602121829/tools/compiler/bin/../lib/gcc/arm-none-eabi/5.2.1/armv7-m\libgcc.a(_arm_fixsfsi.o)
 .ARM.attributes
                0x00000d0d       0x2d c:/ac6/systemworkbench/plugins/fr.ac6.mcu.externaltools.arm-none.win32_1.7.0.201602121829/tools/compiler/bin/../lib/gcc/arm-none-eabi/5.2.1/../../../../arm-none-eabi/lib/armv7-m\libc_nano.a(lib_a-init.o)
 .ARM.attributes
                0x00000d3a       0x2d c:/ac6/systemworkbench/plugins/fr.ac6.mcu.externaltools.arm-none.win32_1.7.0.201602121829/tools/compiler/bin/../lib/gcc/arm-none-eabi/5.2.1/../../../../arm-none-eabi/lib/armv7-m\libc_nano.a(lib_a-memcpy-stub.o)
 .ARM.attributes
                0x00000d67       0x2d c:/ac6/systemworkbench/plugins/fr.ac6.mcu.externaltools.arm-none.win32_1.7.0.201602121829/tools/compiler/bin/../lib/gcc/arm-none-eabi/5.2.1/../../../../arm-none-eabi/lib/armv7-m\libc_nano.a(lib_a-memset.o)
 .ARM.attributes
                0x00000d94       0x2d c:/ac6/systemworkbench/plugins/fr.ac6.mcu.externaltools.arm-none.win32_1.7.0.201602121829/tools/compiler/bin/../lib/gcc/arm-none-eabi/5.2.1/armv7-m/crtend.o
 .ARM.attributes
                0x00000dc1       0x1d c:/ac6/systemworkbench/plugins/fr.ac6.mcu.externaltools.arm-none.win32_1.7.0.201602121829/tools/compiler/bin/../lib/gcc/arm-none-eabi/5.2.1/armv7-m/crtn.o
OUTPUT(CM3drone.elf elf32-littlearm)

.debug_line     0x00000000    0x2c8cc
 .debug_line    0x00000000       0xac Drivers/CMSIS/Device/ST/STM32F1xx/Source/Templates/gcc/startup_stm32f103xb.o
 .debug_line    0x000000ac      0xb6a Drivers/CMSIS/Device/ST/STM32F1xx/Source/Templates/system_stm32f1xx.o
 .debug_line    0x00000c16      0xc61 Drivers/STM32F1xx_HAL_Driver/Src/stm32f1xx_hal.o
 .debug_line    0x00001877     0x144d Drivers/STM32F1xx_HAL_Driver/Src/stm32f1xx_hal_adc.o
 .debug_line    0x00002cc4      0xd1c Drivers/STM32F1xx_HAL_Driver/Src/stm32f1xx_hal_cortex.o
 .debug_line    0x000039e0      0xc22 Drivers/STM32F1xx_HAL_Driver/Src/stm32f1xx_hal_crc.o
 .debug_line    0x00004602     0x1165 Drivers/STM32F1xx_HAL_Driver/Src/stm32f1xx_hal_dma.o
 .debug_line    0x00005767      0xe66 Drivers/STM32F1xx_HAL_Driver/Src/stm32f1xx_hal_gpio.o
 .debug_line    0x000065cd     0x242d Drivers/STM32F1xx_HAL_Driver/Src/stm32f1xx_hal_i2c.o
 .debug_line    0x000089fa      0xc0f Drivers/STM32F1xx_HAL_Driver/Src/stm32f1xx_hal_iwdg.o
 .debug_line    0x00009609     0x1025 Drivers/STM32F1xx_HAL_Driver/Src/stm32f1xx_hal_pcd.o
 .debug_line    0x0000a62e      0xb2d Drivers/STM32F1xx_HAL_Driver/Src/stm32f1xx_hal_pcd_ex.o
 .debug_line    0x0000b15b     0x1275 Drivers/STM32F1xx_HAL_Driver/Src/stm32f1xx_hal_rcc.o
 .debug_line    0x0000c3d0      0xc92 Drivers/STM32F1xx_HAL_Driver/Src/stm32f1xx_hal_rcc_ex.o
 .debug_line    0x0000d062     0x36a5 Drivers/STM32F1xx_HAL_Driver/Src/stm32f1xx_hal_tim.o
 .debug_line    0x00010707     0x1576 Drivers/STM32F1xx_HAL_Driver/Src/stm32f1xx_hal_tim_ex.o
 .debug_line    0x00011c7d     0x1597 Drivers/STM32F1xx_HAL_Driver/Src/stm32f1xx_hal_uart.o
 .debug_line    0x00013214      0xee3 Drivers/STM32F1xx_HAL_Driver/Src/stm32f1xx_ll_usb.o
 .debug_line    0x000140f7      0xf67 Middlewares/ST/STM32_USB_Device_Library/Class/DFU/Src/usbd_dfu.o
 .debug_line    0x0001505e      0xe02 Middlewares/ST/STM32_USB_Device_Library/Core/Src/usbd_core.o
 .debug_line    0x00015e60      0xd84 Middlewares/ST/STM32_USB_Device_Library/Core/Src/usbd_ctlreq.o
 .debug_line    0x00016be4      0xc99 Middlewares/ST/STM32_USB_Device_Library/Core/Src/usbd_ioreq.o
 .debug_line    0x0001787d      0xd80 Middlewares/Third_Party/FreeRTOS/Source/CMSIS_RTOS/cmsis_os.o
 .debug_line    0x000185fd      0x5eb Middlewares/Third_Party/FreeRTOS/Source/list.o
 .debug_line    0x00018be8      0xbca Middlewares/Third_Party/FreeRTOS/Source/queue.o
 .debug_line    0x000197b2     0x11b0 Middlewares/Third_Party/FreeRTOS/Source/tasks.o
 .debug_line    0x0001a962      0x7c8 Middlewares/Third_Party/FreeRTOS/Source/timers.o
 .debug_line    0x0001b12a      0x66d Middlewares/Third_Party/FreeRTOS/Source/portable/GCC/ARM_CM3/port.o
 .debug_line    0x0001b797      0x682 Middlewares/Third_Party/FreeRTOS/Source/portable/MemMang/heap_4.o
 .debug_line    0x0001be19      0x587 Src/AHRS.o
 .debug_line    0x0001c3a0      0x862 Src/ServidoresVariables.o
 .debug_line    0x0001cc02      0xb50 Src/adc.o
 .debug_line    0x0001d752      0xb17 Src/crc.o
 .debug_line    0x0001e269      0xafa Src/dma.o
 .debug_line    0x0001ed63      0x69d Src/freertos.o
 .debug_line    0x0001f400      0xb20 Src/gpio.o
 .debug_line    0x0001ff20      0xbe1 Src/i2c.o
 .debug_line    0x00020b01      0xaf0 Src/iwdg.o
 .debug_line    0x000215f1      0xb94 Src/main.o
 .debug_line    0x00022185      0xafc Src/stm32f1xx_hal_msp.o
 .debug_line    0x00022c81      0xbb3 Src/stm32f1xx_it.o
 .debug_line    0x00023834      0xc27 Src/tim.o
 .debug_line    0x0002445b      0xb97 Src/usart.o
 .debug_line    0x00024ff2      0xcb2 Src/usb_device.o
 .debug_line    0x00025ca4      0xec5 Src/usbd_conf.o
 .debug_line    0x00026b69      0xc68 Src/usbd_desc.o
 .debug_line    0x000277d1      0xcd6 Src/usbd_dfu_if.o
 .debug_line    0x000284a7      0x462 Src/DSP/arm_add_q15.o
 .debug_line    0x00028909      0x40b Src/DSP/arm_copy_q15.o
 .debug_line    0x00028d14      0x430 Src/DSP/arm_dot_prod_q15.o
 .debug_line    0x00029144      0x47a Src/DSP/arm_mat_mult_q15.o
 .debug_line    0x000295be      0x431 Src/DSP/arm_scale_q15.o
 .debug_line    0x000299ef      0x4ab Src/DSP/arm_sin_cos_q31.o
 .debug_line    0x00029e9a      0x442 Src/DSP/arm_sqrt_q31.o
 .debug_line    0x0002a2dc      0x3eb Src/DSP/common_tables.o
 .debug_line    0x0002a6c7      0x855 Src/FuncionesRTOS/TASK_AHRS.o
 .debug_line    0x0002af1c       0x63 Src/FuncionesRTOS/TASK_ALTURA.o
 .debug_line    0x0002af7f       0x65 Src/FuncionesRTOS/TASK_COMPASS.o
 .debug_line    0x0002afe4      0xc73 Src/FuncionesRTOS/TASK_CONTROL.o
 .debug_line    0x0002bc57       0x57 Src/FuncionesRTOS/TASK_COORDINADOR.o
 .debug_line    0x0002bcae      0xc1e Src/FuncionesRTOS/TASK_IMU.o

.debug_info     0x00000000    0x2adfe
 .debug_info    0x00000000       0xc8 Drivers/CMSIS/Device/ST/STM32F1xx/Source/Templates/gcc/startup_stm32f103xb.o
 .debug_info    0x000000c8      0x3d1 Drivers/CMSIS/Device/ST/STM32F1xx/Source/Templates/system_stm32f1xx.o
 .debug_info    0x00000499      0x686 Drivers/STM32F1xx_HAL_Driver/Src/stm32f1xx_hal.o
 .debug_info    0x00000b1f     0x160f Drivers/STM32F1xx_HAL_Driver/Src/stm32f1xx_hal_adc.o
 .debug_info    0x0000212e      0xcf5 Drivers/STM32F1xx_HAL_Driver/Src/stm32f1xx_hal_cortex.o
 .debug_info    0x00002e23      0x3e9 Drivers/STM32F1xx_HAL_Driver/Src/stm32f1xx_hal_crc.o
 .debug_info    0x0000320c      0x7b1 Drivers/STM32F1xx_HAL_Driver/Src/stm32f1xx_hal_dma.o
 .debug_info    0x000039bd      0x81c Drivers/STM32F1xx_HAL_Driver/Src/stm32f1xx_hal_gpio.o
 .debug_info    0x000041d9     0x3a5c Drivers/STM32F1xx_HAL_Driver/Src/stm32f1xx_hal_i2c.o
 .debug_info    0x00007c35      0x3b4 Drivers/STM32F1xx_HAL_Driver/Src/stm32f1xx_hal_iwdg.o
 .debug_info    0x00007fe9     0x1160 Drivers/STM32F1xx_HAL_Driver/Src/stm32f1xx_hal_pcd.o
 .debug_info    0x00009149      0x5a7 Drivers/STM32F1xx_HAL_Driver/Src/stm32f1xx_hal_pcd_ex.o
 .debug_info    0x000096f0     0x15bd Drivers/STM32F1xx_HAL_Driver/Src/stm32f1xx_hal_rcc.o
 .debug_info    0x0000acad      0x611 Drivers/STM32F1xx_HAL_Driver/Src/stm32f1xx_hal_rcc_ex.o
 .debug_info    0x0000b2be     0x55c6 Drivers/STM32F1xx_HAL_Driver/Src/stm32f1xx_hal_tim.o
 .debug_info    0x00010884     0x198d Drivers/STM32F1xx_HAL_Driver/Src/stm32f1xx_hal_tim_ex.o
 .debug_info    0x00012211     0x13c3 Drivers/STM32F1xx_HAL_Driver/Src/stm32f1xx_hal_uart.o
 .debug_info    0x000135d4      0xe7a Drivers/STM32F1xx_HAL_Driver/Src/stm32f1xx_ll_usb.o
 .debug_info    0x0001444e     0x1170 Middlewares/ST/STM32_USB_Device_Library/Class/DFU/Src/usbd_dfu.o
 .debug_info    0x000155be      0xbed Middlewares/ST/STM32_USB_Device_Library/Core/Src/usbd_core.o
 .debug_info    0x000161ab      0xde4 Middlewares/ST/STM32_USB_Device_Library/Core/Src/usbd_ctlreq.o
 .debug_info    0x00016f8f      0x790 Middlewares/ST/STM32_USB_Device_Library/Core/Src/usbd_ioreq.o
 .debug_info    0x0001771f     0x2069 Middlewares/Third_Party/FreeRTOS/Source/CMSIS_RTOS/cmsis_os.o
 .debug_info    0x00019788      0x2a3 Middlewares/Third_Party/FreeRTOS/Source/list.o
 .debug_info    0x00019a2b     0x17c4 Middlewares/Third_Party/FreeRTOS/Source/queue.o
 .debug_info    0x0001b1ef     0x2b06 Middlewares/Third_Party/FreeRTOS/Source/tasks.o
 .debug_info    0x0001dcf5     0x122d Middlewares/Third_Party/FreeRTOS/Source/timers.o
 .debug_info    0x0001ef22      0x3e3 Middlewares/Third_Party/FreeRTOS/Source/portable/GCC/ARM_CM3/port.o
 .debug_info    0x0001f305      0x3fe Middlewares/Third_Party/FreeRTOS/Source/portable/MemMang/heap_4.o
 .debug_info    0x0001f703      0x98e Src/AHRS.o
 .debug_info    0x00020091      0x965 Src/ServidoresVariables.o
 .debug_info    0x000209f6      0x789 Src/adc.o
 .debug_info    0x0002117f      0x363 Src/crc.o
 .debug_info    0x000214e2      0x3a5 Src/dma.o
 .debug_info    0x00021887      0x859 Src/freertos.o
 .debug_info    0x000220e0      0x388 Src/gpio.o
 .debug_info    0x00022468      0xcd3 Src/i2c.o
 .debug_info    0x0002313b      0x27b Src/iwdg.o
 .debug_info    0x000233b6      0x612 Src/main.o
 .debug_info    0x000239c8      0x436 Src/stm32f1xx_hal_msp.o
 .debug_info    0x00023dfe      0xa8c Src/stm32f1xx_it.o
 .debug_info    0x0002488a      0xcf9 Src/tim.o
 .debug_info    0x00025583      0x7c7 Src/usart.o
 .debug_info    0x00025d4a      0x68c Src/usb_device.o
 .debug_info    0x000263d6     0x162e Src/usbd_conf.o
 .debug_info    0x00027a04      0x4ef Src/usbd_desc.o
 .debug_info    0x00027ef3      0x321 Src/usbd_dfu_if.o
 .debug_info    0x00028214      0x30c Src/DSP/arm_add_q15.o
 .debug_info    0x00028520      0x135 Src/DSP/arm_copy_q15.o
 .debug_info    0x00028655      0x256 Src/DSP/arm_dot_prod_q15.o
 .debug_info    0x000288ab      0x3e5 Src/DSP/arm_mat_mult_q15.o
 .debug_info    0x00028c90      0x2cb Src/DSP/arm_scale_q15.o
 .debug_info    0x00028f5b      0x24b Src/DSP/arm_sin_cos_q31.o
 .debug_info    0x000291a6      0x1eb Src/DSP/arm_sqrt_q31.o
 .debug_info    0x00029391       0xd4 Src/DSP/common_tables.o
 .debug_info    0x00029465      0x75a Src/FuncionesRTOS/TASK_AHRS.o
 .debug_info    0x00029bbf       0x60 Src/FuncionesRTOS/TASK_ALTURA.o
 .debug_info    0x00029c1f       0x60 Src/FuncionesRTOS/TASK_COMPASS.o
 .debug_info    0x00029c7f      0x903 Src/FuncionesRTOS/TASK_CONTROL.o
 .debug_info    0x0002a582       0x60 Src/FuncionesRTOS/TASK_COORDINADOR.o
 .debug_info    0x0002a5e2      0x81c Src/FuncionesRTOS/TASK_IMU.o

.debug_abbrev   0x00000000     0x6e2c
 .debug_abbrev  0x00000000       0x12 Drivers/CMSIS/Device/ST/STM32F1xx/Source/Templates/gcc/startup_stm32f103xb.o
 .debug_abbrev  0x00000012      0x125 Drivers/CMSIS/Device/ST/STM32F1xx/Source/Templates/system_stm32f1xx.o
 .debug_abbrev  0x00000137      0x22f Drivers/STM32F1xx_HAL_Driver/Src/stm32f1xx_hal.o
 .debug_abbrev  0x00000366      0x2bc Drivers/STM32F1xx_HAL_Driver/Src/stm32f1xx_hal_adc.o
 .debug_abbrev  0x00000622      0x30c Drivers/STM32F1xx_HAL_Driver/Src/stm32f1xx_hal_cortex.o
 .debug_abbrev  0x0000092e      0x1b4 Drivers/STM32F1xx_HAL_Driver/Src/stm32f1xx_hal_crc.o
 .debug_abbrev  0x00000ae2      0x221 Drivers/STM32F1xx_HAL_Driver/Src/stm32f1xx_hal_dma.o
 .debug_abbrev  0x00000d03      0x202 Drivers/STM32F1xx_HAL_Driver/Src/stm32f1xx_hal_gpio.o
 .debug_abbrev  0x00000f05      0x2e6 Drivers/STM32F1xx_HAL_Driver/Src/stm32f1xx_hal_i2c.o
 .debug_abbrev  0x000011eb      0x18f Drivers/STM32F1xx_HAL_Driver/Src/stm32f1xx_hal_iwdg.o
 .debug_abbrev  0x0000137a      0x339 Drivers/STM32F1xx_HAL_Driver/Src/stm32f1xx_hal_pcd.o
 .debug_abbrev  0x000016b3      0x16e Drivers/STM32F1xx_HAL_Driver/Src/stm32f1xx_hal_pcd_ex.o
 .debug_abbrev  0x00001821      0x2df Drivers/STM32F1xx_HAL_Driver/Src/stm32f1xx_hal_rcc.o
 .debug_abbrev  0x00001b00      0x257 Drivers/STM32F1xx_HAL_Driver/Src/stm32f1xx_hal_rcc_ex.o
 .debug_abbrev  0x00001d57      0x318 Drivers/STM32F1xx_HAL_Driver/Src/stm32f1xx_hal_tim.o
 .debug_abbrev  0x0000206f      0x290 Drivers/STM32F1xx_HAL_Driver/Src/stm32f1xx_hal_tim_ex.o
 .debug_abbrev  0x000022ff      0x2de Drivers/STM32F1xx_HAL_Driver/Src/stm32f1xx_hal_uart.o
 .debug_abbrev  0x000025dd      0x231 Drivers/STM32F1xx_HAL_Driver/Src/stm32f1xx_ll_usb.o
 .debug_abbrev  0x0000280e      0x394 Middlewares/ST/STM32_USB_Device_Library/Class/DFU/Src/usbd_dfu.o
 .debug_abbrev  0x00002ba2      0x273 Middlewares/ST/STM32_USB_Device_Library/Core/Src/usbd_core.o
 .debug_abbrev  0x00002e15      0x309 Middlewares/ST/STM32_USB_Device_Library/Core/Src/usbd_ctlreq.o
 .debug_abbrev  0x0000311e      0x158 Middlewares/ST/STM32_USB_Device_Library/Core/Src/usbd_ioreq.o
 .debug_abbrev  0x00003276      0x36d Middlewares/Third_Party/FreeRTOS/Source/CMSIS_RTOS/cmsis_os.o
 .debug_abbrev  0x000035e3       0xdf Middlewares/Third_Party/FreeRTOS/Source/list.o
 .debug_abbrev  0x000036c2      0x2c3 Middlewares/Third_Party/FreeRTOS/Source/queue.o
 .debug_abbrev  0x00003985      0x3a8 Middlewares/Third_Party/FreeRTOS/Source/tasks.o
 .debug_abbrev  0x00003d2d      0x2cd Middlewares/Third_Party/FreeRTOS/Source/timers.o
 .debug_abbrev  0x00003ffa      0x20e Middlewares/Third_Party/FreeRTOS/Source/portable/GCC/ARM_CM3/port.o
 .debug_abbrev  0x00004208      0x200 Middlewares/Third_Party/FreeRTOS/Source/portable/MemMang/heap_4.o
 .debug_abbrev  0x00004408      0x197 Src/AHRS.o
 .debug_abbrev  0x0000459f      0x191 Src/ServidoresVariables.o
 .debug_abbrev  0x00004730      0x1ad Src/adc.o
 .debug_abbrev  0x000048dd      0x14f Src/crc.o