Archive member included to satisfy reference by file (symbol)

c:/ac6/systemworkbench/plugins/fr.ac6.mcu.externaltools.arm-none.win32_1.7.0.201602121829/tools/compiler/bin/../lib/gcc/arm-none-eabi/5.2.1/armv7-m\libgcc.a(_arm_addsubdf3.o)
                              Src/AHRS.o (__aeabi_i2d)
c:/ac6/systemworkbench/plugins/fr.ac6.mcu.externaltools.arm-none.win32_1.7.0.201602121829/tools/compiler/bin/../lib/gcc/arm-none-eabi/5.2.1/armv7-m\libgcc.a(_arm_muldivdf3.o)
                              Src/AHRS.o (__aeabi_dmul)
c:/ac6/systemworkbench/plugins/fr.ac6.mcu.externaltools.arm-none.win32_1.7.0.201602121829/tools/compiler/bin/../lib/gcc/arm-none-eabi/5.2.1/armv7-m\libgcc.a(_arm_fixdfsi.o)
                              Src/AHRS.o (__aeabi_d2iz)
c:/ac6/systemworkbench/plugins/fr.ac6.mcu.externaltools.arm-none.win32_1.7.0.201602121829/tools/compiler/bin/../lib/gcc/arm-none-eabi/5.2.1/armv7-m\libgcc.a(_arm_addsubsf3.o)
                              Src/DSP/arm_sqrt_q15.o (__aeabi_i2f)
c:/ac6/systemworkbench/plugins/fr.ac6.mcu.externaltools.arm-none.win32_1.7.0.201602121829/tools/compiler/bin/../lib/gcc/arm-none-eabi/5.2.1/armv7-m\libgcc.a(_arm_muldivsf3.o)
                              Src/DSP/arm_sqrt_q15.o (__aeabi_fmul)
c:/ac6/systemworkbench/plugins/fr.ac6.mcu.externaltools.arm-none.win32_1.7.0.201602121829/tools/compiler/bin/../lib/gcc/arm-none-eabi/5.2.1/armv7-m\libgcc.a(_arm_fixsfsi.o)
                              Src/DSP/arm_sqrt_q15.o (__aeabi_f2iz)
c:/ac6/systemworkbench/plugins/fr.ac6.mcu.externaltools.arm-none.win32_1.7.0.201602121829/tools/compiler/bin/../lib/gcc/arm-none-eabi/5.2.1/../../../../arm-none-eabi/lib/armv7-m\libc_nano.a(lib_a-exit.o)
                              c:/ac6/systemworkbench/plugins/fr.ac6.mcu.externaltools.arm-none.win32_1.7.0.201602121829/tools/compiler/bin/../lib/gcc/arm-none-eabi/5.2.1/../../../../arm-none-eabi/lib/armv7-m/crt0.o (exit)
c:/ac6/systemworkbench/plugins/fr.ac6.mcu.externaltools.arm-none.win32_1.7.0.201602121829/tools/compiler/bin/../lib/gcc/arm-none-eabi/5.2.1/../../../../arm-none-eabi/lib/armv7-m\libc_nano.a(lib_a-impure.o)
                              c:/ac6/systemworkbench/plugins/fr.ac6.mcu.externaltools.arm-none.win32_1.7.0.201602121829/tools/compiler/bin/../lib/gcc/arm-none-eabi/5.2.1/../../../../arm-none-eabi/lib/armv7-m\libc_nano.a(lib_a-exit.o) (_global_impure_ptr)
c:/ac6/systemworkbench/plugins/fr.ac6.mcu.externaltools.arm-none.win32_1.7.0.201602121829/tools/compiler/bin/../lib/gcc/arm-none-eabi/5.2.1/../../../../arm-none-eabi/lib/armv7-m\libc_nano.a(lib_a-init.o)
                              c:/ac6/systemworkbench/plugins/fr.ac6.mcu.externaltools.arm-none.win32_1.7.0.201602121829/tools/compiler/bin/../lib/gcc/arm-none-eabi/5.2.1/../../../../arm-none-eabi/lib/armv7-m/crt0.o (__libc_init_array)
c:/ac6/systemworkbench/plugins/fr.ac6.mcu.externaltools.arm-none.win32_1.7.0.201602121829/tools/compiler/bin/../lib/gcc/arm-none-eabi/5.2.1/../../../../arm-none-eabi/lib/armv7-m\libc_nano.a(lib_a-memcpy-stub.o)
                              Middlewares/Third_Party/FreeRTOS/Source/queue.o (memcpy)
c:/ac6/systemworkbench/plugins/fr.ac6.mcu.externaltools.arm-none.win32_1.7.0.201602121829/tools/compiler/bin/../lib/gcc/arm-none-eabi/5.2.1/../../../../arm-none-eabi/lib/armv7-m\libc_nano.a(lib_a-memset.o)
                              c:/ac6/systemworkbench/plugins/fr.ac6.mcu.externaltools.arm-none.win32_1.7.0.201602121829/tools/compiler/bin/../lib/gcc/arm-none-eabi/5.2.1/../../../../arm-none-eabi/lib/armv7-m/crt0.o (memset)
c:/ac6/systemworkbench/plugins/fr.ac6.mcu.externaltools.arm-none.win32_1.7.0.201602121829/tools/compiler/bin/../lib/gcc/arm-none-eabi/5.2.1/../../../../arm-none-eabi/lib/armv7-m\libnosys.a(_exit.o)
                              c:/ac6/systemworkbench/plugins/fr.ac6.mcu.externaltools.arm-none.win32_1.7.0.201602121829/tools/compiler/bin/../lib/gcc/arm-none-eabi/5.2.1/../../../../arm-none-eabi/lib/armv7-m\libc_nano.a(lib_a-exit.o) (_exit)
c:/ac6/systemworkbench/plugins/fr.ac6.mcu.externaltools.arm-none.win32_1.7.0.201602121829/tools/compiler/bin/../lib/gcc/arm-none-eabi/5.2.1/../../../../arm-none-eabi/lib/armv7-m\libm.a(lib_a-w_atan2.o)
                              Src/AHRS.o (atan2)
c:/ac6/systemworkbench/plugins/fr.ac6.mcu.externaltools.arm-none.win32_1.7.0.201602121829/tools/compiler/bin/../lib/gcc/arm-none-eabi/5.2.1/../../../../arm-none-eabi/lib/armv7-m\libm.a(lib_a-e_atan2.o)
                              c:/ac6/systemworkbench/plugins/fr.ac6.mcu.externaltools.arm-none.win32_1.7.0.201602121829/tools/compiler/bin/../lib/gcc/arm-none-eabi/5.2.1/../../../../arm-none-eabi/lib/armv7-m\libm.a(lib_a-w_atan2.o) (__ieee754_atan2)
c:/ac6/systemworkbench/plugins/fr.ac6.mcu.externaltools.arm-none.win32_1.7.0.201602121829/tools/compiler/bin/../lib/gcc/arm-none-eabi/5.2.1/../../../../arm-none-eabi/lib/armv7-m\libm.a(lib_a-s_atan.o)
[...]
Memory Configuration

Name             Origin             Length             Attributes
RAM              0x20000000         0x00005000         xrw
FLASH            0x08000000         0x00010000         xr
*default*        0x00000000         0xffffffff

Linker script and memory map

LOAD c:/ac6/systemworkbench/plugins/fr.ac6.mcu.externaltools.arm-none.win32_1.7.0.201602121829/tools/compiler/bin/../lib/gcc/arm-none-eabi/5.2.1/armv7-m/crti.o
LOAD c:/ac6/systemworkbench/plugins/fr.ac6.mcu.externaltools.arm-none.win32_1.7.0.201602121829/tools/compiler/bin/../lib/gcc/arm-none-eabi/5.2.1/armv7-m/crtbegin.o
LOAD c:/ac6/systemworkbench/plugins/fr.ac6.mcu.externaltools.arm-none.win32_1.7.0.201602121829/tools/compiler/bin/../lib/gcc/arm-none-eabi/5.2.1/../../../../arm-none-eabi/lib/armv7-m/crt0.o
LOAD c:/ac6/systemworkbench/plugins/fr.ac6.mcu.externaltools.arm-none.win32_1.7.0.201602121829/tools/compiler/bin/../lib/gcc/arm-none-eabi/5.2.1/../../../../arm-none-eabi/lib/armv7-m\libm.a
LOAD Drivers/CMSIS/Device/ST/STM32F1xx/Source/Templates/gcc/startup_stm32f103xb.o
LOAD Drivers/CMSIS/Device/ST/STM32F1xx/Source/Templates/system_stm32f1xx.o
LOAD Drivers/STM32F1xx_HAL_Driver/Src/stm32f1xx_hal.o
LOAD Drivers/STM32F1xx_HAL_Driver/Src/stm32f1xx_hal_adc.o
LOAD Drivers/STM32F1xx_HAL_Driver/Src/stm32f1xx_hal_adc_ex.o
LOAD Drivers/STM32F1xx_HAL_Driver/Src/stm32f1xx_hal_cortex.o
LOAD Drivers/STM32F1xx_HAL_Driver/Src/stm32f1xx_hal_crc.o
LOAD Drivers/STM32F1xx_HAL_Driver/Src/stm32f1xx_hal_dma.o
LOAD Drivers/STM32F1xx_HAL_Driver/Src/stm32f1xx_hal_flash.o
LOAD Drivers/STM32F1xx_HAL_Driver/Src/stm32f1xx_hal_flash_ex.o
LOAD Drivers/STM32F1xx_HAL_Driver/Src/stm32f1xx_hal_gpio.o
LOAD Drivers/STM32F1xx_HAL_Driver/Src/stm32f1xx_hal_gpio_ex.o
LOAD Drivers/STM32F1xx_HAL_Driver/Src/stm32f1xx_hal_i2c.o
LOAD Drivers/STM32F1xx_HAL_Driver/Src/stm32f1xx_hal_iwdg.o
LOAD Drivers/STM32F1xx_HAL_Driver/Src/stm32f1xx_hal_pcd.o
LOAD Drivers/STM32F1xx_HAL_Driver/Src/stm32f1xx_hal_pcd_ex.o
LOAD Drivers/STM32F1xx_HAL_Driver/Src/stm32f1xx_hal_pwr.o
LOAD Drivers/STM32F1xx_HAL_Driver/Src/stm32f1xx_hal_rcc.o
LOAD Drivers/STM32F1xx_HAL_Driver/Src/stm32f1xx_hal_rcc_ex.o
LOAD Drivers/STM32F1xx_HAL_Driver/Src/stm32f1xx_hal_tim.o
LOAD Drivers/STM32F1xx_HAL_Driver/Src/stm32f1xx_hal_tim_ex.o
LOAD Drivers/STM32F1xx_HAL_Driver/Src/stm32f1xx_hal_uart.o
LOAD Drivers/STM32F1xx_HAL_Driver/Src/stm32f1xx_ll_usb.o
LOAD Middlewares/ST/STM32_USB_Device_Library/Class/DFU/Src/usbd_dfu.o
LOAD Middlewares/ST/STM32_USB_Device_Library/Core/Src/usbd_core.o
LOAD Middlewares/ST/STM32_USB_Device_Library/Core/Src/usbd_ctlreq.o
LOAD Middlewares/ST/STM32_USB_Device_Library/Core/Src/usbd_ioreq.o
LOAD Middlewares/Third_Party/FreeRTOS/Source/CMSIS_RTOS/cmsis_os.o
LOAD Middlewares/Third_Party/FreeRTOS/Source/croutine.o
LOAD Middlewares/Third_Party/FreeRTOS/Source/event_groups.o
LOAD Middlewares/Third_Party/FreeRTOS/Source/list.o
LOAD Middlewares/Third_Party/FreeRTOS/Source/queue.o
LOAD Middlewares/Third_Party/FreeRTOS/Source/tasks.o
LOAD Middlewares/Third_Party/FreeRTOS/Source/timers.o
LOAD Middlewares/Third_Party/FreeRTOS/Source/portable/GCC/ARM_CM3/port.o
LOAD Middlewares/Third_Party/FreeRTOS/Source/portable/MemMang/heap_4.o
LOAD Src/AHRS.o
LOAD Src/Constantes.o
LOAD Src/ServidoresVariables.o
LOAD Src/adc.o
LOAD Src/crc.o
LOAD Src/dma.o
LOAD Src/freertos.o
LOAD Src/gpio.o
LOAD Src/i2c.o
LOAD Src/iwdg.o
LOAD Src/main.o
LOAD Src/stm32f1xx_hal_msp.o
LOAD Src/stm32f1xx_it.o
LOAD Src/tim.o
LOAD Src/usart.o
LOAD Src/usb_device.o
LOAD Src/usbd_conf.o
LOAD Src/usbd_desc.o
LOAD Src/usbd_dfu_if.o
LOAD Src/DSP/arm_add_q15.o
LOAD Src/DSP/arm_copy_q15.o
LOAD Src/DSP/arm_dot_prod_q15.o
LOAD Src/DSP/arm_mat_mult_q15.o
LOAD Src/DSP/arm_scale_q15.o
LOAD Src/DSP/arm_sin_cos_q31.o
LOAD Src/DSP/arm_sqrt_q15.o
LOAD Src/DSP/arm_sqrt_q31.o
LOAD Src/DSP/common_tables.o
LOAD Src/Dispositivos/IMU_9DOF.o
LOAD Src/FuncionesRTOS/TASK_AHRS.o
LOAD Src/FuncionesRTOS/TASK_ALTURA.o
LOAD Src/FuncionesRTOS/TASK_COMPASS.o
LOAD Src/FuncionesRTOS/TASK_CONTROL.o
LOAD Src/FuncionesRTOS/TASK_COORDINADOR.o
LOAD Src/FuncionesRTOS/TASK_IMU.o
START GROUP
LOAD c:/ac6/systemworkbench/plugins/fr.ac6.mcu.externaltools.arm-none.win32_1.7.0.201602121829/tools/compiler/bin/../lib/gcc/arm-none-eabi/5.2.1/armv7-m\libgcc.a
LOAD c:/ac6/systemworkbench/plugins/fr.ac6.mcu.externaltools.arm-none.win32_1.7.0.201602121829/tools/compiler/bin/../lib/gcc/arm-none-eabi/5.2.1/../../../../arm-none-eabi/lib/armv7-m\libc_nano.a
END GROUP
START GROUP
LOAD c:/ac6/systemworkbench/plugins/fr.ac6.mcu.externaltools.arm-none.win32_1.7.0.201602121829/tools/compiler/bin/../lib/gcc/arm-none-eabi/5.2.1/armv7-m\libgcc.a
LOAD c:/ac6/systemworkbench/plugins/fr.ac6.mcu.externaltools.arm-none.win32_1.7.0.201602121829/tools/compiler/bin/../lib/gcc/arm-none-eabi/5.2.1/../../../../arm-none-eabi/lib/armv7-m\libc_nano.a
LOAD c:/ac6/systemworkbench/plugins/fr.ac6.mcu.externaltools.arm-none.win32_1.7.0.201602121829/tools/compiler/bin/../lib/gcc/arm-none-eabi/5.2.1/../../../../arm-none-eabi/lib/armv7-m\libnosys.a
END GROUP
START GROUP
LOAD c:/ac6/systemworkbench/plugins/fr.ac6.mcu.externaltools.arm-none.win32_1.7.0.201602121829/tools/compiler/bin/../lib/gcc/arm-none-eabi/5.2.1/armv7-m\libgcc.a
LOAD c:/ac6/systemworkbench/plugins/fr.ac6.mcu.externaltools.arm-none.win32_1.7.0.201602121829/tools/compiler/bin/../lib/gcc/arm-none-eabi/5.2.1/../../../../arm-none-eabi/lib/armv7-m\libc_nano.a
LOAD c:/ac6/systemworkbench/plugins/fr.ac6.mcu.externaltools.arm-none.win32_1.7.0.201602121829/tools/compiler/bin/../lib/gcc/arm-none-eabi/5.2.1/../../../../arm-none-eabi/lib/armv7-m\libnosys.a
END GROUP
LOAD c:/ac6/systemworkbench/plugins/fr.ac6.mcu.externaltools.arm-none.win32_1.7.0.201602121829/tools/compiler/bin/../lib/gcc/arm-none-eabi/5.2.1/armv7-m/crtend.o
LOAD c:/ac6/systemworkbench/plugins/fr.ac6.mcu.externaltools.arm-none.win32_1.7.0.201602121829/tools/compiler/bin/../lib/gcc/arm-none-eabi/5.2.1/armv7-m/crtn.o
                0x20005000                _estack = 0x20005000
                0x00000200                _Min_Heap_Size = 0x200
                0x00000400                _Min_Stack_Size = 0x400

.isr_vector     0x08000000      0x10c
                0x08000000                . = ALIGN (0x4)
 *(.isr_vector)
 .isr_vector    0x08000000      0x10c Drivers/CMSIS/Device/ST/STM32F1xx/Source/Templates/gcc/startup_stm32f103xb.o
                0x08000000                g_pfnVectors
                0x0800010c                . = ALIGN (0x4)

.text           0x08000110     0x9f44
                0x08000110                . = ALIGN (0x4)
 *(.text)
 .text          0x08000110       0xa4 c:/ac6/systemworkbench/plugins/fr.ac6.mcu.externaltools.arm-none.win32_1.7.0.201602121829/tools/compiler/bin/../lib/gcc/arm-none-eabi/5.2.1/armv7-m/crtbegin.o
 .text          0x080001b4      0x370 c:/ac6/systemworkbench/plugins/fr.ac6.mcu.externaltools.arm-none.win32_1.7.0.201602121829/tools/compiler/bin/../lib/gcc/arm-none-eabi/5.2.1/armv7-m\libgcc.a(_arm_addsubdf3.o)
                0x080001b4                __aeabi_drsub
                0x080001bc                __aeabi_dsub
                0x080001bc                __subdf3
                0x080001c0                __aeabi_dadd
                0x080001c0                __adddf3
                0x08000438                __floatunsidf
                0x08000438                __aeabi_ui2d
                0x08000458                __floatsidf
                0x08000458                __aeabi_i2d
                0x0800047c                __aeabi_f2d
                0x0800047c                __extendsfdf2
                0x080004b8                __floatundidf
                0x080004b8                __aeabi_ul2d
                0x080004c8                __floatdidf
                0x080004c8                __aeabi_l2d
 .text          0x08000524      0x424 c:/ac6/systemworkbench/plugins/fr.ac6.mcu.externaltools.arm-none.win32_1.7.0.201602121829/tools/compiler/bin/../lib/gcc/arm-none-eabi/5.2.1/armv7-m\libgcc.a(_arm_muldivdf3.o)
                0x08000524                __aeabi_dmul
                0x08000524                __muldf3
                0x08000778                __divdf3
                0x08000778                __aeabi_ddiv
 .text          0x08000948       0x50 c:/ac6/systemworkbench/plugins/fr.ac6.mcu.externaltools.arm-none.win32_1.7.0.201602121829/tools/compiler/bin/../lib/gcc/arm-none-eabi/5.2.1/armv7-m\libgcc.a(_arm_fixdfsi.o)
                0x08000948                __aeabi_d2iz
                0x08000948                __fixdfsi
 .text          0x08000998      0x21c c:/ac6/systemworkbench/plugins/fr.ac6.mcu.externaltools.arm-none.win32_1.7.0.201602121829/tools/compiler/bin/../lib/gcc/arm-none-eabi/5.2.1/armv7-m\libgcc.a(_arm_addsubsf3.o)
                0x08000998                __aeabi_frsub
                0x080009a0                __subsf3
                0x080009a0                __aeabi_fsub
                0x080009a4                __aeabi_fadd
                0x080009a4                __addsf3
                0x08000b04                __aeabi_ui2f
                0x08000b04                __floatunsisf
                0x08000b0c                __aeabi_i2f
                0x08000b0c                __floatsisf
                0x08000b28                __aeabi_ul2f
                0x08000b28                __floatundisf
                0x08000b38                __aeabi_l2f
                0x08000b38                __floatdisf
 .text          0x08000bb4      0x2a0 c:/ac6/systemworkbench/plugins/fr.ac6.mcu.externaltools.arm-none.win32_1.7.0.201602121829/tools/compiler/bin/../lib/gcc/arm-none-eabi/5.2.1/armv7-m\libgcc.a(_arm_muldivsf3.o)
                0x08000bb4                __mulsf3
                0x08000bb4                __aeabi_fmul
                0x08000d1c                __aeabi_fdiv
                0x08000d1c                __divsf3
 .text          0x08000e54       0x4c c:/ac6/systemworkbench/plugins/fr.ac6.mcu.externaltools.arm-none.win32_1.7.0.201602121829/tools/compiler/bin/../lib/gcc/arm-none-eabi/5.2.1/armv7-m\libgcc.a(_arm_fixsfsi.o)
                0x08000e54                __aeabi_f2iz
                0x08000e54                __fixsfsi
 .text          0x08000ea0      0x110 c:/ac6/systemworkbench/plugins/fr.ac6.mcu.externaltools.arm-none.win32_1.7.0.201602121829/tools/compiler/bin/../lib/gcc/arm-none-eabi/5.2.1/armv7-m\libgcc.a(_arm_cmpdf2.o)
                0x08000ea0                __gtdf2
                0x08000ea0                __gedf2
                0x08000ea8                __ltdf2
                0x08000ea8                __ledf2
                0x08000eb0                __nedf2
                0x08000eb0                __eqdf2
                0x08000eb0                __cmpdf2
                0x08000f2c                __aeabi_cdrcmple
                0x08000f3c                __aeabi_cdcmpeq
                0x08000f3c                __aeabi_cdcmple
                0x08000f4c                __aeabi_dcmpeq
                0x08000f60                __aeabi_dcmplt
                0x08000f74                __aeabi_dcmple
                0x08000f88                __aeabi_dcmpge
                0x08000f9c                __aeabi_dcmpgt
 *(.text*)
 .text.Reset_Handler
                0x08000fb0       0x48 Drivers/CMSIS/Device/ST/STM32F1xx/Source/Templates/gcc/startup_stm32f103xb.o
                0x08000fb0                Reset_Handler
 .text.Default_Handler
                0x08000ff8        0x2 Drivers/CMSIS/Device/ST/STM32F1xx/Source/Templates/gcc/startup_stm32f103xb.o
                0x08000ff8                RTC_Alarm_IRQHandler
                0x08000ff8                EXTI2_IRQHandler
                0x08000ff8                TIM1_CC_IRQHandler
                0x08000ff8                PVD_IRQHandler
                0x08000ff8                EXTI3_IRQHandler
                0x08000ff8                EXTI0_IRQHandler
                0x08000ff8                I2C2_EV_IRQHandler
                0x08000ff8                ADC1_2_IRQHandler
                0x08000ff8                SPI1_IRQHandler
                0x08000ff8                TAMPER_IRQHandler
                0x08000ff8                USART3_IRQHandler
                0x08000ff8                RTC_IRQHandler
                0x08000ff8                CAN1_RX1_IRQHandler
                0x08000ff8                TIM4_IRQHandler
                0x08000ff8                I2C1_EV_IRQHandler
                0x08000ff8                TIM3_IRQHandler
                0x08000ff8                RCC_IRQHandler
                0x08000ff8                TIM1_TRG_COM_IRQHandler
                0x08000ff8                DMA1_Channel1_IRQHandler
                0x08000ff8                Default_Handler
                0x08000ff8                EXTI15_10_IRQHandler
                0x08000ff8                EXTI9_5_IRQHandler
                0x08000ff8                SPI2_IRQHandler
                0x08000ff8                EXTI4_IRQHandler
                0x08000ff8                USB_HP_CAN1_TX_IRQHandler
                0x08000ff8                DMA1_Channel3_IRQHandler
                0x08000ff8                TIM1_UP_IRQHandler
                0x08000ff8                WWDG_IRQHandler
                0x08000ff8                TIM2_IRQHandler
                0x08000ff8                TIM1_BRK_IRQHandler
                0x08000ff8                EXTI1_IRQHandler
                0x08000ff8                USART2_IRQHandler
                0x08000ff8                DMA1_Channel2_IRQHandler
                0x08000ff8                CAN1_SCE_IRQHandler
                0x08000ff8                FLASH_IRQHandler
                0x08000ff8                USART1_IRQHandler
                0x08000ff8                I2C1_ER_IRQHandler
                0x08000ff8                USBWakeUp_IRQHandler
 *fill*         0x08000ffa        0x2 
 .text.SystemInit
                0x08000ffc       0x50 Drivers/CMSIS/Device/ST/STM32F1xx/Source/Templates/system_stm32f1xx.o
                0x08000ffc                SystemInit
 .text.HAL_InitTick
                0x0800104c       0x28 Drivers/STM32F1xx_HAL_Driver/Src/stm32f1xx_hal.o
                0x0800104c                HAL_InitTick
 .text.HAL_Init
                0x08001074       0x24 Drivers/STM32F1xx_HAL_Driver/Src/stm32f1xx_hal.o
                0x08001074                HAL_Init
 .text.HAL_IncTick
                0x08001098       0x10 Drivers/STM32F1xx_HAL_Driver/Src/stm32f1xx_hal.o
                0x08001098                HAL_IncTick
 .text.HAL_GetTick
                0x080010a8        0xc Drivers/STM32F1xx_HAL_Driver/Src/stm32f1xx_hal.o
                0x080010a8                HAL_GetTick
 .text.HAL_Delay
                0x080010b4       0x1c Drivers/STM32F1xx_HAL_Driver/Src/stm32f1xx_hal.o
                0x080010b4                HAL_Delay
 .text.HAL_ADC_Init
                0x080010d0      0x25c Drivers/STM32F1xx_HAL_Driver/Src/stm32f1xx_hal_adc.o
                0x080010d0                HAL_ADC_Init
 .text.HAL_ADC_ConfigChannel
                0x0800132c      0x20c Drivers/STM32F1xx_HAL_Driver/Src/stm32f1xx_hal_adc.o
                0x0800132c                HAL_ADC_ConfigChannel
 .text.HAL_NVIC_SetPriorityGrouping
                0x08001538       0x38 Drivers/STM32F1xx_HAL_Driver/Src/stm32f1xx_hal_cortex.o
                0x08001538                HAL_NVIC_SetPriorityGrouping
 .text.HAL_NVIC_SetPriority
                0x08001570       0x94 Drivers/STM32F1xx_HAL_Driver/Src/stm32f1xx_hal_cortex.o
                0x08001570                HAL_NVIC_SetPriority
 .text.HAL_NVIC_EnableIRQ
                0x08001604       0x2c Drivers/STM32F1xx_HAL_Driver/Src/stm32f1xx_hal_cortex.o
                0x08001604                HAL_NVIC_EnableIRQ
 .text.HAL_SYSTICK_Config
                0x08001630       0x30 Drivers/STM32F1xx_HAL_Driver/Src/stm32f1xx_hal_cortex.o
                0x08001630                HAL_SYSTICK_Config
 .text.HAL_SYSTICK_CLKSourceConfig
                0x08001660       0x34 Drivers/STM32F1xx_HAL_Driver/Src/stm32f1xx_hal_cortex.o
                0x08001660                HAL_SYSTICK_CLKSourceConfig
 .text.HAL_CRC_Init
                0x08001694       0x44 Drivers/STM32F1xx_HAL_Driver/Src/stm32f1xx_hal_crc.o
                0x08001694                HAL_CRC_Init
 .text.HAL_DMA_Init
                0x080016d8      0x12c Drivers/STM32F1xx_HAL_Driver/Src/stm32f1xx_hal_dma.o
                0x080016d8                HAL_DMA_Init
 .text.HAL_DMA_Start_IT
                0x08001804       0x84 Drivers/STM32F1xx_HAL_Driver/Src/stm32f1xx_hal_dma.o
                0x08001804                HAL_DMA_Start_IT
 .text.HAL_DMA_IRQHandler
                0x08001888      0x3ec Drivers/STM32F1xx_HAL_Driver/Src/stm32f1xx_hal_dma.o
                0x08001888                HAL_DMA_IRQHandler
 .text.HAL_GPIO_Init
                0x08001c74      0x324 Drivers/STM32F1xx_HAL_Driver/Src/stm32f1xx_hal_gpio.o
                0x08001c74                HAL_GPIO_Init
 .text.HAL_GPIO_WritePin
                0x08001f98       0x38 Drivers/STM32F1xx_HAL_Driver/Src/stm32f1xx_hal_gpio.o
                0x08001f98                HAL_GPIO_WritePin
 .text.I2C_MasterRequestWrite
                0x08001fd0      0x138 Drivers/STM32F1xx_HAL_Driver/Src/stm32f1xx_hal_i2c.o
 .text.HAL_I2C_Init
                0x08002108      0x1d0 Drivers/STM32F1xx_HAL_Driver/Src/stm32f1xx_hal_i2c.o
                0x08002108                HAL_I2C_Init
 .text.HAL_I2C_Master_Transmit_DMA
                0x080022d8       0xe4 Drivers/STM32F1xx_HAL_Driver/Src/stm32f1xx_hal_i2c.o
                0x080022d8                HAL_I2C_Master_Transmit_DMA
 .text.HAL_I2C_MasterTxCpltCallback
                0x080023bc        0x4 Drivers/STM32F1xx_HAL_Driver/Src/stm32f1xx_hal_i2c.o
                0x080023bc                HAL_I2C_MasterTxCpltCallback
 .text.HAL_I2C_SlaveTxCpltCallback
                0x080023c0        0x4 Drivers/STM32F1xx_HAL_Driver/Src/stm32f1xx_hal_i2c.o
                0x080023c0                HAL_I2C_SlaveTxCpltCallback
 .text.HAL_I2C_ErrorCallback
                0x080023c4        0x4 Drivers/STM32F1xx_HAL_Driver/Src/stm32f1xx_hal_i2c.o
                0x080023c4                HAL_I2C_ErrorCallback
 .text.I2C_DMAError
                0x080023c8       0x2c Drivers/STM32F1xx_HAL_Driver/Src/stm32f1xx_hal_i2c.o
 .text.I2C_DMAMasterTransmitCplt
                0x080023f4       0x68 Drivers/STM32F1xx_HAL_Driver/Src/stm32f1xx_hal_i2c.o
 .text.HAL_I2C_ER_IRQHandler
                0x0800245c       0xec Drivers/STM32F1xx_HAL_Driver/Src/stm32f1xx_hal_i2c.o
                0x0800245c                HAL_I2C_ER_IRQHandler
 .text.HAL_IWDG_MspInit
                0x08002548        0x4 Drivers/STM32F1xx_HAL_Driver/Src/stm32f1xx_hal_iwdg.o
                0x08002548                HAL_IWDG_MspInit
 .text.HAL_IWDG_Init
                0x0800254c       0x9c Drivers/STM32F1xx_HAL_Driver/Src/stm32f1xx_hal_iwdg.o
                0x0800254c                HAL_IWDG_Init
 .text.HAL_PCD_Init
                0x080025e8      0x408 Drivers/STM32F1xx_HAL_Driver/Src/stm32f1xx_hal_pcd.o
                0x080025e8                HAL_PCD_Init
 .text.HAL_PCD_Start
                0x080029f0       0x30 Drivers/STM32F1xx_HAL_Driver/Src/stm32f1xx_hal_pcd.o
                0x080029f0                HAL_PCD_Start
 .text.HAL_PCD_Stop
                0x08002a20       0x30 Drivers/STM32F1xx_HAL_Driver/Src/stm32f1xx_hal_pcd.o
                0x08002a20                HAL_PCD_Stop
 .text.HAL_PCD_IRQHandler
                0x08002a50      0x5cc Drivers/STM32F1xx_HAL_Driver/Src/stm32f1xx_hal_pcd.o
                0x08002a50                HAL_PCD_IRQHandler
 .text.HAL_PCD_SetAddress
                0x0800301c       0x28 Drivers/STM32F1xx_HAL_Driver/Src/stm32f1xx_hal_pcd.o
                0x0800301c                HAL_PCD_SetAddress
 .text.HAL_PCD_EP_Open
                0x08003044       0x4c Drivers/STM32F1xx_HAL_Driver/Src/stm32f1xx_hal_pcd.o
                0x08003044                HAL_PCD_EP_Open
 .text.HAL_PCD_EP_Receive
                0x08003090       0x48 Drivers/STM32F1xx_HAL_Driver/Src/stm32f1xx_hal_pcd.o
                0x08003090                HAL_PCD_EP_Receive
 .text.HAL_PCD_EP_Transmit
                0x080030d8       0x40 Drivers/STM32F1xx_HAL_Driver/Src/stm32f1xx_hal_pcd.o
                0x080030d8                HAL_PCD_EP_Transmit
 .text.HAL_PCD_EP_SetStall
                0x08003118       0x58 Drivers/STM32F1xx_HAL_Driver/Src/stm32f1xx_hal_pcd.o
                0x08003118                HAL_PCD_EP_SetStall
 .text.HAL_PCD_EP_ClrStall
                0x08003170       0x4c Drivers/STM32F1xx_HAL_Driver/Src/stm32f1xx_hal_pcd.o
                0x08003170                HAL_PCD_EP_ClrStall
 .text.HAL_PCDEx_PMAConfig
                0x080031bc       0x34 Drivers/STM32F1xx_HAL_Driver/Src/stm32f1xx_hal_pcd_ex.o
                0x080031bc                HAL_PCDEx_PMAConfig
 .text.HAL_RCC_OscConfig
                0x080031f0      0x66c Drivers/STM32F1xx_HAL_Driver/Src/stm32f1xx_hal_rcc.o
                0x080031f0                HAL_RCC_OscConfig
 .text.HAL_RCC_ClockConfig
                0x0800385c      0x2c0 Drivers/STM32F1xx_HAL_Driver/Src/stm32f1xx_hal_rcc.o
                0x0800385c                HAL_RCC_ClockConfig
 .text.HAL_RCC_GetHCLKFreq
                0x08003b1c        0xc Drivers/STM32F1xx_HAL_Driver/Src/stm32f1xx_hal_rcc.o
                0x08003b1c                HAL_RCC_GetHCLKFreq
 .text.HAL_RCC_GetPCLK1Freq
                0x08003b28       0x30 Drivers/STM32F1xx_HAL_Driver/Src/stm32f1xx_hal_rcc.o
                0x08003b28                HAL_RCC_GetPCLK1Freq
 .text.HAL_RCC_GetPCLK2Freq
                0x08003b58       0x30 Drivers/STM32F1xx_HAL_Driver/Src/stm32f1xx_hal_rcc.o
                0x08003b58                HAL_RCC_GetPCLK2Freq
 .text.HAL_RCCEx_PeriphCLKConfig
                0x08003b88      0x168 Drivers/STM32F1xx_HAL_Driver/Src/stm32f1xx_hal_rcc_ex.o
                0x08003b88                HAL_RCCEx_PeriphCLKConfig
 .text.TIM_OC1_SetConfig
                0x08003cf0       0xa4 Drivers/STM32F1xx_HAL_Driver/Src/stm32f1xx_hal_tim.o
 .text.TIM_OC3_SetConfig
                0x08003d94       0xa4 Drivers/STM32F1xx_HAL_Driver/Src/stm32f1xx_hal_tim.o
 .text.HAL_TIM_Base_Init
                0x08003e38      0x108 Drivers/STM32F1xx_HAL_Driver/Src/stm32f1xx_hal_tim.o
                0x08003e38                HAL_TIM_Base_Init
 .text.HAL_TIM_PWM_Init
                0x08003f40      0x10c Drivers/STM32F1xx_HAL_Driver/Src/stm32f1xx_hal_tim.o
                0x08003f40                HAL_TIM_PWM_Init
 .text.HAL_TIM_ConfigClockSource
                0x0800404c      0x494 Drivers/STM32F1xx_HAL_Driver/Src/stm32f1xx_hal_tim.o
                0x0800404c                HAL_TIM_ConfigClockSource
 .text.TIM_OC2_SetConfig
                0x080044e0       0xa4 Drivers/STM32F1xx_HAL_Driver/Src/stm32f1xx_hal_tim.o
                0x080044e0                TIM_OC2_SetConfig
 .text.HAL_TIM_PWM_ConfigChannel
                0x08004584      0x238 Drivers/STM32F1xx_HAL_Driver/Src/stm32f1xx_hal_tim.o
                0x08004584                HAL_TIM_PWM_ConfigChannel
 .text.HAL_TIMEx_MasterConfigSynchronization
                0x080047bc       0xa8 Drivers/STM32F1xx_HAL_Driver/Src/stm32f1xx_hal_tim_ex.o
                0x080047bc                HAL_TIMEx_MasterConfigSynchronization
 .text.UART_SetConfig
                0x08004864      0x20c Drivers/STM32F1xx_HAL_Driver/Src/stm32f1xx_hal_uart.o
 .text.HAL_UART_Init
                0x08004a70       0xfc Drivers/STM32F1xx_HAL_Driver/Src/stm32f1xx_hal_uart.o
                0x08004a70                HAL_UART_Init
 .text.USB_CoreInit
                0x08004b6c       0x10 Drivers/STM32F1xx_HAL_Driver/Src/stm32f1xx_ll_usb.o
                0x08004b6c                USB_CoreInit
 .text.USB_EnableGlobalInt
                0x08004b7c       0x14 Drivers/STM32F1xx_HAL_Driver/Src/stm32f1xx_ll_usb.o
                0x08004b7c                USB_EnableGlobalInt
 .text.USB_DisableGlobalInt
                0x08004b90       0x14 Drivers/STM32F1xx_HAL_Driver/Src/stm32f1xx_ll_usb.o
                0x08004b90                USB_DisableGlobalInt
 .text.USB_SetCurrentMode
                0x08004ba4        0x4 Drivers/STM32F1xx_HAL_Driver/Src/stm32f1xx_ll_usb.o
                0x08004ba4                USB_SetCurrentMode
 .text.USB_DevInit
                0x08004ba8       0x28 Drivers/STM32F1xx_HAL_Driver/Src/stm32f1xx_ll_usb.o
                0x08004ba8                USB_DevInit
 .text.USB_ActivateEndpoint
                0x08004bd0      0x34c Drivers/STM32F1xx_HAL_Driver/Src/stm32f1xx_ll_usb.o
                0x08004bd0                USB_ActivateEndpoint
 .text.USB_EPStartXfer
                0x08004f1c      0x268 Drivers/STM32F1xx_HAL_Driver/Src/stm32f1xx_ll_usb.o
                0x08004f1c                USB_EPStartXfer
 .text.USB_EPSetStall
                0x08005184       0x74 Drivers/STM32F1xx_HAL_Driver/Src/stm32f1xx_ll_usb.o
                0x08005184                USB_EPSetStall
 .text.USB_EPClearStall
                0x080051f8       0xa0 Drivers/STM32F1xx_HAL_Driver/Src/stm32f1xx_ll_usb.o
                0x080051f8                USB_EPClearStall
 .text.USB_StopDevice
                0x08005298       0x18 Drivers/STM32F1xx_HAL_Driver/Src/stm32f1xx_ll_usb.o
                0x08005298                USB_StopDevice
 .text.USB_SetDevAddress
                0x080052b0        0xc Drivers/STM32F1xx_HAL_Driver/Src/stm32f1xx_ll_usb.o
                0x080052b0                USB_SetDevAddress
 .text.USB_DevConnect
                0x080052bc        0x4 Drivers/STM32F1xx_HAL_Driver/Src/stm32f1xx_ll_usb.o
                0x080052bc                USB_DevConnect
 .text.USB_DevDisconnect
                0x080052c0        0x4 Drivers/STM32F1xx_HAL_Driver/Src/stm32f1xx_ll_usb.o
                0x080052c0                USB_DevDisconnect
 .text.USB_ReadInterrupts
                0x080052c4        0x8 Drivers/STM32F1xx_HAL_Driver/Src/stm32f1xx_ll_usb.o
                0x080052c4                USB_ReadInterrupts
 .text.USB_EP0_OutStart
                0x080052cc        0x4 Drivers/STM32F1xx_HAL_Driver/Src/stm32f1xx_ll_usb.o
                0x080052cc                USB_EP0_OutStart
 .text.USB_WritePMA
                0x080052d0       0x24 Drivers/STM32F1xx_HAL_Driver/Src/stm32f1xx_ll_usb.o
                0x080052d0                USB_WritePMA
 .text.USB_ReadPMA
                0x080052f4       0x1c Drivers/STM32F1xx_HAL_Driver/Src/stm32f1xx_ll_usb.o
                0x080052f4                USB_ReadPMA
 .text.USBD_DFU_GetCfgDesc
                0x08005310        0xc Middlewares/ST/STM32_USB_Device_Library/Class/DFU/Src/usbd_dfu.o
 .text.USBD_DFU_SOF
                0x0800531c        0x4 Middlewares/ST/STM32_USB_Device_Library/Class/DFU/Src/usbd_dfu.o
 .text.USBD_DFU_DataOut
                0x08005320        0x4 Middlewares/ST/STM32_USB_Device_Library/Class/DFU/Src/usbd_dfu.o
 .text.USBD_DFU_GetDeviceQualifierDesc
                0x08005324        0xc Middlewares/ST/STM32_USB_Device_Library/Class/DFU/Src/usbd_dfu.o
 .text.USBD_DFU_GetUsrStringDesc
                0x08005330       0x20 Middlewares/ST/STM32_USB_Device_Library/Class/DFU/Src/usbd_dfu.o
 .text.USBD_DFU_EP0_TxReady
                0x08005350      0x16c Middlewares/ST/STM32_USB_Device_Library/Class/DFU/Src/usbd_dfu.o
 .text.USBD_DFU_DeInit
                0x080054bc       0x40 Middlewares/ST/STM32_USB_Device_Library/Class/DFU/Src/usbd_dfu.o
 .text.USBD_DFU_Init
                0x080054fc       0x5c Middlewares/ST/STM32_USB_Device_Library/Class/DFU/Src/usbd_dfu.o
 .text.USBD_DFU_Setup
                0x08005558      0x3c4 Middlewares/ST/STM32_USB_Device_Library/Class/DFU/Src/usbd_dfu.o
 .text.USBD_DFU_IsoOutIncomplete
                0x0800591c        0x4 Middlewares/ST/STM32_USB_Device_Library/Class/DFU/Src/usbd_dfu.o
 .text.USBD_DFU_DataIn
                0x08005920        0x4 Middlewares/ST/STM32_USB_Device_Library/Class/DFU/Src/usbd_dfu.o
 .text.USBD_DFU_IsoINIncomplete
                0x08005924        0x4 Middlewares/ST/STM32_USB_Device_Library/Class/DFU/Src/usbd_dfu.o
 .text.USBD_DFU_EP0_RxReady
                0x08005928        0x4 Middlewares/ST/STM32_USB_Device_Library/Class/DFU/Src/usbd_dfu.o
 .text.USBD_DFU_RegisterMedia
                0x0800592c        0xc Middlewares/ST/STM32_USB_Device_Library/Class/DFU/Src/usbd_dfu.o
                0x0800592c                USBD_DFU_RegisterMedia
 .text.USBD_Init
                0x08005938       0x2c Middlewares/ST/STM32_USB_Device_Library/Core/Src/usbd_core.o
                0x08005938                USBD_Init
 .text.USBD_RegisterClass
                0x08005964       0x10 Middlewares/ST/STM32_USB_Device_Library/Core/Src/usbd_core.o
                0x08005964                USBD_RegisterClass
 .text.USBD_Start
                0x08005974        0xc Middlewares/ST/STM32_USB_Device_Library/Core/Src/usbd_core.o
                0x08005974                USBD_Start
 .text.USBD_Stop
                0x08005980       0x18 Middlewares/ST/STM32_USB_Device_Library/Core/Src/usbd_core.o
                0x08005980                USBD_Stop
 .text.USBD_SetClassConfig
                0x08005998       0x14 Middlewares/ST/STM32_USB_Device_Library/Core/Src/usbd_core.o
                0x08005998                USBD_SetClassConfig
 .text.USBD_ClrClassConfig
                0x080059ac       0x10 Middlewares/ST/STM32_USB_Device_Library/Core/Src/usbd_core.o
                0x080059ac                USBD_ClrClassConfig
 .text.USBD_LL_SetupStage
                0x080059bc       0x60 Middlewares/ST/STM32_USB_Device_Library/Core/Src/usbd_core.o
                0x080059bc                USBD_LL_SetupStage
 .text.USBD_LL_DataOutStage
                0x08005a1c       0x6c Middlewares/ST/STM32_USB_Device_Library/Core/Src/usbd_core.o
                0x08005a1c                USBD_LL_DataOutStage
 .text.USBD_LL_DataInStage
                0x08005a88       0xa4 Middlewares/ST/STM32_USB_Device_Library/Core/Src/usbd_core.o
                0x08005a88                USBD_LL_DataInStage
 .text.USBD_LL_Reset
                0x08005b2c       0x40 Middlewares/ST/STM32_USB_Device_Library/Core/Src/usbd_core.o
                0x08005b2c                USBD_LL_Reset
 .text.USBD_LL_SetSpeed
                0x08005b6c        0x8 Middlewares/ST/STM32_USB_Device_Library/Core/Src/usbd_core.o
                0x08005b6c                USBD_LL_SetSpeed
 .text.USBD_LL_Suspend
                0x08005b74       0x14 Middlewares/ST/STM32_USB_Device_Library/Core/Src/usbd_core.o
                0x08005b74                USBD_LL_Suspend
 .text.USBD_LL_Resume
                0x08005b88       0x10 Middlewares/ST/STM32_USB_Device_Library/Core/Src/usbd_core.o
                0x08005b88                USBD_LL_Resume
 .text.USBD_LL_SOF
                0x08005b98       0x1c Middlewares/ST/STM32_USB_Device_Library/Core/Src/usbd_core.o
                0x08005b98                USBD_LL_SOF
 .text.USBD_StdDevReq
                0x08005bb4      0x2ac Middlewares/ST/STM32_USB_Device_Library/Core/Src/usbd_ctlreq.o
                0x08005bb4                USBD_StdDevReq
 .text.USBD_StdItfReq
                0x08005e60       0x3c Middlewares/ST/STM32_USB_Device_Library/Core/Src/usbd_ctlreq.o
                0x08005e60                USBD_StdItfReq
 .text.USBD_StdEPReq
                0x08005e9c       0xd0 Middlewares/ST/STM32_USB_Device_Library/Core/Src/usbd_ctlreq.o
                0x08005e9c                USBD_StdEPReq
 .text.USBD_ParseSetupRequest
                0x08005f6c       0x28 Middlewares/ST/STM32_USB_Device_Library/Core/Src/usbd_ctlreq.o
                0x08005f6c                USBD_ParseSetupRequest
 .text.USBD_CtlError
                0x08005f94       0x18 Middlewares/ST/STM32_USB_Device_Library/Core/Src/usbd_ctlreq.o
                0x08005f94                USBD_CtlError
 .text.USBD_GetString
                0x08005fac       0x4c Middlewares/ST/STM32_USB_Device_Library/Core/Src/usbd_ctlreq.o
                0x08005fac                USBD_GetString
 .text.USBD_CtlSendData
                0x08005ff8       0x1c Middlewares/ST/STM32_USB_Device_Library/Core/Src/usbd_ioreq.o
                0x08005ff8                USBD_CtlSendData
 .text.USBD_CtlContinueSendData
                0x08006014       0x10 Middlewares/ST/STM32_USB_Device_Library/Core/Src/usbd_ioreq.o
                0x08006014                USBD_CtlContinueSendData
 .text.USBD_CtlPrepareRx
                0x08006024       0x20 Middlewares/ST/STM32_USB_Device_Library/Core/Src/usbd_ioreq.o
                0x08006024                USBD_CtlPrepareRx
 .text.USBD_CtlContinueRx
                0x08006044       0x10 Middlewares/ST/STM32_USB_Device_Library/Core/Src/usbd_ioreq.o
                0x08006044                USBD_CtlContinueRx
 .text.USBD_CtlSendStatus
                0x08006054       0x18 Middlewares/ST/STM32_USB_Device_Library/Core/Src/usbd_ioreq.o
                0x08006054                USBD_CtlSendStatus
 .text.USBD_CtlReceiveStatus
                0x0800606c       0x18 Middlewares/ST/STM32_USB_Device_Library/Core/Src/usbd_ioreq.o
                0x0800606c                USBD_CtlReceiveStatus
 .text.osKernelStart
                0x08006084        0xc Middlewares/Third_Party/FreeRTOS/Source/CMSIS_RTOS/cmsis_os.o
                0x08006084                osKernelStart
 .text.osThreadCreate
                0x08006090       0x38 Middlewares/Third_Party/FreeRTOS/Source/CMSIS_RTOS/cmsis_os.o
                0x08006090                osThreadCreate
 .text.osDelay  0x080060c8       0x10 Middlewares/Third_Party/FreeRTOS/Source/CMSIS_RTOS/cmsis_os.o
                0x080060c8                osDelay
 .text.osTimerCreate
                0x080060d8       0x28 Middlewares/Third_Party/FreeRTOS/Source/CMSIS_RTOS/cmsis_os.o
                0x080060d8                osTimerCreate
 .text.osMutexCreate
                0x08006100        0x8 Middlewares/Third_Party/FreeRTOS/Source/CMSIS_RTOS/cmsis_os.o
                0x08006100                osMutexCreate
 .text.osSemaphoreCreate
                0x08006108       0x28 Middlewares/Third_Party/FreeRTOS/Source/CMSIS_RTOS/cmsis_os.o
                0x08006108                osSemaphoreCreate
 .text.osSystickHandler
                0x08006130       0x14 Middlewares/Third_Party/FreeRTOS/Source/CMSIS_RTOS/cmsis_os.o
                0x08006130                osSystickHandler
 .text.vListInitialise
                0x08006144       0x18 Middlewares/Third_Party/FreeRTOS/Source/list.o
                0x08006144                vListInitialise
 .text.vListInitialiseItem
                0x0800615c        0x8 Middlewares/Third_Party/FreeRTOS/Source/list.o
                0x0800615c                vListInitialiseItem
 .text.vListInsertEnd
                0x08006164       0x1c Middlewares/Third_Party/FreeRTOS/Source/list.o
                0x08006164                vListInsertEnd
 .text.vListInsert
                0x08006180       0x34 Middlewares/Third_Party/FreeRTOS/Source/list.o
                0x08006180                vListInsert
 .text.uxListRemove
                0x080061b4       0x28 Middlewares/Third_Party/FreeRTOS/Source/list.o
                0x080061b4                uxListRemove
 .text.unlikely.prvCopyDataFromQueue
                0x080061dc       0x24 Middlewares/Third_Party/FreeRTOS/Source/queue.o
 .text.prvUnlockQueue
                0x08006200       0x84 Middlewares/Third_Party/FreeRTOS/Source/queue.o
 .text.xQueueGenericCreate
                0x08006284       0x80 Middlewares/Third_Party/FreeRTOS/Source/queue.o
                0x08006284                xQueueGenericCreate
 .text.xQueueGenericSend
                0x08006304      0x2cc Middlewares/Third_Party/FreeRTOS/Source/queue.o
                0x08006304                xQueueGenericSend
 .text.xQueueCreateMutex
                0x080065d0       0x4c Middlewares/Third_Party/FreeRTOS/Source/queue.o
                0x080065d0                xQueueCreateMutex
 .text.xQueueGenericSendFromISR
                0x0800661c      0x138 Middlewares/Third_Party/FreeRTOS/Source/queue.o
                0x0800661c                xQueueGenericSendFromISR
 .text.xQueueGenericReceive
                0x08006754      0x264 Middlewares/Third_Party/FreeRTOS/Source/queue.o
                0x08006754                xQueueGenericReceive
 .text.vQueueAddToRegistry
                0x080069b8       0x54 Middlewares/Third_Party/FreeRTOS/Source/queue.o
                0x080069b8                vQueueAddToRegistry
 .text.vQueueWaitForMessageRestricted
                0x08006a0c       0xb4 Middlewares/Third_Party/FreeRTOS/Source/queue.o
                0x08006a0c                vQueueWaitForMessageRestricted
 .text.xTaskGenericCreate
                0x08006ac0      0x1a8 Middlewares/Third_Party/FreeRTOS/Source/tasks.o
                0x08006ac0                xTaskGenericCreate
 .text.vTaskStartScheduler
                0x08006c68      0x18c Middlewares/Third_Party/FreeRTOS/Source/tasks.o
                0x08006c68                vTaskStartScheduler
 .text.vTaskSuspendAll
                0x08006df4       0x14 Middlewares/Third_Party/FreeRTOS/Source/tasks.o
                0x08006df4                vTaskSuspendAll
 .text.xTaskGetTickCount
                0x08006e08        0xc Middlewares/Third_Party/FreeRTOS/Source/tasks.o
                0x08006e08                xTaskGetTickCount
 .text.xTaskIncrementTick
                0x08006e14      0x124 Middlewares/Third_Party/FreeRTOS/Source/tasks.o
                0x08006e14                xTaskIncrementTick
 .text.xTaskResumeAll
                0x08006f38       0xe0 Middlewares/Third_Party/FreeRTOS/Source/tasks.o
                0x08006f38                xTaskResumeAll
 .text.vTaskDelay
                0x08007018       0x90 Middlewares/Third_Party/FreeRTOS/Source/tasks.o
                0x08007018                vTaskDelay
 .text.prvIdleTask
                0x080070a8       0x6c Middlewares/Third_Party/FreeRTOS/Source/tasks.o
 .text.vTaskSwitchContext
                0x08007114       0x54 Middlewares/Third_Party/FreeRTOS/Source/tasks.o
                0x08007114                vTaskSwitchContext
 .text.vTaskPlaceOnEventList
                0x08007168       0x90 Middlewares/Third_Party/FreeRTOS/Source/tasks.o
                0x08007168                vTaskPlaceOnEventList
 .text.vTaskPlaceOnEventListRestricted
                0x080071f8       0x90 Middlewares/Third_Party/FreeRTOS/Source/tasks.o
                0x080071f8                vTaskPlaceOnEventListRestricted
 .text.xTaskRemoveFromEventList
                0x08007288       0x70 Middlewares/Third_Party/FreeRTOS/Source/tasks.o
                0x08007288                xTaskRemoveFromEventList
 .text.vTaskSetTimeOutState
                0x080072f8       0x20 Middlewares/Third_Party/FreeRTOS/Source/tasks.o
                0x080072f8                vTaskSetTimeOutState
 .text.xTaskCheckForTimeOut
                0x08007318       0x70 Middlewares/Third_Party/FreeRTOS/Source/tasks.o
                0x08007318                xTaskCheckForTimeOut
 .text.vTaskMissedYield
                0x08007388       0x10 Middlewares/Third_Party/FreeRTOS/Source/tasks.o
                0x08007388                vTaskMissedYield
 .text.xTaskGetSchedulerState
                0x08007398       0x20 Middlewares/Third_Party/FreeRTOS/Source/tasks.o
                0x08007398                xTaskGetSchedulerState
 .text.vTaskPriorityInherit
                0x080073b8       0xa0 Middlewares/Third_Party/FreeRTOS/Source/tasks.o
                0x080073b8                vTaskPriorityInherit
 .text.xTaskPriorityDisinherit
                0x08007458       0x94 Middlewares/Third_Party/FreeRTOS/Source/tasks.o
                0x08007458                xTaskPriorityDisinherit
 .text.pvTaskIncrementMutexHeldCount
                0x080074ec       0x18 Middlewares/Third_Party/FreeRTOS/Source/tasks.o
                0x080074ec                pvTaskIncrementMutexHeldCount
 .text.xTimerCreateTimerTask
                0x08007504       0x84 Middlewares/Third_Party/FreeRTOS/Source/timers.o
                0x08007504                xTimerCreateTimerTask
 .text.xTimerCreate
                0x08007588       0x90 Middlewares/Third_Party/FreeRTOS/Source/timers.o
                0x08007588                xTimerCreate
 .text.xTimerGenericCommand
                0x08007618       0x58 Middlewares/Third_Party/FreeRTOS/Source/timers.o
                0x08007618                xTimerGenericCommand
 .text.prvTimerTask
                0x08007670      0x2d0 Middlewares/Third_Party/FreeRTOS/Source/timers.o
 .text.prvPortStartFirstTask
                0x08007940       0x20 Middlewares/Third_Party/FreeRTOS/Source/portable/GCC/ARM_CM3/port.o
 .text.pxPortInitialiseStack
                0x08007960       0x24 Middlewares/Third_Party/FreeRTOS/Source/portable/GCC/ARM_CM3/port.o
                0x08007960                pxPortInitialiseStack
 .text.SVC_Handler
                0x08007984       0x24 Middlewares/Third_Party/FreeRTOS/Source/portable/GCC/ARM_CM3/port.o
                0x08007984                SVC_Handler
 .text.vPortYield
                0x080079a8       0x18 Middlewares/Third_Party/FreeRTOS/Source/portable/GCC/ARM_CM3/port.o
                0x080079a8                vPortYield
 .text.ulPortSetInterruptMask
                0x080079c0       0x10 Middlewares/Third_Party/FreeRTOS/Source/portable/GCC/ARM_CM3/port.o
                0x080079c0                ulPortSetInterruptMask
 .text.prvTaskExitError
                0x080079d0       0x1c Middlewares/Third_Party/FreeRTOS/Source/portable/GCC/ARM_CM3/port.o
 .text.vPortEnterCritical
                0x080079ec       0x34 Middlewares/Third_Party/FreeRTOS/Source/portable/GCC/ARM_CM3/port.o
                0x080079ec                vPortEnterCritical
 .text.vPortClearInterruptMask
                0x08007a20        0x8 Middlewares/Third_Party/FreeRTOS/Source/portable/GCC/ARM_CM3/port.o
                0x08007a20                vPortClearInterruptMask
 .text.vPortExitCritical
                0x08007a28       0x24 Middlewares/Third_Party/FreeRTOS/Source/portable/GCC/ARM_CM3/port.o
                0x08007a28                vPortExitCritical
 .text.PendSV_Handler
                0x08007a4c       0x44 Middlewares/Third_Party/FreeRTOS/Source/portable/GCC/ARM_CM3/port.o
                0x08007a4c                PendSV_Handler
 .text.xPortSysTickHandler
                0x08007a90       0x24 Middlewares/Third_Party/FreeRTOS/Source/portable/GCC/ARM_CM3/port.o
                0x08007a90                xPortSysTickHandler
 .text.vPortSetupTimerInterrupt
                0x08007ab4       0x2c Middlewares/Third_Party/FreeRTOS/Source/portable/GCC/ARM_CM3/port.o
                0x08007ab4                vPortSetupTimerInterrupt
 .text.xPortStartScheduler
                0x08007ae0       0x90 Middlewares/Third_Party/FreeRTOS/Source/portable/GCC/ARM_CM3/port.o
                0x08007ae0                xPortStartScheduler
 .text.vPortValidateInterruptPriority
                0x08007b70       0x40 Middlewares/Third_Party/FreeRTOS/Source/portable/GCC/ARM_CM3/port.o
                0x08007b70                vPortValidateInterruptPriority
 .text.pvPortMalloc
                0x08007bb0      0x148 Middlewares/Third_Party/FreeRTOS/Source/portable/MemMang/heap_4.o
                0x08007bb0                pvPortMalloc
 .text.vPortFree
                0x08007cf8       0x90 Middlewares/Third_Party/FreeRTOS/Source/portable/MemMang/heap_4.o
                0x08007cf8                vPortFree
 .text.Compensacion_Sensor_magnetico
                0x08007d88       0x98 Src/AHRS.o
                0x08007d88                Compensacion_Sensor_magnetico
 .text.Actualizar_Matriz_DCM_V2
                0x08007e20      0x1cc Src/AHRS.o
                0x08007e20                Actualizar_Matriz_DCM_V2
 .text.Normalizar_DCM
                0x08007fec      0x1f8 Src/AHRS.o
                0x08007fec                Normalizar_DCM
 .text.Correccion_deriva
                0x080081e4      0x104 Src/AHRS.o
                0x080081e4                Correccion_deriva
 .text.Angulos_Euler
                0x080082e8       0x88 Src/AHRS.o
                0x080082e8                Angulos_Euler
 .text.LeerLecturasIMU9DOF
                0x08008370       0x3c Src/ServidoresVariables.o
                0x08008370                LeerLecturasIMU9DOF
 .text.EscribirVariableAHRS_Orientacion_q15
                0x080083ac       0x40 Src/ServidoresVariables.o
                0x080083ac                EscribirVariableAHRS_Orientacion_q15
 .text.LeerRollPitchYaw
                0x080083ec       0x28 Src/ServidoresVariables.o
                0x080083ec                LeerRollPitchYaw
 .text.EscribirOrientacionMagnetica
                0x08008414       0x28 Src/ServidoresVariables.o
                0x08008414                EscribirOrientacionMagnetica
 .text.MX_ADC1_Init
                0x0800843c       0x54 Src/adc.o
                0x0800843c                MX_ADC1_Init
 .text.HAL_ADC_MspInit
                0x08008490       0x40 Src/adc.o
                0x08008490                HAL_ADC_MspInit
 .text.MX_CRC_Init
                0x080084d0       0x24 Src/crc.o
                0x080084d0                MX_CRC_Init
 .text.HAL_CRC_MspInit
                0x080084f4       0x2c Src/crc.o
                0x080084f4                HAL_CRC_MspInit
 .text.MX_DMA_Init
                0x08008520       0x64 Src/dma.o
                0x08008520                MX_DMA_Init
 .text.StartDefaultTask
                0x08008584       0x10 Src/freertos.o
                0x08008584                StartDefaultTask
 .text.MX_FREERTOS_Init
                0x08008594      0x268 Src/freertos.o
                0x08008594                MX_FREERTOS_Init
 .text.MX_GPIO_Init
                0x080087fc       0xcc Src/gpio.o
                0x080087fc                MX_GPIO_Init
 .text.MX_I2C2_Init
                0x080088c8       0x40 Src/i2c.o
                0x080088c8                MX_I2C2_Init
 .text.HAL_I2C_MspInit
                0x08008908       0xcc Src/i2c.o
                0x08008908                HAL_I2C_MspInit
 .text.MX_IWDG_Init
                0x080089d4       0x2c Src/iwdg.o
                0x080089d4                MX_IWDG_Init
 .text.SystemClock_Config
                0x08008a00       0x90 Src/main.o
                0x08008a00                SystemClock_Config
 .text.startup.main
                0x08008a90       0x38 Src/main.o
                0x08008a90                main
 .text.Error_Handler
                0x08008ac8        0x4 Src/main.o
                0x08008ac8                Error_Handler
 .text.assert_failed
                0x08008acc        0x4 Src/main.o
                0x08008acc                assert_failed
 .text.HAL_MspInit
                0x08008ad0       0x90 Src/stm32f1xx_hal_msp.o
                0x08008ad0                HAL_MspInit
 .text.NMI_Handler
                0x08008b60        0x4 Src/stm32f1xx_it.o
                0x08008b60                NMI_Handler
 .text.HardFault_Handler
                0x08008b64        0x4 Src/stm32f1xx_it.o
                0x08008b64                HardFault_Handler
 .text.MemManage_Handler
                0x08008b68        0x4 Src/stm32f1xx_it.o
                0x08008b68                MemManage_Handler
 .text.BusFault_Handler
                0x08008b6c        0x4 Src/stm32f1xx_it.o
                0x08008b6c                BusFault_Handler
 .text.UsageFault_Handler
                0x08008b70        0x4 Src/stm32f1xx_it.o
                0x08008b70                UsageFault_Handler
 .text.DebugMon_Handler
                0x08008b74        0x4 Src/stm32f1xx_it.o
                0x08008b74                DebugMon_Handler
 .text.SysTick_Handler
                0x08008b78       0x10 Src/stm32f1xx_it.o
                0x08008b78                SysTick_Handler
 .text.DMA1_Channel4_IRQHandler
                0x08008b88        0xc Src/stm32f1xx_it.o
                0x08008b88                DMA1_Channel4_IRQHandler
 .text.DMA1_Channel5_IRQHandler
                0x08008b94        0xc Src/stm32f1xx_it.o
                0x08008b94                DMA1_Channel5_IRQHandler
 .text.DMA1_Channel6_IRQHandler
                0x08008ba0        0xc Src/stm32f1xx_it.o
                0x08008ba0                DMA1_Channel6_IRQHandler
 .text.DMA1_Channel7_IRQHandler
                0x08008bac        0xc Src/stm32f1xx_it.o
                0x08008bac                DMA1_Channel7_IRQHandler
 .text.USB_LP_CAN1_RX0_IRQHandler
                0x08008bb8        0xc Src/stm32f1xx_it.o
                0x08008bb8                USB_LP_CAN1_RX0_IRQHandler
 .text.I2C2_ER_IRQHandler
                0x08008bc4        0xc Src/stm32f1xx_it.o
                0x08008bc4                I2C2_ER_IRQHandler
 .text.MX_TIM3_Init
                0x08008bd0      0x118 Src/tim.o
                0x08008bd0                MX_TIM3_Init
 .text.MX_TIM4_Init
                0x08008ce8       0xf0 Src/tim.o
                0x08008ce8                MX_TIM4_Init
 .text.HAL_TIM_Base_MspInit
                0x08008dd8       0x2c Src/tim.o
                0x08008dd8                HAL_TIM_Base_MspInit
 .text.HAL_TIM_PWM_MspInit
                0x08008e04       0x2c Src/tim.o
                0x08008e04                HAL_TIM_PWM_MspInit
 .text.MX_USART2_UART_Init
                0x08008e30       0x38 Src/usart.o
                0x08008e30                MX_USART2_UART_Init
 .text.HAL_UART_MspInit
                0x08008e68       0xc0 Src/usart.o
                0x08008e68                HAL_UART_MspInit
 .text.MX_USB_DEVICE_Init
                0x08008f28       0x38 Src/usb_device.o
                0x08008f28                MX_USB_DEVICE_Init
 .text.HAL_PCD_MspInit
                0x08008f60       0x40 Src/usbd_conf.o
                0x08008f60                HAL_PCD_MspInit
 .text.HAL_PCD_SetupStageCallback
                0x08008fa0        0xc Src/usbd_conf.o
                0x08008fa0                HAL_PCD_SetupStageCallback
 .text.HAL_PCD_DataOutStageCallback
                0x08008fac       0x10 Src/usbd_conf.o
                0x08008fac                HAL_PCD_DataOutStageCallback
 .text.HAL_PCD_DataInStageCallback
                0x08008fbc       0x10 Src/usbd_conf.o
                0x08008fbc                HAL_PCD_DataInStageCallback
 .text.HAL_PCD_SOFCallback
                0x08008fcc        0x8 Src/usbd_conf.o
                0x08008fcc                HAL_PCD_SOFCallback
 .text.HAL_PCD_ResetCallback
                0x08008fd4       0x1c Src/usbd_conf.o
                0x08008fd4                HAL_PCD_ResetCallback
 .text.HAL_PCD_SuspendCallback
                0x08008ff0       0x20 Src/usbd_conf.o
                0x08008ff0                HAL_PCD_SuspendCallback
 .text.HAL_PCD_ResumeCallback
                0x08009010        0x8 Src/usbd_conf.o
                0x08009010                HAL_PCD_ResumeCallback
 .text.USBD_LL_Init
                0x08009018       0x5c Src/usbd_conf.o
                0x08009018                USBD_LL_Init
 .text.USBD_LL_Start
                0x08009074       0x10 Src/usbd_conf.o
                0x08009074                USBD_LL_Start
 .text.USBD_LL_Stop
                0x08009084       0x10 Src/usbd_conf.o
                0x08009084                USBD_LL_Stop
 .text.USBD_LL_OpenEP
                0x08009094       0x14 Src/usbd_conf.o
                0x08009094                USBD_LL_OpenEP
 .text.USBD_LL_StallEP
                0x080090a8       0x10 Src/usbd_conf.o
                0x080090a8                USBD_LL_StallEP
 .text.USBD_LL_ClearStallEP
                0x080090b8       0x10 Src/usbd_conf.o
                0x080090b8                USBD_LL_ClearStallEP
 .text.USBD_LL_IsStallEP
                0x080090c8       0x20 Src/usbd_conf.o
                0x080090c8                USBD_LL_IsStallEP
 .text.USBD_LL_SetUSBAddress
                0x080090e8       0x10 Src/usbd_conf.o
                0x080090e8                USBD_LL_SetUSBAddress
 .text.USBD_LL_Transmit
                0x080090f8       0x10 Src/usbd_conf.o
                0x080090f8                USBD_LL_Transmit
 .text.USBD_LL_PrepareReceive
                0x08009108       0x10 Src/usbd_conf.o
                0x08009108                USBD_LL_PrepareReceive
 .text.USBD_static_malloc
                0x08009118        0x8 Src/usbd_conf.o
                0x08009118                USBD_static_malloc
 .text.USBD_static_free
                0x08009120        0x4 Src/usbd_conf.o
                0x08009120                USBD_static_free
 .text.HAL_PCDEx_SetConnectionState
                0x08009124        0x4 Src/usbd_conf.o
                0x08009124                HAL_PCDEx_SetConnectionState
 .text.USBD_FS_DeviceDescriptor
                0x08009128        0xc Src/usbd_desc.o
                0x08009128                USBD_FS_DeviceDescriptor
 .text.USBD_FS_LangIDStrDescriptor
                0x08009134        0xc Src/usbd_desc.o
                0x08009134                USBD_FS_LangIDStrDescriptor
 .text.USBD_FS_ManufacturerStrDescriptor
                0x08009140       0x1c Src/usbd_desc.o
                0x08009140                USBD_FS_ManufacturerStrDescriptor
 .text.USBD_FS_ProductStrDescriptor
                0x0800915c       0x1c Src/usbd_desc.o
                0x0800915c                USBD_FS_ProductStrDescriptor
 .text.USBD_FS_SerialStrDescriptor
                0x08009178       0x1c Src/usbd_desc.o
                0x08009178                USBD_FS_SerialStrDescriptor
 .text.USBD_FS_ConfigStrDescriptor
                0x08009194       0x1c Src/usbd_desc.o
                0x08009194                USBD_FS_ConfigStrDescriptor
 .text.USBD_FS_InterfaceStrDescriptor
                0x080091b0       0x1c Src/usbd_desc.o
                0x080091b0                USBD_FS_InterfaceStrDescriptor
 .text.MEM_If_DeInit_FS
                0x080091cc        0x4 Src/usbd_dfu_if.o
 .text.MEM_If_Erase_FS
                0x080091d0        0x4 Src/usbd_dfu_if.o
 .text.MEM_If_Write_FS
                0x080091d4        0x4 Src/usbd_dfu_if.o
 .text.MEM_If_Read_FS
                0x080091d8        0x4 Src/usbd_dfu_if.o
 .text.MEM_If_GetStatus_FS
                0x080091dc        0x4 Src/usbd_dfu_if.o
 .text.MEM_If_Init_FS
                0x080091e0        0x4 Src/usbd_dfu_if.o
 .text.arm_add_q15
                0x080091e4       0xac Src/DSP/arm_add_q15.o
                0x080091e4                arm_add_q15
 .text.arm_copy_q15
                0x08009290       0x4c Src/DSP/arm_copy_q15.o
                0x08009290                arm_copy_q15
 .text.arm_dot_prod_q15
                0x080092dc       0xb0 Src/DSP/arm_dot_prod_q15.o
                0x080092dc                arm_dot_prod_q15
 .text.arm_mat_mult_q15
                0x0800938c      0x1f4 Src/DSP/arm_mat_mult_q15.o
                0x0800938c                arm_mat_mult_q15
 .text.arm_scale_q15
                0x08009580       0xb4 Src/DSP/arm_scale_q15.o
                0x08009580                arm_scale_q15
 .text.arm_sin_cos_q31
                0x08009634      0x260 Src/DSP/arm_sin_cos_q31.o
                0x08009634                arm_sin_cos_q31
 .text.arm_sqrt_q31
                0x08009894       0xfc Src/DSP/arm_sqrt_q31.o
                0x08009894                arm_sqrt_q31
 .text.AHRS_TASK_FCN
                0x08009990       0xa0 Src/FuncionesRTOS/TASK_AHRS.o
                0x08009990                AHRS_TASK_FCN
 .text.AHRS_TIMER_FCN
                0x08009a30       0x14 Src/FuncionesRTOS/TASK_AHRS.o
                0x08009a30                AHRS_TIMER_FCN
 .text.ALTURA_TASK_FCN
                0x08009a44        0x4 Src/FuncionesRTOS/TASK_ALTURA.o
                0x08009a44                ALTURA_TASK_FCN
 .text.ALTURA_TIMER_FCN
                0x08009a48        0x4 Src/FuncionesRTOS/TASK_ALTURA.o
                0x08009a48                ALTURA_TIMER_FCN
 .text.COMPASS_TASK_FCN
                0x08009a4c        0x4 Src/FuncionesRTOS/TASK_COMPASS.o
                0x08009a4c                COMPASS_TASK_FCN
 .text.COMPASS_TIMER_FCN
                0x08009a50        0x4 Src/FuncionesRTOS/TASK_COMPASS.o
                0x08009a50                COMPASS_TIMER_FCN
 .text.CONTROL_TASK_FCN
                0x08009a54       0x34 Src/FuncionesRTOS/TASK_CONTROL.o
                0x08009a54                CONTROL_TASK_FCN
 .text.CONTROL_TIMER_FCN
                0x08009a88       0x14 Src/FuncionesRTOS/TASK_CONTROL.o
                0x08009a88                CONTROL_TIMER_FCN
 .text.COORDINADOR_TASK_FCN
                0x08009a9c        0x4 Src/FuncionesRTOS/TASK_COORDINADOR.o
                0x08009a9c                COORDINADOR_TASK_FCN
 .text.COORDINADOR_TIMER_FCN
                0x08009aa0        0x4 Src/FuncionesRTOS/TASK_COORDINADOR.o
                0x08009aa0                COORDINADOR_TIMER_FCN
 .text.IMU_TASK_FCN
                0x08009aa4       0x30 Src/FuncionesRTOS/TASK_IMU.o
                0x08009aa4                IMU_TASK_FCN
 .text.IMU_TIMER_FCN
                0x08009ad4       0x14 Src/FuncionesRTOS/TASK_IMU.o
                0x08009ad4                IMU_TIMER_FCN
 .text.__libc_init_array
                0x08009ae8       0x4c c:/ac6/systemworkbench/plugins/fr.ac6.mcu.externaltools.arm-none.win32_1.7.0.201602121829/tools/compiler/bin/../lib/gcc/arm-none-eabi/5.2.1/../../../../arm-none-eabi/lib/armv7-m\libc_nano.a(lib_a-init.o)
                0x08009ae8                __libc_init_array
 .text.memcpy   0x08009b34       0x16 c:/ac6/systemworkbench/plugins/fr.ac6.mcu.externaltools.arm-none.win32_1.7.0.201602121829/tools/compiler/bin/../lib/gcc/arm-none-eabi/5.2.1/../../../../arm-none-eabi/lib/armv7-m\libc_nano.a(lib_a-memcpy-stub.o)
                0x08009b34                memcpy
 .text.memset   0x08009b4a       0x10 c:/ac6/systemworkbench/plugins/fr.ac6.mcu.externaltools.arm-none.win32_1.7.0.201602121829/tools/compiler/bin/../lib/gcc/arm-none-eabi/5.2.1/../../../../arm-none-eabi/lib/armv7-m\libc_nano.a(lib_a-memset.o)
                0x08009b4a                memset
 *fill*         0x08009b5a        0x2 
 .text.atan2    0x08009b5c        0x4 c:/ac6/systemworkbench/plugins/fr.ac6.mcu.externaltools.arm-none.win32_1.7.0.201602121829/tools/compiler/bin/../lib/gcc/arm-none-eabi/5.2.1/../../../../arm-none-eabi/lib/armv7-m\libm.a(lib_a-w_atan2.o)
                0x08009b5c                atan2
 .text.__ieee754_atan2
                0x08009b60      0x194 c:/ac6/systemworkbench/plugins/fr.ac6.mcu.externaltools.arm-none.win32_1.7.0.201602121829/tools/compiler/bin/../lib/gcc/arm-none-eabi/5.2.1/../../../../arm-none-eabi/lib/armv7-m\libm.a(lib_a-e_atan2.o)
                0x08009b60                __ieee754_atan2
 *fill*         0x08009cf4        0x4 
 .text.atan     0x08009cf8      0x33c c:/ac6/systemworkbench/plugins/fr.ac6.mcu.externaltools.arm-none.win32_1.7.0.201602121829/tools/compiler/bin/../lib/gcc/arm-none-eabi/5.2.1/../../../../arm-none-eabi/lib/armv7-m\libm.a(lib_a-s_atan.o)
                0x08009cf8                atan
 .text.fabs     0x0800a034        0x8 c:/ac6/systemworkbench/plugins/fr.ac6.mcu.externaltools.arm-none.win32_1.7.0.201602121829/tools/compiler/bin/../lib/gcc/arm-none-eabi/5.2.1/../../../../arm-none-eabi/lib/armv7-m\libm.a(lib_a-s_fabs.o)
                0x0800a034                fabs
 *(.glue_7)
 .glue_7        0x0800a03c        0x0 linker stubs
 *(.glue_7t)
 .glue_7t       0x0800a03c        0x0 linker stubs
 *(.eh_frame)
 .eh_frame      0x0800a03c        0x0 c:/ac6/systemworkbench/plugins/fr.ac6.mcu.externaltools.arm-none.win32_1.7.0.201602121829/tools/compiler/bin/../lib/gcc/arm-none-eabi/5.2.1/armv7-m/crtbegin.o
 *(.init)
 .init          0x0800a03c        0x4 c:/ac6/systemworkbench/plugins/fr.ac6.mcu.externaltools.arm-none.win32_1.7.0.201602121829/tools/compiler/bin/../lib/gcc/arm-none-eabi/5.2.1/armv7-m/crti.o
                0x0800a03c                _init
 .init          0x0800a040        0x8 c:/ac6/systemworkbench/plugins/fr.ac6.mcu.externaltools.arm-none.win32_1.7.0.201602121829/tools/compiler/bin/../lib/gcc/arm-none-eabi/5.2.1/armv7-m/crtn.o
 *(.fini)
 .fini          0x0800a048        0x4 c:/ac6/systemworkbench/plugins/fr.ac6.mcu.externaltools.arm-none.win32_1.7.0.201602121829/tools/compiler/bin/../lib/gcc/arm-none-eabi/5.2.1/armv7-m/crti.o
                0x0800a048                _fini
 .fini          0x0800a04c        0x8 c:/ac6/systemworkbench/plugins/fr.ac6.mcu.externaltools.arm-none.win32_1.7.0.201602121829/tools/compiler/bin/../lib/gcc/arm-none-eabi/5.2.1/armv7-m/crtn.o
                0x0800a054                . = ALIGN (0x4)
                0x0800a054                _etext = .

.vfp11_veneer   0x0800a054        0x0
 .vfp11_veneer  0x0800a054        0x0 linker stubs

.v4_bx          0x0800a054        0x0
 .v4_bx         0x0800a054        0x0 linker stubs

.iplt           0x0800a054        0x0
 .iplt          0x0800a054        0x0 c:/ac6/systemworkbench/plugins/fr.ac6.mcu.externaltools.arm-none.win32_1.7.0.201602121829/tools/compiler/bin/../lib/gcc/arm-none-eabi/5.2.1/armv7-m/crtbegin.o

.rodata         0x0800a058      0xd28
                0x0800a058                . = ALIGN (0x4)
 *(.rodata)
 .rodata        0x0800a058       0x18 Drivers/CMSIS/Device/ST/STM32F1xx/Source/Templates/system_stm32f1xx.o
                0x0800a058                AHBPrescTable
                0x0800a068                APBPrescTable
 .rodata        0x0800a070       0x12 Drivers/STM32F1xx_HAL_Driver/Src/stm32f1xx_hal_rcc.o
 *fill*         0x0800a082        0x2 
 .rodata        0x0800a084       0x8c Src/freertos.o
 .rodata        0x0800a110      0x804 Src/DSP/common_tables.o
                0x0800a110                sinTable_q31
 *(.rodata*)
 .rodata.str1.4
                0x0800a914       0x38 Drivers/STM32F1xx_HAL_Driver/Src/stm32f1xx_hal_adc.o
 .rodata.str1.4
                0x0800a94c       0x3b Drivers/STM32F1xx_HAL_Driver/Src/stm32f1xx_hal_cortex.o
 *fill*         0x0800a987        0x1 
 .rodata.str1.4
                0x0800a988       0x38 Drivers/STM32F1xx_HAL_Driver/Src/stm32f1xx_hal_crc.o
 .rodata.str1.4
                0x0800a9c0       0x38 Drivers/STM32F1xx_HAL_Driver/Src/stm32f1xx_hal_dma.o
 .rodata.str1.4
                0x0800a9f8       0x39 Drivers/STM32F1xx_HAL_Driver/Src/stm32f1xx_hal_gpio.o
 *fill*         0x0800aa31        0x3 
 .rodata.str1.4
                0x0800aa34       0x38 Drivers/STM32F1xx_HAL_Driver/Src/stm32f1xx_hal_i2c.o
 .rodata.str1.4
                0x0800aa6c       0x39 Drivers/STM32F1xx_HAL_Driver/Src/stm32f1xx_hal_iwdg.o
 *fill*         0x0800aaa5        0x3 
 .rodata.str1.4
                0x0800aaa8       0x38 Drivers/STM32F1xx_HAL_Driver/Src/stm32f1xx_hal_pcd.o
 .rodata.str1.4
                0x0800aae0       0x38 Drivers/STM32F1xx_HAL_Driver/Src/stm32f1xx_hal_rcc.o
 .rodata.str1.4
                0x0800ab18       0x3b Drivers/STM32F1xx_HAL_Driver/Src/stm32f1xx_hal_rcc_ex.o
 *fill*         0x0800ab53        0x1 
 .rodata.str1.4
                0x0800ab54       0x38 Drivers/STM32F1xx_HAL_Driver/Src/stm32f1xx_hal_tim.o
 .rodata.str1.4
                0x0800ab8c       0x3b Drivers/STM32F1xx_HAL_Driver/Src/stm32f1xx_hal_tim_ex.o
 *fill*         0x0800abc7        0x1 
 .rodata.str1.4
                0x0800abc8       0x39 Drivers/STM32F1xx_HAL_Driver/Src/stm32f1xx_hal_uart.o
 .rodata.str1.4
                0x0800ac01       0x39 Middlewares/Third_Party/FreeRTOS/Source/CMSIS_RTOS/cmsis_os.o
                                  0x1 (size before relaxing)
 *fill*         0x0800ac01        0x3 
 .rodata.str1.4
                0x0800ac04        0x5 Middlewares/Third_Party/FreeRTOS/Source/tasks.o
 *fill*         0x0800ac09        0x3 
 .rodata.str1.4
                0x0800ac0c       0x10 Middlewares/Third_Party/FreeRTOS/Source/timers.o
 .rodata.str1.4
                0x0800ac1c       0x64 Src/freertos.o
 .rodata.str1.4
                0x0800ac80       0x5e Src/usbd_desc.o
 *fill*         0x0800acde        0x2 
 .rodata.str1.4
                0x0800ace0       0x60 Src/usbd_dfu_if.o
                                 0x5d (size before relaxing)
 .rodata.atanlo
                0x0800ad40       0x20 c:/ac6/systemworkbench/plugins/fr.ac6.mcu.externaltools.arm-none.win32_1.7.0.201602121829/tools/compiler/bin/../lib/gcc/arm-none-eabi/5.2.1/../../../../arm-none-eabi/lib/armv7-m\libm.a(lib_a-s_atan.o)
 .rodata.atanhi
                0x0800ad60       0x20 c:/ac6/systemworkbench/plugins/fr.ac6.mcu.externaltools.arm-none.win32_1.7.0.201602121829/tools/compiler/bin/../lib/gcc/arm-none-eabi/5.2.1/../../../../arm-none-eabi/lib/armv7-m\libm.a(lib_a-s_atan.o)
                0x0800ad80                . = ALIGN (0x4)

.rel.dyn        0x0800ad80        0x0
 .rel.iplt      0x0800ad80        0x0 c:/ac6/systemworkbench/plugins/fr.ac6.mcu.externaltools.arm-none.win32_1.7.0.201602121829/tools/compiler/bin/../lib/gcc/arm-none-eabi/5.2.1/armv7-m/crtbegin.o

.ARM.extab
 *(.ARM.extab* .gnu.linkonce.armextab.*)

.ARM            0x0800ad80        0x0
                0x0800ad80                __exidx_start = .
 *(.ARM.exidx*)
                0x0800ad80                __exidx_end = .

.preinit_array  0x0800ad80        0x0
                0x0800ad80                PROVIDE (__preinit_array_start, .)
 *(.preinit_array*)
                0x0800ad80                PROVIDE (__preinit_array_end, .)

.init_array     0x0800ad80        0x4
                0x0800ad80                PROVIDE (__init_array_start, .)
 *(SORT(.init_array.*))
 *(.init_array*)
 .init_array    0x0800ad80        0x4 c:/ac6/systemworkbench/plugins/fr.ac6.mcu.externaltools.arm-none.win32_1.7.0.201602121829/tools/compiler/bin/../lib/gcc/arm-none-eabi/5.2.1/armv7-m/crtbegin.o
                0x0800ad84                PROVIDE (__init_array_end, .)

.fini_array     0x0800ad84        0x4
                [!provide]                PROVIDE (__fini_array_start, .)
 *(SORT(.fini_array.*))
 *(.fini_array*)
 .fini_array    0x0800ad84        0x4 c:/ac6/systemworkbench/plugins/fr.ac6.mcu.externaltools.arm-none.win32_1.7.0.201602121829/tools/compiler/bin/../lib/gcc/arm-none-eabi/5.2.1/armv7-m/crtbegin.o
                [!provide]                PROVIDE (__fini_array_end, .)
                0x0800ad88                _sidata = LOADADDR (.data)

.data           0x20000000       0xbc load address 0x0800ad88
                0x20000000                . = ALIGN (0x4)
                0x20000000                _sdata = .
 *(.data)
 .data          0x20000000        0x4 Drivers/CMSIS/Device/ST/STM32F1xx/Source/Templates/system_stm32f1xx.o
                0x20000000                SystemCoreClock
 .data          0x20000004       0x64 Middlewares/ST/STM32_USB_Device_Library/Class/DFU/Src/usbd_dfu.o
                0x2000002c                USBD_DFU
 .data          0x20000068        0x4 Middlewares/Third_Party/FreeRTOS/Source/portable/GCC/ARM_CM3/port.o
 .data          0x2000006c       0x34 Src/usbd_desc.o
                0x2000006c                USBD_FS_DeviceDesc
                0x20000080                USBD_LangIDDesc
                0x20000084                FS_Desc
 .data          0x200000a0       0x1c Src/usbd_dfu_if.o
                0x200000a0                USBD_DFU_fops_FS
 *(.data*)
                0x200000bc                . = ALIGN (0x4)
                0x200000bc                _edata = .

.jcr            0x200000bc        0x0 load address 0x0800ae44
 .jcr           0x200000bc        0x0 c:/ac6/systemworkbench/plugins/fr.ac6.mcu.externaltools.arm-none.win32_1.7.0.201602121829/tools/compiler/bin/../lib/gcc/arm-none-eabi/5.2.1/armv7-m/crtbegin.o

.tm_clone_table
                0x200000bc        0x0 load address 0x0800ae44
 .tm_clone_table
                0x200000bc        0x0 c:/ac6/systemworkbench/plugins/fr.ac6.mcu.externaltools.arm-none.win32_1.7.0.201602121829/tools/compiler/bin/../lib/gcc/arm-none-eabi/5.2.1/armv7-m/crtbegin.o
 .tm_clone_table
                0x200000bc        0x0 c:/ac6/systemworkbench/plugins/fr.ac6.mcu.externaltools.arm-none.win32_1.7.0.201602121829/tools/compiler/bin/../lib/gcc/arm-none-eabi/5.2.1/armv7-m/crtend.o

.igot.plt       0x200000bc        0x0 load address 0x0800ae44
 .igot.plt      0x200000bc        0x0 c:/ac6/systemworkbench/plugins/fr.ac6.mcu.externaltools.arm-none.win32_1.7.0.201602121829/tools/compiler/bin/../lib/gcc/arm-none-eabi/5.2.1/armv7-m/crtbegin.o
                0x200000bc                . = ALIGN (0x4)

.bss            0x200000bc     0x325c load address 0x0800ae44
                0x200000bc                _sbss = .
                0x200000bc                __bss_start__ = _sbss
 *(.bss)
 .bss           0x200000bc       0x1c c:/ac6/systemworkbench/plugins/fr.ac6.mcu.externaltools.arm-none.win32_1.7.0.201602121829/tools/compiler/bin/../lib/gcc/arm-none-eabi/5.2.1/armv7-m/crtbegin.o
 .bss           0x200000d8        0x4 Drivers/STM32F1xx_HAL_Driver/Src/stm32f1xx_hal.o
 .bss           0x200000dc       0xff Middlewares/ST/STM32_USB_Device_Library/Class/DFU/Src/usbd_dfu.o
 .bss           0x200001db        0x1 Middlewares/ST/STM32_USB_Device_Library/Core/Src/usbd_ctlreq.o
 .bss           0x200001dc      0x128 Middlewares/Third_Party/FreeRTOS/Source/tasks.o
                0x200001e0                pxCurrentTCB
 .bss           0x20000304       0x38 Middlewares/Third_Party/FreeRTOS/Source/timers.o
 .bss           0x2000033c        0x8 Middlewares/Third_Party/FreeRTOS/Source/portable/GCC/ARM_CM3/port.o
 .bss           0x20000344     0x2018 Middlewares/Third_Party/FreeRTOS/Source/portable/MemMang/heap_4.o
 .bss           0x2000235c       0x58 Src/ServidoresVariables.o
 .bss           0x200023b4      0x41c Src/usbd_conf.o
 .bss           0x200027d0       0x3c Src/FuncionesRTOS/TASK_AHRS.o
 *(.bss*)
 *(COMMON)
 COMMON         0x2000280c       0x40 Middlewares/Third_Party/FreeRTOS/Source/queue.o
                0x2000280c                xQueueRegistry
 COMMON         0x2000284c        0xe Src/ServidoresVariables.o
                0x2000284c                IMU9250
 *fill*         0x2000285a        0x2 
 COMMON         0x2000285c       0x30 Src/adc.o
                0x2000285c                hadc1
 COMMON         0x2000288c        0x8 Src/crc.o
                0x2000288c                hcrc
 COMMON         0x20002894       0x5c Src/freertos.o
                0x20002894                defaultTaskHandle
                0x20002898                ALTURA_TASKHandle
                0x2000289c                ALTURA_TIMERHandle
                0x200028a0                CONTROL_SMPHRHandle
                0x200028a4                COMPASS_TIMERHandle
                0x200028a8                UART_SMPHRHandle
                0x200028ac                CONTROL_TASKHandle
                0x200028b0                COMPASS_TASKHandle
                0x200028b4                IMU_TIMERHandle
                0x200028b8                AHRS_TIMERHandle
                0x200028bc                IMU_SMPHRHandle
                0x200028c0                ALTURA_SMPHRHandle
                0x200028c4                I2C_2_SMPHRHandle
                0x200028c8                COORDINADOR_TASHandle
                0x200028cc                CONTROL_TIMERHandle
                0x200028d0                COORDINADOR_SMPHRHandle
                0x200028d4                COMPASS_SMPHRHandle
                0x200028d8                IMU_TASKHandle
                0x200028dc                COORDINADOR_TIMERHandle
                0x200028e0                UART_MUTEXHandle
                0x200028e4                AHRS_SMPHRHandle
                0x200028e8                AHRS_TASKHandle
                0x200028ec                I2C_2_MUTEXHandle
 COMMON         0x200028f0       0xac Src/i2c.o
                0x200028f0                hi2c2
                0x2000292c                hdma_i2c2_rx
                0x20002964                hdma_i2c2_tx
 COMMON         0x2000299c       0x10 Src/iwdg.o
                0x2000299c                hiwdg
 COMMON         0x200029ac       0x78 Src/tim.o
                0x200029ac                htim4
                0x200029e8                htim3
 COMMON         0x20002a24       0xb0 Src/usart.o
                0x20002a24                hdma_usart2_rx
                0x20002a5c                hdma_usart2_tx
                0x20002a94                huart2
 COMMON         0x20002ad4      0x224 Src/usb_device.o
                0x20002ad4                hUsbDeviceFS
 COMMON         0x20002cf8      0x420 Src/usbd_conf.o
                0x20002cf8                hpcd_USB_FS
 COMMON         0x20003118      0x200 Src/usbd_desc.o
                0x20003118                USBD_StrDesc
                0x20003318                . = ALIGN (0x4)
                0x20003318                _ebss = .
                0x20003318                __bss_end__ = _ebss

._user_heap_stack
                0x20003318      0x600 load address 0x0800ae44
                0x20003318                . = ALIGN (0x8)
                [!provide]                PROVIDE (end, .)
                [!provide]                PROVIDE (_end, .)
                0x20003518                . = (. + _Min_Heap_Size)
 *fill*         0x20003318      0x200 
                0x20003918                . = (. + _Min_Stack_Size)
 *fill*         0x20003518      0x400 
                0x20003918                . = ALIGN (0x8)

/DISCARD/
 libc.a(*)
 libm.a(*)
 libgcc.a(*)

.ARM.attributes
                0x00000000       0x29
 *(.ARM.attributes)
 .ARM.attributes
                0x00000000       0x1d c:/ac6/systemworkbench/plugins/fr.ac6.mcu.externaltools.arm-none.win32_1.7.0.201602121829/tools/compiler/bin/../lib/gcc/arm-none-eabi/5.2.1/armv7-m/crti.o
 .ARM.attributes
                0x0000001d       0x2d c:/ac6/systemworkbench/plugins/fr.ac6.mcu.externaltools.arm-none.win32_1.7.0.201602121829/tools/compiler/bin/../lib/gcc/arm-none-eabi/5.2.1/armv7-m/crtbegin.o
 .ARM.attributes
                0x0000004a       0x21 Drivers/CMSIS/Device/ST/STM32F1xx/Source/Templates/gcc/startup_stm32f103xb.o
 .ARM.attributes
                0x0000006b       0x33 Drivers/CMSIS/Device/ST/STM32F1xx/Source/Templates/system_stm32f1xx.o
 .ARM.attributes
                0x0000009e       0x33 Drivers/STM32F1xx_HAL_Driver/Src/stm32f1xx_hal.o
 .ARM.attributes
                0x000000d1       0x33 Drivers/STM32F1xx_HAL_Driver/Src/stm32f1xx_hal_adc.o
 .ARM.attributes
                0x00000104       0x33 Drivers/STM32F1xx_HAL_Driver/Src/stm32f1xx_hal_cortex.o
 .ARM.attributes
                0x00000137       0x33 Drivers/STM32F1xx_HAL_Driver/Src/stm32f1xx_hal_crc.o
 .ARM.attributes
                0x0000016a       0x33 Drivers/STM32F1xx_HAL_Driver/Src/stm32f1xx_hal_dma.o
 .ARM.attributes
                0x0000019d       0x33 Drivers/STM32F1xx_HAL_Driver/Src/stm32f1xx_hal_gpio.o
 .ARM.attributes
                0x000001d0       0x33 Drivers/STM32F1xx_HAL_Driver/Src/stm32f1xx_hal_i2c.o
 .ARM.attributes
                0x00000203       0x33 Drivers/STM32F1xx_HAL_Driver/Src/stm32f1xx_hal_iwdg.o
 .ARM.attributes
                0x00000236       0x33 Drivers/STM32F1xx_HAL_Driver/Src/stm32f1xx_hal_pcd.o
 .ARM.attributes
                0x00000269       0x33 Drivers/STM32F1xx_HAL_Driver/Src/stm32f1xx_hal_pcd_ex.o
 .ARM.attributes
                0x0000029c       0x33 Drivers/STM32F1xx_HAL_Driver/Src/stm32f1xx_hal_rcc.o
 .ARM.attributes
                0x000002cf       0x33 Drivers/STM32F1xx_HAL_Driver/Src/stm32f1xx_hal_rcc_ex.o
 .ARM.attributes
                0x00000302       0x33 Drivers/STM32F1xx_HAL_Driver/Src/stm32f1xx_hal_tim.o
 .ARM.attributes
                0x00000335       0x33 Drivers/STM32F1xx_HAL_Driver/Src/stm32f1xx_hal_tim_ex.o
 .ARM.attributes
                0x00000368       0x33 Drivers/STM32F1xx_HAL_Driver/Src/stm32f1xx_hal_uart.o
 .ARM.attributes
                0x0000039b       0x33 Drivers/STM32F1xx_HAL_Driver/Src/stm32f1xx_ll_usb.o
 .ARM.attributes
                0x000003ce       0x33 Middlewares/ST/STM32_USB_Device_Library/Class/DFU/Src/usbd_dfu.o
 .ARM.attributes
                0x00000401       0x33 Middlewares/ST/STM32_USB_Device_Library/Core/Src/usbd_core.o
 .ARM.attributes
                0x00000434       0x33 Middlewares/ST/STM32_USB_Device_Library/Core/Src/usbd_ctlreq.o
 .ARM.attributes
                0x00000467       0x33 Middlewares/ST/STM32_USB_Device_Library/Core/Src/usbd_ioreq.o
 .ARM.attributes
                0x0000049a       0x33 Middlewares/Third_Party/FreeRTOS/Source/CMSIS_RTOS/cmsis_os.o
 .ARM.attributes
                0x000004cd       0x33 Middlewares/Third_Party/FreeRTOS/Source/list.o
 .ARM.attributes
                0x00000500       0x33 Middlewares/Third_Party/FreeRTOS/Source/queue.o
 .ARM.attributes
                0x00000533       0x33 Middlewares/Third_Party/FreeRTOS/Source/tasks.o
 .ARM.attributes
                0x00000566       0x33 Middlewares/Third_Party/FreeRTOS/Source/timers.o
 .ARM.attributes
                0x00000599       0x33 Middlewares/Third_Party/FreeRTOS/Source/portable/GCC/ARM_CM3/port.o
 .ARM.attributes
                0x000005cc       0x33 Middlewares/Third_Party/FreeRTOS/Source/portable/MemMang/heap_4.o
 .ARM.attributes
                0x000005ff       0x33 Src/AHRS.o
 .ARM.attributes
                0x00000632       0x33 Src/ServidoresVariables.o
 .ARM.attributes
                0x00000665       0x33 Src/adc.o
 .ARM.attributes
                0x00000698       0x33 Src/crc.o
 .ARM.attributes
                0x000006cb       0x33 Src/dma.o
 .ARM.attributes
                0x000006fe       0x33 Src/freertos.o
 .ARM.attributes
                0x00000731       0x33 Src/gpio.o
 .ARM.attributes
                0x00000764       0x33 Src/i2c.o
 .ARM.attributes
                0x00000797       0x33 Src/iwdg.o
 .ARM.attributes
                0x000007ca       0x33 Src/main.o
 .ARM.attributes
                0x000007fd       0x33 Src/stm32f1xx_hal_msp.o
 .ARM.attributes
                0x00000830       0x33 Src/stm32f1xx_it.o
 .ARM.attributes
                0x00000863       0x33 Src/tim.o
 .ARM.attributes
                0x00000896       0x33 Src/usart.o
 .ARM.attributes
                0x000008c9       0x33 Src/usb_device.o
 .ARM.attributes
                0x000008fc       0x33 Src/usbd_conf.o
 .ARM.attributes
                0x0000092f       0x33 Src/usbd_desc.o
 .ARM.attributes
                0x00000962       0x33 Src/usbd_dfu_if.o
 .ARM.attributes
                0x00000995       0x33 Src/DSP/arm_add_q15.o
 .ARM.attributes
                0x000009c8       0x33 Src/DSP/arm_copy_q15.o
 .ARM.attributes
                0x000009fb       0x33 Src/DSP/arm_dot_prod_q15.o
 .ARM.attributes
                0x00000a2e       0x33 Src/DSP/arm_mat_mult_q15.o
 .ARM.attributes
                0x00000a61       0x33 Src/DSP/arm_scale_q15.o
 .ARM.attributes
                0x00000a94       0x33 Src/DSP/arm_sin_cos_q31.o
 .ARM.attributes
                0x00000ac7       0x33 Src/DSP/arm_sqrt_q31.o
 .ARM.attributes
                0x00000afa       0x33 Src/DSP/common_tables.o
 .ARM.attributes
                0x00000b2d       0x33 Src/FuncionesRTOS/TASK_AHRS.o
 .ARM.attributes
                0x00000b60       0x33 Src/FuncionesRTOS/TASK_ALTURA.o
 .ARM.attributes
                0x00000b93       0x33 Src/FuncionesRTOS/TASK_COMPASS.o
 .ARM.attributes
                0x00000bc6       0x33 Src/FuncionesRTOS/TASK_CONTROL.o
 .ARM.attributes
                0x00000bf9       0x33 Src/FuncionesRTOS/TASK_COORDINADOR.o
 .ARM.attributes
                0x00000c2c       0x33 Src/FuncionesRTOS/TASK_IMU.o
 .ARM.attributes
                0x00000c5f       0x1d c:/ac6/systemworkbench/plugins/fr.ac6.mcu.externaltools.arm-none.win32_1.7.0.201602121829/tools/compiler/bin/../lib/gcc/arm-none-eabi/5.2.1/armv7-m\libgcc.a(_arm_addsubdf3.o)
 .ARM.attributes
                0x00000c7c       0x1d c:/ac6/systemworkbench/plugins/fr.ac6.mcu.externaltools.arm-none.win32_1.7.0.201602121829/tools/compiler/bin/../lib/gcc/arm-none-eabi/5.2.1/armv7-m\libgcc.a(_arm_muldivdf3.o)
 .ARM.attributes
                0x00000c99       0x1d c:/ac6/systemworkbench/plugins/fr.ac6.mcu.externaltools.arm-none.win32_1.7.0.201602121829/tools/compiler/bin/../lib/gcc/arm-none-eabi/5.2.1/armv7-m\libgcc.a(_arm_fixdfsi.o)
 .ARM.attributes
                0x00000cb6       0x1d c:/ac6/systemworkbench/plugins/fr.ac6.mcu.externaltools.arm-none.win32_1.7.0.201602121829/tools/compiler/bin/../lib/gcc/arm-none-eabi/5.2.1/armv7-m\libgcc.a(_arm_addsubsf3.o)
 .ARM.attributes
                0x00000cd3       0x1d c:/ac6/systemworkbench/plugins/fr.ac6.mcu.externaltools.arm-none.win32_1.7.0.201602121829/tools/compiler/bin/../lib/gcc/arm-none-eabi/5.2.1/armv7-m\libgcc.a(_arm_muldivsf3.o)
 .ARM.attributes
                0x00000cf0       0x1d c:/ac6/systemworkbench/plugins/fr.ac6.mcu.externaltools.arm-none.win32_1.7.0.201602121829/tools/compiler/bin/../lib/gcc/arm-none-eabi/5.2.1/armv7-m\libgcc.a(_arm_fixsfsi.o)
 .ARM.attributes
                0x00000d0d       0x2d c:/ac6/systemworkbench/plugins/fr.ac6.mcu.externaltools.arm-none.win32_1.7.0.201602121829/tools/compiler/bin/../lib/gcc/arm-none-eabi/5.2.1/../../../../arm-none-eabi/lib/armv7-m\libc_nano.a(lib_a-init.o)
 .ARM.attributes
                0x00000d3a       0x2d c:/ac6/systemworkbench/plugins/fr.ac6.mcu.externaltools.arm-none.win32_1.7.0.201602121829/tools/compiler/bin/../lib/gcc/arm-none-eabi/5.2.1/../../../../arm-none-eabi/lib/armv7-m\libc_nano.a(lib_a-memcpy-stub.o)
 .ARM.attributes
                0x00000d67       0x2d c:/ac6/systemworkbench/plugins/fr.ac6.mcu.externaltools.arm-none.win32_1.7.0.201602121829/tools/compiler/bin/../lib/gcc/arm-none-eabi/5.2.1/../../../../arm-none-eabi/lib/armv7-m\libc_nano.a(lib_a-memset.o)
 .ARM.attributes
                0x00000d94       0x2d c:/ac6/systemworkbench/plugins/fr.ac6.mcu.externaltools.arm-none.win32_1.7.0.201602121829/tools/compiler/bin/../lib/gcc/arm-none-eabi/5.2.1/armv7-m/crtend.o
 .ARM.attributes
                0x00000dc1       0x1d c:/ac6/systemworkbench/plugins/fr.ac6.mcu.externaltools.arm-none.win32_1.7.0.201602121829/tools/compiler/bin/../lib/gcc/arm-none-eabi/5.2.1/armv7-m/crtn.o
OUTPUT(CM3drone.elf elf32-littlearm)

.debug_line     0x00000000    0x278a6
 .debug_line    0x00000000       0xac Drivers/CMSIS/Device/ST/STM32F1xx/Source/Templates/gcc/startup_stm32f103xb.o
 .debug_line    0x000000ac      0x911 Drivers/CMSIS/Device/ST/STM32F1xx/Source/Templates/system_stm32f1xx.o
 .debug_line    0x000009bd      0xa08 Drivers/STM32F1xx_HAL_Driver/Src/stm32f1xx_hal.o
 .debug_line    0x000013c5     0x11f4 Drivers/STM32F1xx_HAL_Driver/Src/stm32f1xx_hal_adc.o
 .debug_line    0x000025b9      0xac3 Drivers/STM32F1xx_HAL_Driver/Src/stm32f1xx_hal_cortex.o
 .debug_line    0x0000307c      0x9c9 Drivers/STM32F1xx_HAL_Driver/Src/stm32f1xx_hal_crc.o
 .debug_line    0x00003a45      0xf0c Drivers/STM32F1xx_HAL_Driver/Src/stm32f1xx_hal_dma.o
 .debug_line    0x00004951      0xc0d Drivers/STM32F1xx_HAL_Driver/Src/stm32f1xx_hal_gpio.o
 .debug_line    0x0000555e     0x21d4 Drivers/STM32F1xx_HAL_Driver/Src/stm32f1xx_hal_i2c.o
 .debug_line    0x00007732      0x9b6 Drivers/STM32F1xx_HAL_Driver/Src/stm32f1xx_hal_iwdg.o
 .debug_line    0x000080e8      0xdcc Drivers/STM32F1xx_HAL_Driver/Src/stm32f1xx_hal_pcd.o
 .debug_line    0x00008eb4      0x8d4 Drivers/STM32F1xx_HAL_Driver/Src/stm32f1xx_hal_pcd_ex.o
 .debug_line    0x00009788     0x101c Drivers/STM32F1xx_HAL_Driver/Src/stm32f1xx_hal_rcc.o
 .debug_line    0x0000a7a4      0xa39 Drivers/STM32F1xx_HAL_Driver/Src/stm32f1xx_hal_rcc_ex.o
 .debug_line    0x0000b1dd     0x344c Drivers/STM32F1xx_HAL_Driver/Src/stm32f1xx_hal_tim.o
 .debug_line    0x0000e629     0x131d Drivers/STM32F1xx_HAL_Driver/Src/stm32f1xx_hal_tim_ex.o
 .debug_line    0x0000f946     0x133e Drivers/STM32F1xx_HAL_Driver/Src/stm32f1xx_hal_uart.o
 .debug_line    0x00010c84      0xc8a Drivers/STM32F1xx_HAL_Driver/Src/stm32f1xx_ll_usb.o
 .debug_line    0x0001190e      0xd0e Middlewares/ST/STM32_USB_Device_Library/Class/DFU/Src/usbd_dfu.o
 .debug_line    0x0001261c      0xba9 Middlewares/ST/STM32_USB_Device_Library/Core/Src/usbd_core.o
 .debug_line    0x000131c5      0xb2b Middlewares/ST/STM32_USB_Device_Library/Core/Src/usbd_ctlreq.o
 .debug_line    0x00013cf0      0xa40 Middlewares/ST/STM32_USB_Device_Library/Core/Src/usbd_ioreq.o
 .debug_line    0x00014730      0xd80 Middlewares/Third_Party/FreeRTOS/Source/CMSIS_RTOS/cmsis_os.o
 .debug_line    0x000154b0      0x5eb Middlewares/Third_Party/FreeRTOS/Source/list.o
 .debug_line    0x00015a9b      0xbca Middlewares/Third_Party/FreeRTOS/Source/queue.o
 .debug_line    0x00016665     0x11b0 Middlewares/Third_Party/FreeRTOS/Source/tasks.o
 .debug_line    0x00017815      0x7c8 Middlewares/Third_Party/FreeRTOS/Source/timers.o
 .debug_line    0x00017fdd      0x66d Middlewares/Third_Party/FreeRTOS/Source/portable/GCC/ARM_CM3/port.o
 .debug_line    0x0001864a      0x682 Middlewares/Third_Party/FreeRTOS/Source/portable/MemMang/heap_4.o
 .debug_line    0x00018ccc      0x587 Src/AHRS.o
 .debug_line    0x00019253      0x862 Src/ServidoresVariables.o
 .debug_line    0x00019ab5      0x8f7 Src/adc.o
 .debug_line    0x0001a3ac      0x8be Src/crc.o
 .debug_line    0x0001ac6a      0x8a1 Src/dma.o
 .debug_line    0x0001b50b      0x69d Src/freertos.o
 .debug_line    0x0001bba8      0x8c7 Src/gpio.o
 .debug_line    0x0001c46f      0x934 Src/i2c.o
 .debug_line    0x0001cda3      0x897 Src/iwdg.o
 .debug_line    0x0001d63a      0xb94 Src/main.o
 .debug_line    0x0001e1ce      0x8a3 Src/stm32f1xx_hal_msp.o
 .debug_line    0x0001ea71      0xbb3 Src/stm32f1xx_it.o
 .debug_line    0x0001f624      0x9ce Src/tim.o
 .debug_line    0x0001fff2      0x93e Src/usart.o
 .debug_line    0x00020930      0xa59 Src/usb_device.o
 .debug_line    0x00021389      0xc6c Src/usbd_conf.o
 .debug_line    0x00021ff5      0xa0f Src/usbd_desc.o
 .debug_line    0x00022a04      0xa7d Src/usbd_dfu_if.o
 .debug_line    0x00023481      0x462 Src/DSP/arm_add_q15.o
 .debug_line    0x000238e3      0x40b Src/DSP/arm_copy_q15.o
 .debug_line    0x00023cee      0x430 Src/DSP/arm_dot_prod_q15.o
 .debug_line    0x0002411e      0x47a Src/DSP/arm_mat_mult_q15.o
 .debug_line    0x00024598      0x431 Src/DSP/arm_scale_q15.o
 .debug_line    0x000249c9      0x4ab Src/DSP/arm_sin_cos_q31.o
 .debug_line    0x00024e74      0x442 Src/DSP/arm_sqrt_q31.o
 .debug_line    0x000252b6      0x3eb Src/DSP/common_tables.o
 .debug_line    0x000256a1      0x855 Src/FuncionesRTOS/TASK_AHRS.o
 .debug_line    0x00025ef6       0x63 Src/FuncionesRTOS/TASK_ALTURA.o
 .debug_line    0x00025f59       0x65 Src/FuncionesRTOS/TASK_COMPASS.o
 .debug_line    0x00025fbe      0xc73 Src/FuncionesRTOS/TASK_CONTROL.o
 .debug_line    0x00026c31       0x57 Src/FuncionesRTOS/TASK_COORDINADOR.o
 .debug_line    0x00026c88      0xc1e Src/FuncionesRTOS/TASK_IMU.o

.debug_info     0x00000000    0x2aa16
 .debug_info    0x00000000       0xc8 Drivers/CMSIS/Device/ST/STM32F1xx/Source/Templates/gcc/startup_stm32f103xb.o
 .debug_info    0x000000c8      0x3d1 Drivers/CMSIS/Device/ST/STM32F1xx/Source/Templates/system_stm32f1xx.o
 .debug_info    0x00000499      0x686 Drivers/STM32F1xx_HAL_Driver/Src/stm32f1xx_hal.o
 .debug_info    0x00000b1f     0x160f Drivers/STM32F1xx_HAL_Driver/Src/stm32f1xx_hal_adc.o
 .debug_info    0x0000212e      0xcf5 Drivers/STM32F1xx_HAL_Driver/Src/stm32f1xx_hal_cortex.o
 .debug_info    0x00002e23      0x3e9 Drivers/STM32F1xx_HAL_Driver/Src/stm32f1xx_hal_crc.o
 .debug_info    0x0000320c      0x7b1 Drivers/STM32F1xx_HAL_Driver/Src/stm32f1xx_hal_dma.o
 .debug_info    0x000039bd      0x81c Drivers/STM32F1xx_HAL_Driver/Src/stm32f1xx_hal_gpio.o
 .debug_info    0x000041d9     0x3a16 Drivers/STM32F1xx_HAL_Driver/Src/stm32f1xx_hal_i2c.o
 .debug_info    0x00007bef      0x3b4 Drivers/STM32F1xx_HAL_Driver/Src/stm32f1xx_hal_iwdg.o
 .debug_info    0x00007fa3     0x1160 Drivers/STM32F1xx_HAL_Driver/Src/stm32f1xx_hal_pcd.o
 .debug_info    0x00009103      0x5a7 Drivers/STM32F1xx_HAL_Driver/Src/stm32f1xx_hal_pcd_ex.o
 .debug_info    0x000096aa     0x15bd Drivers/STM32F1xx_HAL_Driver/Src/stm32f1xx_hal_rcc.o
 .debug_info    0x0000ac67      0x611 Drivers/STM32F1xx_HAL_Driver/Src/stm32f1xx_hal_rcc_ex.o
 .debug_info    0x0000b278     0x55c6 Drivers/STM32F1xx_HAL_Driver/Src/stm32f1xx_hal_tim.o
 .debug_info    0x0001083e     0x198d Drivers/STM32F1xx_HAL_Driver/Src/stm32f1xx_hal_tim_ex.o
 .debug_info    0x000121cb     0x13c3 Drivers/STM32F1xx_HAL_Driver/Src/stm32f1xx_hal_uart.o
 .debug_info    0x0001358e      0xe7a Drivers/STM32F1xx_HAL_Driver/Src/stm32f1xx_ll_usb.o
 .debug_info    0x00014408     0x1170 Middlewares/ST/STM32_USB_Device_Library/Class/DFU/Src/usbd_dfu.o
 .debug_info    0x00015578      0xbed Middlewares/ST/STM32_USB_Device_Library/Core/Src/usbd_core.o
 .debug_info    0x00016165      0xde4 Middlewares/ST/STM32_USB_Device_Library/Core/Src/usbd_ctlreq.o
 .debug_info    0x00016f49      0x790 Middlewares/ST/STM32_USB_Device_Library/Core/Src/usbd_ioreq.o
 .debug_info    0x000176d9     0x2069 Middlewares/Third_Party/FreeRTOS/Source/CMSIS_RTOS/cmsis_os.o
 .debug_info    0x00019742      0x2a3 Middlewares/Third_Party/FreeRTOS/Source/list.o
 .debug_info    0x000199e5     0x17c4 Middlewares/Third_Party/FreeRTOS/Source/queue.o
 .debug_info    0x0001b1a9     0x2b06 Middlewares/Third_Party/FreeRTOS/Source/tasks.o
 .debug_info    0x0001dcaf     0x122d Middlewares/Third_Party/FreeRTOS/Source/timers.o
 .debug_info    0x0001eedc      0x3e3 Middlewares/Third_Party/FreeRTOS/Source/portable/GCC/ARM_CM3/port.o
 .debug_info    0x0001f2bf      0x3fe Middlewares/Third_Party/FreeRTOS/Source/portable/MemMang/heap_4.o
 .debug_info    0x0001f6bd      0x98e Src/AHRS.o
 .debug_info    0x0002004b      0x965 Src/ServidoresVariables.o
 .debug_info    0x000209b0      0x789 Src/adc.o
 .debug_info    0x00021139      0x363 Src/crc.o
 .debug_info    0x0002149c      0x3a5 Src/dma.o
 .debug_info    0x00021841      0x859 Src/freertos.o
 .debug_info    0x0002209a      0x388 Src/gpio.o
 .debug_info    0x00022422      0x99a Src/i2c.o
 .debug_info    0x00022dbc      0x27b Src/iwdg.o
 .debug_info    0x00023037      0x612 Src/main.o
 .debug_info    0x00023649      0x436 Src/stm32f1xx_hal_msp.o
 .debug_info    0x00023a7f      0xa46 Src/stm32f1xx_it.o
 .debug_info    0x000244c5      0xcf9 Src/tim.o
 .debug_info    0x000251be      0x7c7 Src/usart.o
 .debug_info    0x00025985      0x68c Src/usb_device.o
 .debug_info    0x00026011     0x162e Src/usbd_conf.o
 .debug_info    0x0002763f      0x4ef Src/usbd_desc.o
 .debug_info    0x00027b2e      0x321 Src/usbd_dfu_if.o
 .debug_info    0x00027e4f      0x30c Src/DSP/arm_add_q15.o
 .debug_info    0x0002815b      0x135 Src/DSP/arm_copy_q15.o
 .debug_info    0x00028290      0x256 Src/DSP/arm_dot_prod_q15.o
 .debug_info    0x000284e6      0x3e5 Src/DSP/arm_mat_mult_q15.o
 .debug_info    0x000288cb      0x2cb Src/DSP/arm_scale_q15.o
 .debug_info    0x00028b96      0x24b Src/DSP/arm_sin_cos_q31.o
 .debug_info    0x00028de1      0x1eb Src/DSP/arm_sqrt_q31.o
 .debug_info    0x00028fcc       0xd4 Src/DSP/common_tables.o
 .debug_info    0x000290a0      0x75a Src/FuncionesRTOS/TASK_AHRS.o
 .debug_info    0x000297fa       0x60 Src/FuncionesRTOS/TASK_ALTURA.o
 .debug_info    0x0002985a       0x60 Src/FuncionesRTOS/TASK_COMPASS.o
 .debug_info    0x000298ba      0x903 Src/FuncionesRTOS/TASK_CONTROL.o
 .debug_info    0x0002a1bd       0x60 Src/FuncionesRTOS/TASK_COORDINADOR.o
 .debug_info    0x0002a21d      0x7f9 Src/FuncionesRTOS/TASK_IMU.o

.debug_abbrev   0x00000000     0x6e02
 .debug_abbrev  0x00000000       0x12 Drivers/CMSIS/Device/ST/STM32F1xx/Source/Templates/gcc/startup_stm32f103xb.o
 .debug_abbrev  0x00000012      0x125 Drivers/CMSIS/Device/ST/STM32F1xx/Source/Templates/system_stm32f1xx.o
 .debug_abbrev  0x00000137      0x22f Drivers/STM32F1xx_HAL_Driver/Src/stm32f1xx_hal.o
 .debug_abbrev  0x00000366      0x2bc Drivers/STM32F1xx_HAL_Driver/Src/stm32f1xx_hal_adc.o
 .debug_abbrev  0x00000622      0x30c Drivers/STM32F1xx_HAL_Driver/Src/stm32f1xx_hal_cortex.o
 .debug_abbrev  0x0000092e      0x1b4 Drivers/STM32F1xx_HAL_Driver/Src/stm32f1xx_hal_crc.o
 .debug_abbrev  0x00000ae2      0x221 Drivers/STM32F1xx_HAL_Driver/Src/stm32f1xx_hal_dma.o
 .debug_abbrev  0x00000d03      0x202 Drivers/STM32F1xx_HAL_Driver/Src/stm32f1xx_hal_gpio.o
 .debug_abbrev  0x00000f05      0x2e6 Drivers/STM32F1xx_HAL_Driver/Src/stm32f1xx_hal_i2c.o
 .debug_abbrev  0x000011eb      0x18f Drivers/STM32F1xx_HAL_Driver/Src/stm32f1xx_hal_iwdg.o
 .debug_abbrev  0x0000137a      0x339 Drivers/STM32F1xx_HAL_Driver/Src/stm32f1xx_hal_pcd.o
 .debug_abbrev  0x000016b3      0x16e Drivers/STM32F1xx_HAL_Driver/Src/stm32f1xx_hal_pcd_ex.o
 .debug_abbrev  0x00001821      0x2df Drivers/STM32F1xx_HAL_Driver/Src/stm32f1xx_hal_rcc.o
 .debug_abbrev  0x00001b00      0x257 Drivers/STM32F1xx_HAL_Driver/Src/stm32f1xx_hal_rcc_ex.o
 .debug_abbrev  0x00001d57      0x318 Drivers/STM32F1xx_HAL_Driver/Src/stm32f1xx_hal_tim.o
 .debug_abbrev  0x0000206f      0x290 Drivers/STM32F1xx_HAL_Driver/Src/stm32f1xx_hal_tim_ex.o
 .debug_abbrev  0x000022ff      0x2de Drivers/STM32F1xx_HAL_Driver/Src/stm32f1xx_hal_uart.o
 .debug_abbrev  0x000025dd      0x231 Drivers/STM32F1xx_HAL_Driver/Src/stm32f1xx_ll_usb.o
 .debug_abbrev  0x0000280e      0x394 Middlewares/ST/STM32_USB_Device_Library/Class/DFU/Src/usbd_dfu.o
 .debug_abbrev  0x00002ba2      0x273 Middlewares/ST/STM32_USB_Device_Library/Core/Src/usbd_core.o
 .debug_abbrev  0x00002e15      0x309 Middlewares/ST/STM32_USB_Device_Library/Core/Src/usbd_ctlreq.o
 .debug_abbrev  0x0000311e      0x158 Middlewares/ST/STM32_USB_Device_Library/Core/Src/usbd_ioreq.o
 .debug_abbrev  0x00003276      0x36d Middlewares/Third_Party/FreeRTOS/Source/CMSIS_RTOS/cmsis_os.o
 .debug_abbrev  0x000035e3       0xdf Middlewares/Third_Party/FreeRTOS/Source/list.o
 .debug_abbrev  0x000036c2      0x2c3 Middlewares/Third_Party/FreeRTOS/Source/queue.o
 .debug_abbrev  0x00003985      0x3a8 Middlewares/Third_Party/FreeRTOS/Source/tasks.o
 .debug_abbrev  0x00003d2d      0x2cd Middlewares/Third_Party/FreeRTOS/Source/timers.o
 .debug_abbrev  0x00003ffa      0x20e Middlewares/Third_Party/FreeRTOS/Source/portable/GCC/ARM_CM3/port.o
 .debug_abbrev  0x00004208      0x200 Middlewares/Third_Party/FreeRTOS/Source/portable/MemMang/heap_4.o
 .debug_abbrev  0x00004408      0x197 Src/AHRS.o
 .debug_abbrev  0x0000459f      0x191 Src/ServidoresVariables.o
 .debug_abbrev  0x00004730      0x1ad Src/adc.o
 .debug_abbrev  0x000048dd      0x14f Src/crc.o
 .debug_abbrev  0x00004a2c      0x112 Src/dma.o
 .debug_abbrev  0x00004b3e      0x178 Src/freertos.o
 .debug_abbrev  0x00004cb6      0x134 Src/gpio.o
 .debug_abbrev  0x00004dea      0x1b9 Src/i2c.o
 .debug_abbrev  0x00004fa3      0x11b Src/iwdg.o
 .debug_abbrev  0x000050be      0x19c Src/main.o
 .debug_abbrev  0x0000525a      0x124 Src/stm32f1xx_hal_msp.o