<html>
<body>
<pre>
<h1>µVision Build Log</h1>
<h2>Tool Versions:</h2>
IDE-Version: µVision V5.14.0.0
Copyright (C) 2015 ARM Ltd and ARM Germany GmbH. All rights reserved.
License Information: Ruben A, Unizara, LIC=14HY8-3NT8K-RA1DM-XBD15-92MWC-N4LJJ
 
Tool Versions:
Toolchain:       MDK-ARM Standard  Version: 5.14.0.0
Toolchain Path:  C:\Keil_v5\ARM\ARMCC\Bin
C Compiler:      Armcc.exe V5.05 update 1 (build 106)
Assembler:       Armasm.exe V5.05 update 1 (build 106)
Linker/Locator:  ArmLink.exe V5.05 update 1 (build 106)
Library Manager: ArmAr.exe V5.05 update 1 (build 106)
Hex Converter:   FromElf.exe V5.05 update 1 (build 106)
CPU DLL:         SARMCM3.DLL V5.14.0.0
Dialog DLL:      DCM.DLL V1.13.1.0
Target DLL:      STLink\ST-LINKIII-KEIL_SWO.dll V2.0.14.0_KEIL
Dialog DLL:      TCM.DLL V1.14.4.0
 
<h2>Project:</h2>
C:\Users\Ruben\Dropbox\Proyectos\Drones\Control Wifi\ESP8266\ESPCM3drone\Programacion\CM3drone\MDK-ARM\CM3drone.uvprojx
Project File Date:  12/14/2016

<h2>Output:</h2>
Build target 'CM3drone'
assembling startup_stm32f103xb.s...
compiling TASK_IMU.c...
../Drivers/CMSIS/Include/arm_math.h(716): warning:  #223-D: function "__SSAT" declared implicitly
      r = __SSAT(((((q31_t)x << 24) >> 24) + (((q31_t)y << 24) >> 24)), 8) & (int32_t)0x000000FF;
../Drivers/CMSIS/Include/arm_math.h(734): warning:  #223-D: function "__SSAT" declared implicitly
      r = __SSAT(((((q31_t)x << 24) >> 24) - (((q31_t)y << 24) >> 24)), 8) & (int32_t)0x000000FF;
../Drivers/CMSIS/Include/arm_math.h(753): warning:  #223-D: function "__SSAT" declared implicitly
      r = __SSAT(((((q31_t)x << 16) >> 16) + (((q31_t)y << 16) >> 16)), 16) & (int32_t)0x0000FFFF;
../Drivers/CMSIS/Include/arm_math.h(785): warning:  #223-D: function "__SSAT" declared implicitly
      r = __SSAT(((((q31_t)x << 16) >> 16) - (((q31_t)y << 16) >> 16)), 16) & (int32_t)0x0000FFFF;
../Drivers/CMSIS/Include/arm_math.h(817): warning:  #223-D: function "__SSAT" declared implicitly
      r = __SSAT(((((q31_t)x << 16) >> 16) - (((q31_t)y      ) >> 16)), 16) & (int32_t)0x0000FFFF;
../Drivers/CMSIS/Include/arm_math.h(849): warning:  #223-D: function "__SSAT" declared implicitly
      r = __SSAT(((((q31_t)x << 16) >> 16) + (((q31_t)y      ) >> 16)), 16) & (int32_t)0x0000FFFF;
../Drivers/CMSIS/Include/arm_math.h(4907): warning:  #223-D: function "__SSAT" declared implicitly
      out = (q15_t) (__SSAT((acc >> 15), 16));
..\Src\ServidoresVariables.h(17): warning:  #1295-D: Deprecated declaration IniciarServidoresVariables - give arg types
  void IniciarServidoresVariables();
..\FuncionesRTOS\TASK_IMU.c: 8 warnings, 0 errors
compiling TASK_COORDINADOR.c...
compiling TASK_CONTROL.c...
../Drivers/CMSIS/Include/arm_math.h(716): warning:  #223-D: function "__SSAT" declared implicitly
      r = __SSAT(((((q31_t)x << 24) >> 24) + (((q31_t)y << 24) >> 24)), 8) & (int32_t)0x000000FF;
../Drivers/CMSIS/Include/arm_math.h(734): warning:  #223-D: function "__SSAT" declared implicitly
      r = __SSAT(((((q31_t)x << 24) >> 24) - (((q31_t)y << 24) >> 24)), 8) & (int32_t)0x000000FF;
../Drivers/CMSIS/Include/arm_math.h(753): warning:  #223-D: function "__SSAT" declared implicitly
      r = __SSAT(((((q31_t)x << 16) >> 16) + (((q31_t)y << 16) >> 16)), 16) & (int32_t)0x0000FFFF;
../Drivers/CMSIS/Include/arm_math.h(785): warning:  #223-D: function "__SSAT" declared implicitly
      r = __SSAT(((((q31_t)x << 16) >> 16) - (((q31_t)y << 16) >> 16)), 16) & (int32_t)0x0000FFFF;
../Drivers/CMSIS/Include/arm_math.h(817): warning:  #223-D: function "__SSAT" declared implicitly
      r = __SSAT(((((q31_t)x << 16) >> 16) - (((q31_t)y      ) >> 16)), 16) & (int32_t)0x0000FFFF;
../Drivers/CMSIS/Include/arm_math.h(849): warning:  #223-D: function "__SSAT" declared implicitly
      r = __SSAT(((((q31_t)x << 16) >> 16) + (((q31_t)y      ) >> 16)), 16) & (int32_t)0x0000FFFF;
../Drivers/CMSIS/Include/arm_math.h(4907): warning:  #223-D: function "__SSAT" declared implicitly
      out = (q15_t) (__SSAT((acc >> 15), 16));
..\Src\ServidoresVariables.h(17): warning:  #1295-D: Deprecated declaration IniciarServidoresVariables - give arg types
  void IniciarServidoresVariables();
..\FuncionesRTOS\TASK_CONTROL.c: 8 warnings, 0 errors
compiling TASK_COMPASS.c...
../Drivers/CMSIS/Include/arm_math.h(716): warning:  #223-D: function "__SSAT" declared implicitly
      r = __SSAT(((((q31_t)x << 24) >> 24) + (((q31_t)y << 24) >> 24)), 8) & (int32_t)0x000000FF;
../Drivers/CMSIS/Include/arm_math.h(734): warning:  #223-D: function "__SSAT" declared implicitly
      r = __SSAT(((((q31_t)x << 24) >> 24) - (((q31_t)y << 24) >> 24)), 8) & (int32_t)0x000000FF;
../Drivers/CMSIS/Include/arm_math.h(753): warning:  #223-D: function "__SSAT" declared implicitly
      r = __SSAT(((((q31_t)x << 16) >> 16) + (((q31_t)y << 16) >> 16)), 16) & (int32_t)0x0000FFFF;
../Drivers/CMSIS/Include/arm_math.h(785): warning:  #223-D: function "__SSAT" declared implicitly
      r = __SSAT(((((q31_t)x << 16) >> 16) - (((q31_t)y << 16) >> 16)), 16) & (int32_t)0x0000FFFF;
../Drivers/CMSIS/Include/arm_math.h(817): warning:  #223-D: function "__SSAT" declared implicitly
      r = __SSAT(((((q31_t)x << 16) >> 16) - (((q31_t)y      ) >> 16)), 16) & (int32_t)0x0000FFFF;
../Drivers/CMSIS/Include/arm_math.h(849): warning:  #223-D: function "__SSAT" declared implicitly
      r = __SSAT(((((q31_t)x << 16) >> 16) + (((q31_t)y      ) >> 16)), 16) & (int32_t)0x0000FFFF;
../Drivers/CMSIS/Include/arm_math.h(4907): warning:  #223-D: function "__SSAT" declared implicitly
      out = (q15_t) (__SSAT((acc >> 15), 16));
..\Src\ServidoresVariables.h(17): warning:  #1295-D: Deprecated declaration IniciarServidoresVariables - give arg types
  void IniciarServidoresVariables();
..\FuncionesRTOS\TASK_COMPASS.c: 8 warnings, 0 errors
compiling TASK_ALTURA.c...
compiling TASK_AHRS.c...
../Drivers/CMSIS/Include/arm_math.h(716): warning:  #223-D: function "__SSAT" declared implicitly
      r = __SSAT(((((q31_t)x << 24) >> 24) + (((q31_t)y << 24) >> 24)), 8) & (int32_t)0x000000FF;
../Drivers/CMSIS/Include/arm_math.h(734): warning:  #223-D: function "__SSAT" declared implicitly
      r = __SSAT(((((q31_t)x << 24) >> 24) - (((q31_t)y << 24) >> 24)), 8) & (int32_t)0x000000FF;
../Drivers/CMSIS/Include/arm_math.h(753): warning:  #223-D: function "__SSAT" declared implicitly
      r = __SSAT(((((q31_t)x << 16) >> 16) + (((q31_t)y << 16) >> 16)), 16) & (int32_t)0x0000FFFF;
../Drivers/CMSIS/Include/arm_math.h(785): warning:  #223-D: function "__SSAT" declared implicitly
      r = __SSAT(((((q31_t)x << 16) >> 16) - (((q31_t)y << 16) >> 16)), 16) & (int32_t)0x0000FFFF;
../Drivers/CMSIS/Include/arm_math.h(817): warning:  #223-D: function "__SSAT" declared implicitly
      r = __SSAT(((((q31_t)x << 16) >> 16) - (((q31_t)y      ) >> 16)), 16) & (int32_t)0x0000FFFF;
../Drivers/CMSIS/Include/arm_math.h(849): warning:  #223-D: function "__SSAT" declared implicitly
      r = __SSAT(((((q31_t)x << 16) >> 16) + (((q31_t)y      ) >> 16)), 16) & (int32_t)0x0000FFFF;
../Drivers/CMSIS/Include/arm_math.h(4907): warning:  #223-D: function "__SSAT" declared implicitly
      out = (q15_t) (__SSAT((acc >> 15), 16));
..\Src\ServidoresVariables.h(17): warning:  #1295-D: Deprecated declaration IniciarServidoresVariables - give arg types
  void IniciarServidoresVariables();
..\FuncionesRTOS\TASK_AHRS.h(24): warning:  #1295-D: Deprecated declaration ResetAHRS - give arg types
  void ResetAHRS();
..\FuncionesRTOS\TASK_AHRS.h(26): warning:  #1295-D: Deprecated declaration Sensibilidad_Giroscopo - give arg types
  extern uint16_t Sensibilidad_Giroscopo();
..\FuncionesRTOS\TASK_AHRS.c: 10 warnings, 0 errors
compiling usart.c...
compiling main.c...
compiling dma.c...
compiling iwdg.c...
compiling adc.c...
compiling tim.c...
compiling stm32f1xx_it.c...
compiling crc.c...
compiling stm32f1xx_hal_msp.c...
compiling gpio.c...
compiling i2c.c...
compiling freertos.c...
compiling AHRS.c...
compiling ServidoresVariables.c...
..\Src\ServidoresVariables.h(17): warning:  #1295-D: Deprecated declaration IniciarServidoresVariables - give arg types
  void IniciarServidoresVariables();
..\Src\ServidoresVariables.c(82): warning:  #550-D: parameter "Roll" was set but never used
  void LeerRollPitchYaw(q15_t Roll, q15_t Pitch, q15_t Yaw){
..\Src\ServidoresVariables.c(82): warning:  #550-D: parameter "Pitch" was set but never used
  void LeerRollPitchYaw(q15_t Roll, q15_t Pitch, q15_t Yaw){
..\Src\ServidoresVariables.c(82): warning:  #550-D: parameter "Yaw" was set but never used
  void LeerRollPitchYaw(q15_t Roll, q15_t Pitch, q15_t Yaw){
..\Src\ServidoresVariables.c: 4 warnings, 0 errors
compiling stm32f1xx_hal_i2c.c...
compiling stm32f1xx_hal_gpio_ex.c...
compiling stm32f1xx_hal.c...
compiling stm32f1xx_hal_iwdg.c...
compiling stm32f1xx_hal_crc.c...
compiling stm32f1xx_hal_gpio.c...
compiling stm32f1xx_hal_adc_ex.c...
compiling stm32f1xx_hal_tim_ex.c...
compiling stm32f1xx_hal_uart.c...
compiling stm32f1xx_hal_tim.c...
compiling stm32f1xx_hal_pwr.c...
compiling stm32f1xx_hal_dma.c...
compiling stm32f1xx_hal_cortex.c...
compiling stm32f1xx_hal_adc.c...
compiling stm32f1xx_hal_flash_ex.c...
compiling stm32f1xx_hal_rcc_ex.c...
compiling stm32f1xx_hal_rcc.c...
compiling stm32f1xx_hal_flash.c...
compiling croutine.c...
compiling heap_4.c...
compiling port.c...
compiling list.c...
compiling tasks.c...
compiling cmsis_os.c...
compiling event_groups.c...
compiling timers.c...
compiling queue.c...
compiling system_stm32f1xx.c...
linking...
Program Size: Code=31176 RO-data=2924 RW-data=552 ZI-data=10360  
FromELF: creating hex file...
".\CM3drone\CM3drone.axf" - 0 Error(s), 38 Warning(s).

<h2>Software Packages used:</h2>

Package Vendor: ARM
                http://www.keil.com/pack/ARM.CMSIS.4.5.0.pack
                ARM::CMSIS:CORE:4.3.0
                CMSIS (Cortex Microcontroller Software Interface Standard)
   * Component: CORE Version: 4.3.0
   * Component: DSP Version: 1.4.6

<h2>Collection of Component include folders:</h2>
  C:\Users\Ruben\Dropbox\Proyectos\Drones\Control Wifi\ESP8266\ESPCM3drone\Programacion\CM3drone\MDK-ARM\RTE
  C:\Keil_v5\ARM\PACK\ARM\CMSIS\4.5.0\CMSIS\Include
  C:\Keil_v5\ARM\PACK\Keil\STM32F1xx_DFP\2.0.0

<h2>Collection of Component Files used:</h2>

   * Component: ARM::CMSIS:CORE:4.3.0

   * Component: ARM::CMSIS:DSP:1.4.6
      Library file:  CMSIS\Lib\ARM\arm_cortexM3l_math.lib
      Include file:  CMSIS\Include\arm_math.h
</pre>
</body>
</html>
