Component: ARM Compiler 5.05 update 1 (build 106) Tool: armlink [4d0efa]

==============================================================================

Section Cross References

    startup_stm32f103xb.o(RESET) refers to startup_stm32f103xb.o(STACK) for __initial_sp
    startup_stm32f103xb.o(RESET) refers to startup_stm32f103xb.o(.text) for Reset_Handler
    startup_stm32f103xb.o(RESET) refers to stm32f1xx_it.o(i.NMI_Handler) for NMI_Handler
    startup_stm32f103xb.o(RESET) refers to stm32f1xx_it.o(i.HardFault_Handler) for HardFault_Handler
    startup_stm32f103xb.o(RESET) refers to stm32f1xx_it.o(i.MemManage_Handler) for MemManage_Handler
    startup_stm32f103xb.o(RESET) refers to stm32f1xx_it.o(i.BusFault_Handler) for BusFault_Handler
    startup_stm32f103xb.o(RESET) refers to stm32f1xx_it.o(i.UsageFault_Handler) for UsageFault_Handler
    startup_stm32f103xb.o(RESET) refers to port.o(.emb_text) for SVC_Handler
    startup_stm32f103xb.o(RESET) refers to stm32f1xx_it.o(i.DebugMon_Handler) for DebugMon_Handler
    startup_stm32f103xb.o(RESET) refers to stm32f1xx_it.o(i.SysTick_Handler) for SysTick_Handler
    startup_stm32f103xb.o(RESET) refers to stm32f1xx_it.o(i.DMA1_Channel4_IRQHandler) for DMA1_Channel4_IRQHandler
    startup_stm32f103xb.o(RESET) refers to stm32f1xx_it.o(i.DMA1_Channel5_IRQHandler) for DMA1_Channel5_IRQHandler
    startup_stm32f103xb.o(RESET) refers to stm32f1xx_it.o(i.DMA1_Channel6_IRQHandler) for DMA1_Channel6_IRQHandler
    startup_stm32f103xb.o(RESET) refers to stm32f1xx_it.o(i.DMA1_Channel7_IRQHandler) for DMA1_Channel7_IRQHandler
    startup_stm32f103xb.o(RESET) refers to stm32f1xx_it.o(i.I2C2_ER_IRQHandler) for I2C2_ER_IRQHandler
    startup_stm32f103xb.o(.text) refers to system_stm32f1xx.o(i.SystemInit) for SystemInit
    startup_stm32f103xb.o(.text) refers to entry.o(.ARM.Collect$$$$00000000) for __main
    task_imu.o(i.IMU_TASK_FCN) refers to queue.o(i.xQueueGenericReceive) for xQueueGenericReceive
    task_imu.o(i.IMU_TASK_FCN) refers to i2c.o(i.MandarDatosI2C) for MandarDatosI2C
    task_imu.o(i.IMU_TASK_FCN) refers to queue.o(i.xQueueGenericSend) for xQueueGenericSend
    task_imu.o(i.IMU_TASK_FCN) refers to arm_mat_mult_q15.o(.text) for arm_mat_mult_q15
    task_imu.o(i.IMU_TASK_FCN) refers to arm_biquad_cascade_df1_q15.o(.text) for arm_biquad_cascade_df1_q15
    task_imu.o(i.IMU_TASK_FCN) refers to servidoresvariables.o(i.EscribirLecturasIMU) for EscribirLecturasIMU
    task_imu.o(i.IMU_TASK_FCN) refers to task_imu.o(.constdata) for .constdata
    task_imu.o(i.IMU_TASK_FCN) refers to freertos.o(.data) for IMU_SMPHRHandle
    task_imu.o(i.IMU_TASK_FCN) refers to main.o(.data) for CalibracionIMU9DOF
    task_imu.o(i.IMU_TASK_FCN) refers to task_imu.o(.data) for .data
    task_imu.o(i.IMU_TASK_FCN) refers to main.o(.data) for IMU9250
    task_imu.o(i.IMU_TASK_FCN) refers to i2c.o(.bss) for hi2c2
    task_imu.o(i.IMU_TIMER_FCN) refers to queue.o(i.xQueueGenericSend) for xQueueGenericSend
    task_imu.o(i.IMU_TIMER_FCN) refers to freertos.o(.data) for IMU_SMPHRHandle
    task_imu.o(.data) refers to task_imu.o(.bss) for EstadoFiltroVelocidad
    task_imu.o(.data) refers to task_imu.o(.data) for CoeficientesFiltroVelocidad
    task_imu.o(.data) refers to task_imu.o(.bss) for EstadoFiltroVelocidadAceleracion
    task_imu.o(.data) refers to task_imu.o(.data) for CoeficientesFiltroAceleracion
    task_control.o(i.CONTROL_TASK_FCN) refers to arm_fill_q15.o(.text) for arm_fill_q15
    task_control.o(i.CONTROL_TASK_FCN) refers to queue.o(i.xQueueGenericReceive) for xQueueGenericReceive
    task_control.o(i.CONTROL_TASK_FCN) refers to servidoresvariables.o(i.LeerReferencia) for LeerReferencia
    task_control.o(i.CONTROL_TASK_FCN) refers to servidoresvariables.o(i.LeerRollPitchYaw) for LeerRollPitchYaw
    task_control.o(i.CONTROL_TASK_FCN) refers to task_control.o(.constdata) for .constdata
    task_control.o(i.CONTROL_TASK_FCN) refers to freertos.o(.data) for CONTROL_SMPHRHandle
    task_control.o(i.CONTROL_TASK_FCN) refers to tim.o(.bss) for htim3
    task_control.o(i.CONTROL_TIMER_FCN) refers to queue.o(i.xQueueGenericSend) for xQueueGenericSend
    task_control.o(i.CONTROL_TIMER_FCN) refers to freertos.o(.data) for CONTROL_SMPHRHandle
    task_compass.o(i.COMPASS_TASK_FCN) refers to queue.o(i.xQueueGenericReceive) for xQueueGenericReceive
    task_compass.o(i.COMPASS_TASK_FCN) refers to i2c.o(i.MandarDatosI2C) for MandarDatosI2C
    task_compass.o(i.COMPASS_TASK_FCN) refers to queue.o(i.xQueueGenericSend) for xQueueGenericSend
    task_compass.o(i.COMPASS_TASK_FCN) refers to arm_mat_mult_q15.o(.text) for arm_mat_mult_q15
    task_compass.o(i.COMPASS_TASK_FCN) refers to servidoresvariables.o(i.EscribirLecturasBrujulas) for EscribirLecturasBrujulas
    task_compass.o(i.COMPASS_TASK_FCN) refers to task_compass.o(.constdata) for .constdata
    task_compass.o(i.COMPASS_TASK_FCN) refers to freertos.o(.data) for COMPASS_SMPHRHandle
[...]
    i.__ARM_fpclassify                       0x08005d96   Section        0  fpclassify.o(i.__ARM_fpclassify)
    i.__kernel_poly                          0x08005dbe   Section        0  poly.o(i.__kernel_poly)
    i.__mathlib_dbl_infnan                   0x08005e68   Section        0  dunder.o(i.__mathlib_dbl_infnan)
    i.__mathlib_dbl_infnan2                  0x08005e6e   Section        0  dunder.o(i.__mathlib_dbl_infnan2)
    i.__mathlib_dbl_invalid                  0x08005e72   Section        0  dunder.o(i.__mathlib_dbl_invalid)
    i.__mathlib_dbl_underflow                0x08005e80   Section        0  dunder.o(i.__mathlib_dbl_underflow)
    i.__scatterload_copy                     0x08005e90   Section       14  handlers.o(i.__scatterload_copy)
    i.__scatterload_null                     0x08005e9e   Section        2  handlers.o(i.__scatterload_null)
    i.__scatterload_zeroinit                 0x08005ea0   Section       14  handlers.o(i.__scatterload_zeroinit)
    i.__set_errno                            0x08005eb0   Section        0  errno.o(i.__set_errno)
    i.asin                                   0x08005ebc   Section        0  asin.o(i.asin)
    i.assert_failed                          0x0800612c   Section        0  main.o(i.assert_failed)
    i.atan                                   0x08006130   Section        0  atan.o(i.atan)
    i.atan2                                  0x08006350   Section        0  atan2.o(i.atan2)
    i.main                                   0x080064d0   Section        0  main.o(i.main)
    i.makeFreeRtosPriority                   0x08006506   Section        0  cmsis_os.o(i.makeFreeRtosPriority)
    makeFreeRtosPriority                     0x08006507   Thumb Code    12  cmsis_os.o(i.makeFreeRtosPriority)
    i.osDelay                                0x08006512   Section        0  cmsis_os.o(i.osDelay)
    i.osKernelStart                          0x08006520   Section        0  cmsis_os.o(i.osKernelStart)
    i.osMutexCreate                          0x0800652a   Section        0  cmsis_os.o(i.osMutexCreate)
    i.osSemaphoreCreate                      0x08006530   Section        0  cmsis_os.o(i.osSemaphoreCreate)
    i.osSystickHandler                       0x08006556   Section        0  cmsis_os.o(i.osSystickHandler)
    i.osThreadCreate                         0x0800656a   Section        0  cmsis_os.o(i.osThreadCreate)
    i.osTimerCreate                          0x080065a4   Section        0  cmsis_os.o(i.osTimerCreate)
    i.prvAddCurrentTaskToDelayedList         0x080065c8   Section        0  tasks.o(i.prvAddCurrentTaskToDelayedList)
    prvAddCurrentTaskToDelayedList           0x080065c9   Thumb Code    48  tasks.o(i.prvAddCurrentTaskToDelayedList)
    i.prvCheckForValidListAndQueue           0x080065fc   Section        0  timers.o(i.prvCheckForValidListAndQueue)
    prvCheckForValidListAndQueue             0x080065fd   Thumb Code    68  timers.o(i.prvCheckForValidListAndQueue)
    i.prvCheckTasksWaitingTermination        0x08006650   Section        0  tasks.o(i.prvCheckTasksWaitingTermination)
    prvCheckTasksWaitingTermination          0x08006651   Thumb Code    76  tasks.o(i.prvCheckTasksWaitingTermination)
    i.prvCopyDataFromQueue                   0x080066a4   Section        0  queue.o(i.prvCopyDataFromQueue)
    prvCopyDataFromQueue                     0x080066a5   Thumb Code    38  queue.o(i.prvCopyDataFromQueue)
    i.prvCopyDataToQueue                     0x080066ca   Section        0  queue.o(i.prvCopyDataToQueue)
    prvCopyDataToQueue                       0x080066cb   Thumb Code   110  queue.o(i.prvCopyDataToQueue)
    i.prvHeapInit                            0x08006738   Section        0  heap_4.o(i.prvHeapInit)
    prvHeapInit                              0x08006739   Thumb Code    66  heap_4.o(i.prvHeapInit)
    i.prvIdleTask                            0x08006784   Section        0  tasks.o(i.prvIdleTask)
    prvIdleTask                              0x08006785   Thumb Code    20  tasks.o(i.prvIdleTask)
    i.prvInsertBlockIntoFreeList             0x0800679c   Section        0  heap_4.o(i.prvInsertBlockIntoFreeList)
    prvInsertBlockIntoFreeList               0x0800679d   Thumb Code    72  heap_4.o(i.prvInsertBlockIntoFreeList)
    i.prvInsertTimerInActiveList             0x080067e8   Section        0  timers.o(i.prvInsertTimerInActiveList)
    prvInsertTimerInActiveList               0x080067e9   Thumb Code    52  timers.o(i.prvInsertTimerInActiveList)
    i.prvProcessReceivedCommands             0x08006820   Section        0  timers.o(i.prvProcessReceivedCommands)
    prvProcessReceivedCommands               0x08006821   Thumb Code   162  timers.o(i.prvProcessReceivedCommands)
    i.prvProcessTimerOrBlockTask             0x080068c8   Section        0  timers.o(i.prvProcessTimerOrBlockTask)
    prvProcessTimerOrBlockTask               0x080068c9   Thumb Code   152  timers.o(i.prvProcessTimerOrBlockTask)
    i.prvResetNextTaskUnblockTime            0x08006964   Section        0  tasks.o(i.prvResetNextTaskUnblockTime)
    prvResetNextTaskUnblockTime              0x08006965   Thumb Code    26  tasks.o(i.prvResetNextTaskUnblockTime)
    i.prvSampleTimeNow                       0x08006984   Section        0  timers.o(i.prvSampleTimeNow)
    prvSampleTimeNow                         0x08006985   Thumb Code    36  timers.o(i.prvSampleTimeNow)
    i.prvSwitchTimerLists                    0x080069ac   Section        0  timers.o(i.prvSwitchTimerLists)
    prvSwitchTimerLists                      0x080069ad   Thumb Code    92  timers.o(i.prvSwitchTimerLists)
    i.prvTaskExitError                       0x08006a0c   Section        0  port.o(i.prvTaskExitError)
    prvTaskExitError                         0x08006a0d   Thumb Code    20  port.o(i.prvTaskExitError)
    i.prvTimerTask                           0x08006a24   Section        0  timers.o(i.prvTimerTask)
    prvTimerTask                             0x08006a25   Thumb Code    32  timers.o(i.prvTimerTask)
    i.prvUnlockQueue                         0x08006a48   Section        0  queue.o(i.prvUnlockQueue)
    prvUnlockQueue                           0x08006a49   Thumb Code   100  queue.o(i.prvUnlockQueue)
    i.pvPortMalloc                           0x08006aac   Section        0  heap_4.o(i.pvPortMalloc)
    i.pvTaskIncrementMutexHeldCount          0x08006b68   Section        0  tasks.o(i.pvTaskIncrementMutexHeldCount)
    i.pxPortInitialiseStack                  0x08006b80   Section        0  port.o(i.pxPortInitialiseStack)
    i.sqrt                                   0x08006ba0   Section        0  sqrt.o(i.sqrt)
    i.sqrtf                                  0x08006bec   Section        0  sqrtf.o(i.sqrtf)
    i.uxListRemove                           0x08006c18   Section        0  list.o(i.uxListRemove)
    i.vListInitialise                        0x08006c3c   Section        0  list.o(i.vListInitialise)
    i.vListInitialiseItem                    0x08006c52   Section        0  list.o(i.vListInitialiseItem)
    i.vListInsert                            0x08006c58   Section        0  list.o(i.vListInsert)
    i.vListInsertEnd                         0x08006c88   Section        0  list.o(i.vListInsertEnd)
    i.vPortEnterCritical                     0x08006ca0   Section        0  port.o(i.vPortEnterCritical)
    i.vPortExitCritical                      0x08006cd4   Section        0  port.o(i.vPortExitCritical)
    i.vPortFree                              0x08006cf8   Section        0  heap_4.o(i.vPortFree)
    i.vPortSetupTimerInterrupt               0x08006d40   Section        0  port.o(i.vPortSetupTimerInterrupt)
    i.vPortValidateInterruptPriority         0x08006d60   Section        0  port.o(i.vPortValidateInterruptPriority)
    i.vPortYield                             0x08006da0   Section        0  port.o(i.vPortYield)
    i.vQueueAddToRegistry                    0x08006db8   Section        0  queue.o(i.vQueueAddToRegistry)
    i.vQueueWaitForMessageRestricted         0x08006de0   Section        0  queue.o(i.vQueueWaitForMessageRestricted)
    i.vTaskDelay                             0x08006e1c   Section        0  tasks.o(i.vTaskDelay)
    i.vTaskMissedYield                       0x08006e6c   Section        0  tasks.o(i.vTaskMissedYield)
    i.vTaskPlaceOnEventList                  0x08006e78   Section        0  tasks.o(i.vTaskPlaceOnEventList)
    i.vTaskPlaceOnEventListRestricted        0x08006ed0   Section        0  tasks.o(i.vTaskPlaceOnEventListRestricted)
    i.vTaskPriorityInherit                   0x08006f2c   Section        0  tasks.o(i.vTaskPriorityInherit)
    i.vTaskSetTimeOutState                   0x08006fb0   Section        0  tasks.o(i.vTaskSetTimeOutState)
    i.vTaskStartScheduler                    0x08006fcc   Section        0  tasks.o(i.vTaskStartScheduler)
    i.vTaskSuspendAll                        0x08007028   Section        0  tasks.o(i.vTaskSuspendAll)
    i.vTaskSwitchContext                     0x08007038   Section        0  tasks.o(i.vTaskSwitchContext)
    i.xPortStartScheduler                    0x0800708c   Section        0  port.o(i.xPortStartScheduler)
    i.xPortSysTickHandler                    0x08007100   Section        0  port.o(i.xPortSysTickHandler)
    i.xQueueCreateMutex                      0x08007124   Section        0  queue.o(i.xQueueCreateMutex)
    i.xQueueGenericCreate                    0x0800716e   Section        0  queue.o(i.xQueueGenericCreate)
    i.xQueueGenericReceive                   0x080071c0   Section        0  queue.o(i.xQueueGenericReceive)
    i.xQueueGenericReset                     0x080072ee   Section        0  queue.o(i.xQueueGenericReset)
    i.xQueueGenericSend                      0x08007358   Section        0  queue.o(i.xQueueGenericSend)
    i.xQueueGenericSendFromISR               0x0800746c   Section        0  queue.o(i.xQueueGenericSendFromISR)
    i.xQueueGiveFromISR                      0x080074f8   Section        0  queue.o(i.xQueueGiveFromISR)
    i.xTaskCheckForTimeOut                   0x08007570   Section        0  tasks.o(i.xTaskCheckForTimeOut)
    i.xTaskGenericCreate                     0x080075c8   Section        0  tasks.o(i.xTaskGenericCreate)
    i.xTaskGetSchedulerState                 0x08007754   Section        0  tasks.o(i.xTaskGetSchedulerState)
    i.xTaskGetTickCount                      0x08007770   Section        0  tasks.o(i.xTaskGetTickCount)
    i.xTaskIncrementTick                     0x0800777c   Section        0  tasks.o(i.xTaskIncrementTick)
    i.xTaskPriorityDisinherit                0x0800783c   Section        0  tasks.o(i.xTaskPriorityDisinherit)
    i.xTaskRemoveFromEventList               0x080078c0   Section        0  tasks.o(i.xTaskRemoveFromEventList)
    i.xTaskResumeAll                         0x0800792c   Section        0  tasks.o(i.xTaskResumeAll)
    i.xTimerCreate                           0x080079d8   Section        0  timers.o(i.xTimerCreate)
    i.xTimerCreateTimerTask                  0x08007a18   Section        0  timers.o(i.xTimerCreateTimerTask)
    i.xTimerGenericCommand                   0x08007a5c   Section        0  timers.o(i.xTimerGenericCommand)
    .constdata                               0x08007ab4   Section       16  task_imu.o(.constdata)
    .constdata                               0x08007ac4   Section       24  task_control.o(.constdata)
    .constdata                               0x08007adc   Section       16  task_compass.o(.constdata)
    .constdata                               0x08007aec   Section      164  freertos.o(.constdata)
    .constdata                               0x08007b90   Section       16  ahrs.o(.constdata)
    .constdata                               0x08007ba0   Section       16  system_stm32f1xx.o(.constdata)
    .constdata                               0x08007bb0   Section        8  system_stm32f1xx.o(.constdata)
    .constdata                               0x08007bb8   Section     2052  arm_common_tables.o(.constdata)
    .constdata                               0x080083c0   Section       80  asin.o(.constdata)
    pS                                       0x080083c0   Data          48  asin.o(.constdata)
    qS                                       0x080083f0   Data          32  asin.o(.constdata)
    .constdata                               0x08008410   Section      152  atan.o(.constdata)
    atanhi                                   0x08008410   Data          32  atan.o(.constdata)
    atanlo                                   0x08008430   Data          32  atan.o(.constdata)
    aTodd                                    0x08008450   Data          40  atan.o(.constdata)
    aTeven                                   0x08008478   Data          48  atan.o(.constdata)
    .constdata                               0x080084a8   Section        8  qnan.o(.constdata)
    .conststring                             0x080084b0   Section      100  freertos.o(.conststring)
    .data                                    0x20000000   Section       20  task_imu.o(.data)
    CoeficientesFiltroVelocidad              0x20000000   Data          20  task_imu.o(.data)
    .data                                    0x20000014   Section       96  task_imu.o(.data)
    FiltroVelocidad                          0x20000014   Data          48  task_imu.o(.data)
    FiltroAceleracion                        0x20000044   Data          48  task_imu.o(.data)
    .data                                    0x20000074   Section       20  task_imu.o(.data)
    CoeficientesFiltroAceleracion            0x20000074   Data          20  task_imu.o(.data)
    .data                                    0x20000088   Section        2  task_ahrs.o(.data)
    SensibilidadGiroscopo                    0x20000088   Data           2  task_ahrs.o(.data)
    .data                                    0x2000008a   Section       14  main.o(.data)
    .data                                    0x20000098   Section      136  main.o(.data)
    .data                                    0x20000120   Section        8  crc.o(.data)
    .data                                    0x20000128   Section        8  i2c.o(.data)
    xHigherPriorityTaskWoken                 0x20000128   Data           4  i2c.o(.data)
    xHigherPriorityTaskWoken                 0x2000012c   Data           4  i2c.o(.data)
    .data                                    0x20000130   Section      104  freertos.o(.data)
    .data                                    0x20000198   Section       24  servidoresvariables.o(.data)
    OrientacionMagneticaAlmacenada           0x20000198   Data           4  servidoresvariables.o(.data)
    MutexLecturas9DOFIMU                     0x2000019c   Data           4  servidoresvariables.o(.data)
    MutexVariablesEstado                     0x200001a0   Data           4  servidoresvariables.o(.data)
    MutexAHRS_Orientacion_q15                0x200001a4   Data           4  servidoresvariables.o(.data)
    MutexOrientacionMagnetica                0x200001a8   Data           4  servidoresvariables.o(.data)
    MutexReferencia                          0x200001ac   Data           4  servidoresvariables.o(.data)
    .data                                    0x200001b0   Section        4  stm32f1xx_hal.o(.data)
    uwTick                                   0x200001b0   Data           4  stm32f1xx_hal.o(.data)
    .data                                    0x200001b4   Section       24  heap_4.o(.data)
    pxEnd                                    0x200001b4   Data           4  heap_4.o(.data)
    xFreeBytesRemaining                      0x200001b8   Data           4  heap_4.o(.data)
    xMinimumEverFreeBytesRemaining           0x200001bc   Data           4  heap_4.o(.data)
    xBlockAllocatedBit                       0x200001c0   Data           4  heap_4.o(.data)
    xStart                                   0x200001c4   Data           8  heap_4.o(.data)
    .data                                    0x200001cc   Section       12  port.o(.data)
    ucMaxSysCallPriority                     0x200001cc   Data           1  port.o(.data)
    uxCriticalNesting                        0x200001d0   Data           4  port.o(.data)
    ulMaxPRIGROUPValue                       0x200001d4   Data           4  port.o(.data)
    .data                                    0x200001d8   Section       56  tasks.o(.data)
    uxTasksDeleted                           0x200001dc   Data           4  tasks.o(.data)
    uxCurrentNumberOfTasks                   0x200001e0   Data           4  tasks.o(.data)
    xTickCount                               0x200001e4   Data           4  tasks.o(.data)
    uxTopReadyPriority                       0x200001e8   Data           4  tasks.o(.data)
    xSchedulerRunning                        0x200001ec   Data           4  tasks.o(.data)
    uxPendedTicks                            0x200001f0   Data           4  tasks.o(.data)
    xYieldPending                            0x200001f4   Data           4  tasks.o(.data)
    xNumOfOverflows                          0x200001f8   Data           4  tasks.o(.data)
    uxTaskNumber                             0x200001fc   Data           4  tasks.o(.data)
    xNextTaskUnblockTime                     0x20000200   Data           4  tasks.o(.data)
    uxSchedulerSuspended                     0x20000204   Data           4  tasks.o(.data)
    pxDelayedTaskList                        0x20000208   Data           4  tasks.o(.data)
    pxOverflowDelayedTaskList                0x2000020c   Data           4  tasks.o(.data)
    .data                                    0x20000210   Section       16  timers.o(.data)
    xTimerQueue                              0x20000210   Data           4  timers.o(.data)
    xLastTime                                0x20000214   Data           4  timers.o(.data)
    pxCurrentTimerList                       0x20000218   Data           4  timers.o(.data)
    pxOverflowTimerList                      0x2000021c   Data           4  timers.o(.data)
    .data                                    0x20000220   Section        4  system_stm32f1xx.o(.data)
    .data                                    0x20000224   Section        4  errno.o(.data)
    _errno                                   0x20000224   Data           4  errno.o(.data)
    .bss                                     0x20000228   Section       48  task_imu.o(.bss)
    EstadoFiltroVelocidad                    0x20000228   Data          48  task_imu.o(.bss)
    .bss                                     0x20000258   Section       48  task_imu.o(.bss)
    EstadoFiltroVelocidadAceleracion         0x20000258   Data          48  task_imu.o(.bss)
    .bss                                     0x20000288   Section       56  task_ahrs.o(.bss)
    AHRS                                     0x20000288   Data          56  task_ahrs.o(.bss)
    .bss                                     0x200002c0   Section      176  usart.o(.bss)
    .bss                                     0x20000370   Section       16  iwdg.o(.bss)
    .bss                                     0x20000380   Section       48  adc.o(.bss)
    .bss                                     0x200003b0   Section      120  tim.o(.bss)
    .bss                                     0x20000428   Section      180  i2c.o(.bss)
    .bss                                     0x200004dc   Section      104  servidoresvariables.o(.bss)
    ReferenciaAlmacenada                     0x200004dc   Data          32  servidoresvariables.o(.bss)
    Lecturas9DOFIMUAlmacenadas               0x200004fc   Data          20  servidoresvariables.o(.bss)
    VariablesEstadoAlmacenadas               0x20000510   Data          20  servidoresvariables.o(.bss)
    OrientacionAHRS_q15Almacenado            0x20000524   Data          32  servidoresvariables.o(.bss)
    .bss                                     0x20000544   Section     8192  heap_4.o(.bss)
    ucHeap                                   0x20000544   Data        8192  heap_4.o(.bss)
    .bss                                     0x20002544   Section      240  tasks.o(.bss)
    pxReadyTasksLists                        0x20002544   Data         140  tasks.o(.bss)
    xDelayedTaskList1                        0x200025d0   Data          20  tasks.o(.bss)
    xDelayedTaskList2                        0x200025e4   Data          20  tasks.o(.bss)
    xPendingReadyList                        0x200025f8   Data          20  tasks.o(.bss)
    xTasksWaitingTermination                 0x2000260c   Data          20  tasks.o(.bss)
    xSuspendedTaskList                       0x20002620   Data          20  tasks.o(.bss)
    .bss                                     0x20002634   Section       40  timers.o(.bss)
    xActiveTimerList1                        0x20002634   Data          20  timers.o(.bss)
    xActiveTimerList2                        0x20002648   Data          20  timers.o(.bss)
    .bss                                     0x2000265c   Section       64  queue.o(.bss)
    STACK                                    0x200026a0   Section     1024  startup_stm32f103xb.o(STACK)

    Global Symbols

    Symbol Name                              Value     Ov Type        Size  Object(Section)

    BuildAttributes$$THM_ISAv4$P$D$K$B$S$PE$A:L22UL41UL21$X:L11$S22US41US21$IEEE1$IW$USESV6$~STKCKD$USESV7$~SHL$OTIME$ROPI$IEEEX$EBA8$MICROLIB$REQ8$PRES8$EABIv2 0x00000000   Number         0  anon$$obj.o ABSOLUTE
    __ARM_use_no_argv                        0x00000000   Number         0  main.o ABSOLUTE
    __cpp_initialize__aeabi_                  - Undefined Weak Reference
    __cxa_finalize                            - Undefined Weak Reference
    _clock_init                               - Undefined Weak Reference
    _microlib_exit                            - Undefined Weak Reference
    __Vectors_Size                           0x000000ec   Number         0  startup_stm32f103xb.o ABSOLUTE
    __Vectors                                0x08000000   Data           4  startup_stm32f103xb.o(RESET)
    __Vectors_End                            0x080000ec   Data           0  startup_stm32f103xb.o(RESET)
    __main                                   0x080000ed   Thumb Code     0  entry.o(.ARM.Collect$$$$00000000)
    _main_stk                                0x080000ed   Thumb Code     0  entry2.o(.ARM.Collect$$$$00000001)
    _main_scatterload                        0x080000f1   Thumb Code     0  entry5.o(.ARM.Collect$$$$00000004)
    __main_after_scatterload                 0x080000f5   Thumb Code     0  entry5.o(.ARM.Collect$$$$00000004)
    _main_clock                              0x080000f5   Thumb Code     0  entry7b.o(.ARM.Collect$$$$00000008)
    _main_cpp_init                           0x080000f5   Thumb Code     0  entry8b.o(.ARM.Collect$$$$0000000A)
    _main_init                               0x080000f5   Thumb Code     0  entry9a.o(.ARM.Collect$$$$0000000B)
    __rt_final_cpp                           0x080000fd   Thumb Code     0  entry10a.o(.ARM.Collect$$$$0000000D)
    __rt_final_exit                          0x080000fd   Thumb Code     0  entry11a.o(.ARM.Collect$$$$0000000F)
    SVC_Handler                              0x08000101   Thumb Code    32  port.o(.emb_text)
    __asm___6_port_c_39a90d8d__prvStartFirstTask 0x08000125   Thumb Code    28  port.o(.emb_text)
    PendSV_Handler                           0x08000145   Thumb Code    64  port.o(.emb_text)
    ulPortSetInterruptMask                   0x08000189   Thumb Code    14  port.o(.emb_text)
    vPortClearInterruptMask                  0x08000197   Thumb Code     6  port.o(.emb_text)
    vPortGetIPSR                             0x0800019d   Thumb Code     6  port.o(.emb_text)
    Reset_Handler                            0x080001a5   Thumb Code     8  startup_stm32f103xb.o(.text)
    ADC1_2_IRQHandler                        0x080001bf   Thumb Code     0  startup_stm32f103xb.o(.text)
    CAN1_RX1_IRQHandler                      0x080001bf   Thumb Code     0  startup_stm32f103xb.o(.text)
    CAN1_SCE_IRQHandler                      0x080001bf   Thumb Code     0  startup_stm32f103xb.o(.text)
    DMA1_Channel1_IRQHandler                 0x080001bf   Thumb Code     0  startup_stm32f103xb.o(.text)
    DMA1_Channel2_IRQHandler                 0x080001bf   Thumb Code     0  startup_stm32f103xb.o(.text)
    DMA1_Channel3_IRQHandler                 0x080001bf   Thumb Code     0  startup_stm32f103xb.o(.text)
    EXTI0_IRQHandler                         0x080001bf   Thumb Code     0  startup_stm32f103xb.o(.text)
    EXTI15_10_IRQHandler                     0x080001bf   Thumb Code     0  startup_stm32f103xb.o(.text)
    EXTI1_IRQHandler                         0x080001bf   Thumb Code     0  startup_stm32f103xb.o(.text)
    EXTI2_IRQHandler                         0x080001bf   Thumb Code     0  startup_stm32f103xb.o(.text)
    EXTI3_IRQHandler                         0x080001bf   Thumb Code     0  startup_stm32f103xb.o(.text)
    EXTI4_IRQHandler                         0x080001bf   Thumb Code     0  startup_stm32f103xb.o(.text)
    EXTI9_5_IRQHandler                       0x080001bf   Thumb Code     0  startup_stm32f103xb.o(.text)
    FLASH_IRQHandler                         0x080001bf   Thumb Code     0  startup_stm32f103xb.o(.text)
    I2C1_ER_IRQHandler                       0x080001bf   Thumb Code     0  startup_stm32f103xb.o(.text)
    I2C1_EV_IRQHandler                       0x080001bf   Thumb Code     0  startup_stm32f103xb.o(.text)
    I2C2_EV_IRQHandler                       0x080001bf   Thumb Code     0  startup_stm32f103xb.o(.text)
    PVD_IRQHandler                           0x080001bf   Thumb Code     0  startup_stm32f103xb.o(.text)
    RCC_IRQHandler                           0x080001bf   Thumb Code     0  startup_stm32f103xb.o(.text)
    RTC_Alarm_IRQHandler                     0x080001bf   Thumb Code     0  startup_stm32f103xb.o(.text)
    RTC_IRQHandler                           0x080001bf   Thumb Code     0  startup_stm32f103xb.o(.text)
    SPI1_IRQHandler                          0x080001bf   Thumb Code     0  startup_stm32f103xb.o(.text)
    SPI2_IRQHandler                          0x080001bf   Thumb Code     0  startup_stm32f103xb.o(.text)
    TAMPER_IRQHandler                        0x080001bf   Thumb Code     0  startup_stm32f103xb.o(.text)
    TIM1_BRK_IRQHandler                      0x080001bf   Thumb Code     0  startup_stm32f103xb.o(.text)
    TIM1_CC_IRQHandler                       0x080001bf   Thumb Code     0  startup_stm32f103xb.o(.text)
    TIM1_TRG_COM_IRQHandler                  0x080001bf   Thumb Code     0  startup_stm32f103xb.o(.text)
    TIM1_UP_IRQHandler                       0x080001bf   Thumb Code     0  startup_stm32f103xb.o(.text)
    TIM2_IRQHandler                          0x080001bf   Thumb Code     0  startup_stm32f103xb.o(.text)
    TIM3_IRQHandler                          0x080001bf   Thumb Code     0  startup_stm32f103xb.o(.text)
    TIM4_IRQHandler                          0x080001bf   Thumb Code     0  startup_stm32f103xb.o(.text)
    USART1_IRQHandler                        0x080001bf   Thumb Code     0  startup_stm32f103xb.o(.text)
    USART2_IRQHandler                        0x080001bf   Thumb Code     0  startup_stm32f103xb.o(.text)
    USART3_IRQHandler                        0x080001bf   Thumb Code     0  startup_stm32f103xb.o(.text)
    USBWakeUp_IRQHandler                     0x080001bf   Thumb Code     0  startup_stm32f103xb.o(.text)
    USB_HP_CAN1_TX_IRQHandler                0x080001bf   Thumb Code     0  startup_stm32f103xb.o(.text)
    USB_LP_CAN1_RX0_IRQHandler               0x080001bf   Thumb Code     0  startup_stm32f103xb.o(.text)
    WWDG_IRQHandler                          0x080001bf   Thumb Code     0  startup_stm32f103xb.o(.text)
    arm_add_q15                              0x080001c9   Thumb Code   158  arm_add_q15.o(.text)
    arm_dot_prod_q15                         0x08000269   Thumb Code   186  arm_dot_prod_q15.o(.text)
    arm_scale_q15                            0x08000325   Thumb Code   240  arm_scale_q15.o(.text)
    arm_biquad_cascade_df1_q15               0x08000415   Thumb Code   506  arm_biquad_cascade_df1_q15.o(.text)
    arm_mat_mult_q15                         0x08000611   Thumb Code   498  arm_mat_mult_q15.o(.text)
    arm_sin_cos_q31                          0x08000805   Thumb Code   554  arm_sin_cos_q31.o(.text)
    arm_copy_q15                             0x08000a39   Thumb Code   152  arm_copy_q15.o(.text)
    arm_fill_q15                             0x08000ad1   Thumb Code   122  arm_fill_q15.o(.text)
    __aeabi_ldivmod                          0x08000b4b   Thumb Code    98  ldiv.o(.text)
    __aeabi_llsr                             0x08000bad   Thumb Code    32  llushr.o(.text)
    _ll_ushift_r                             0x08000bad   Thumb Code     0  llushr.o(.text)
    __aeabi_memcpy                           0x08000bcd   Thumb Code    36  memcpya.o(.text)
    __aeabi_memcpy4                          0x08000bcd   Thumb Code     0  memcpya.o(.text)
    __aeabi_memcpy8                          0x08000bcd   Thumb Code     0  memcpya.o(.text)
    __aeabi_memset                           0x08000bf1   Thumb Code    14  memseta.o(.text)
    __aeabi_memset4                          0x08000bf1   Thumb Code     0  memseta.o(.text)
    __aeabi_memset8                          0x08000bf1   Thumb Code     0  memseta.o(.text)
    __aeabi_memclr                           0x08000bff   Thumb Code     4  memseta.o(.text)
    __aeabi_memclr4                          0x08000bff   Thumb Code     0  memseta.o(.text)
    __aeabi_memclr8                          0x08000bff   Thumb Code     0  memseta.o(.text)
    _memset$wrapper                          0x08000c03   Thumb Code    18  memseta.o(.text)
    __aeabi_dmul                             0x08000c15   Thumb Code   228  dmul.o(.text)
    __aeabi_ddiv                             0x08000cf9   Thumb Code   222  ddiv.o(.text)
    __ARM_scalbn                             0x08000dd7   Thumb Code    46  dscalb.o(.text)
    scalbn                                   0x08000dd7   Thumb Code     0  dscalb.o(.text)
    __aeabi_i2d                              0x08000e05   Thumb Code    34  dflti.o(.text)
    __aeabi_ui2d                             0x08000e27   Thumb Code    26  dfltui.o(.text)
    __aeabi_f2iz                             0x08000e41   Thumb Code    50  ffixi.o(.text)
    __aeabi_d2iz                             0x08000e73   Thumb Code    62  dfixi.o(.text)
    __aeabi_d2f                              0x08000eb1   Thumb Code    56  d2f.o(.text)
    __aeabi_uldivmod                         0x08000ee9   Thumb Code    98  uldiv.o(.text)
    __I$use$fp                               0x08000f4b   Thumb Code     0  iusefp.o(.text)
    _float_round                             0x08000f4b   Thumb Code    18  fepilogue.o(.text)
    _float_epilogue                          0x08000f5d   Thumb Code    92  fepilogue.o(.text)
    _fsqrt                                   0x08000fb9   Thumb Code    94  fsqrt.o(.text)
    _double_round                            0x08001017   Thumb Code    30  depilogue.o(.text)
    _double_epilogue                         0x08001035   Thumb Code   156  depilogue.o(.text)
    __aeabi_dadd                             0x080010d1   Thumb Code   322  dadd.o(.text)
    __aeabi_dsub                             0x08001213   Thumb Code     6  dadd.o(.text)
    __aeabi_drsub                            0x08001219   Thumb Code     6  dadd.o(.text)
    __scatterload                            0x08001221   Thumb Code    28  init.o(.text)
    __scatterload_rt2                        0x08001221   Thumb Code     0  init.o(.text)
    __aeabi_llsl                             0x08001245   Thumb Code    30  llshl.o(.text)
    _ll_shift_l                              0x08001245   Thumb Code     0  llshl.o(.text)
    __aeabi_lasr                             0x08001263   Thumb Code    36  llsshr.o(.text)
    _ll_sshift_r                             0x08001263   Thumb Code     0  llsshr.o(.text)
    _dsqrt                                   0x08001287   Thumb Code   162  dsqrt.o(.text)
    __decompress                             0x08001329   Thumb Code     0  __dczerorl2.o(.text)
    __decompress1                            0x08001329   Thumb Code    86  __dczerorl2.o(.text)
    ADC_ConversionStop_Disable               0x08001381   Thumb Code    76  stm32f1xx_hal_adc.o(i.ADC_ConversionStop_Disable)
    AHRS_TASK_FCN                            0x080013cd   Thumb Code   148  task_ahrs.o(i.AHRS_TASK_FCN)
    AHRS_TIMER_FCN                           0x0800146d   Thumb Code    14  task_ahrs.o(i.AHRS_TIMER_FCN)
    ALTURA_TASK_FCN                          0x08001481   Thumb Code     2  task_altura.o(i.ALTURA_TASK_FCN)
    ALTURA_TIMER_FCN                         0x08001483   Thumb Code     2  task_altura.o(i.ALTURA_TIMER_FCN)
    Actualizar_Matriz_DCM_V2                 0x08001485   Thumb Code   364  ahrs.o(i.Actualizar_Matriz_DCM_V2)
    Angulos_Euler                            0x080015f5   Thumb Code   162  ahrs.o(i.Angulos_Euler)
    BusFault_Handler                         0x080016a5   Thumb Code     2  stm32f1xx_it.o(i.BusFault_Handler)
    COMPASS_TASK_FCN                         0x080016a9   Thumb Code   138  task_compass.o(i.COMPASS_TASK_FCN)
    COMPASS_TIMER_FCN                        0x08001751   Thumb Code    14  task_compass.o(i.COMPASS_TIMER_FCN)
    CONTROL_TASK_FCN                         0x08001765   Thumb Code   494  task_control.o(i.CONTROL_TASK_FCN)
    CONTROL_TIMER_FCN                        0x08001961   Thumb Code    14  task_control.o(i.CONTROL_TIMER_FCN)
    COORDINADOR_TASK_FCN                     0x08001975   Thumb Code     2  task_coordinador.o(i.COORDINADOR_TASK_FCN)
    COORDINADOR_TIMER_FCN                    0x08001977   Thumb Code     2  task_coordinador.o(i.COORDINADOR_TIMER_FCN)
    Compensacion_Sensor_magnetico            0x08001979   Thumb Code   138  ahrs.o(i.Compensacion_Sensor_magnetico)
    Correccion_deriva                        0x08001a03   Thumb Code   278  ahrs.o(i.Correccion_deriva)
    DMA1_Channel4_IRQHandler                 0x08001b19   Thumb Code     6  stm32f1xx_it.o(i.DMA1_Channel4_IRQHandler)
    DMA1_Channel5_IRQHandler                 0x08001b25   Thumb Code     6  stm32f1xx_it.o(i.DMA1_Channel5_IRQHandler)
    DMA1_Channel6_IRQHandler                 0x08001b31   Thumb Code     6  stm32f1xx_it.o(i.DMA1_Channel6_IRQHandler)
    DMA1_Channel7_IRQHandler                 0x08001b3d   Thumb Code     6  stm32f1xx_it.o(i.DMA1_Channel7_IRQHandler)
    DebugMon_Handler                         0x08001b67   Thumb Code     2  stm32f1xx_it.o(i.DebugMon_Handler)
    Error_Handler                            0x08001b69   Thumb Code     2  main.o(i.Error_Handler)
    EscribirLecturasBrujulas                 0x08001b6d   Thumb Code    46  servidoresvariables.o(i.EscribirLecturasBrujulas)
    EscribirLecturasIMU                      0x08001ba5   Thumb Code    44  servidoresvariables.o(i.EscribirLecturasIMU)
    EscribirOrientacionMagnetica             0x08001bd9   Thumb Code    36  servidoresvariables.o(i.EscribirOrientacionMagnetica)
    EscribirVariableAHRS_Orientacion_q15     0x08001c01   Thumb Code    44  servidoresvariables.o(i.EscribirVariableAHRS_Orientacion_q15)
    HAL_ADC_ConfigChannel                    0x08001c35   Thumb Code   578  stm32f1xx_hal_adc.o(i.HAL_ADC_ConfigChannel)
    HAL_ADC_Init                             0x08001ec1   Thumb Code   500  stm32f1xx_hal_adc.o(i.HAL_ADC_Init)
    HAL_ADC_MspInit                          0x080020fd   Thumb Code    50  adc.o(i.HAL_ADC_MspInit)
    HAL_CRC_Init                             0x0800213d   Thumb Code    50  stm32f1xx_hal_crc.o(i.HAL_CRC_Init)
    HAL_CRC_MspInit                          0x080021ad   Thumb Code    30  crc.o(i.HAL_CRC_MspInit)
    HAL_DMA_IRQHandler                       0x080021d5   Thumb Code   616  stm32f1xx_hal_dma.o(i.HAL_DMA_IRQHandler)
    HAL_DMA_Init                             0x08002441   Thumb Code   294  stm32f1xx_hal_dma.o(i.HAL_DMA_Init)
    HAL_DMA_Start_IT                         0x080025a5   Thumb Code   124  stm32f1xx_hal_dma.o(i.HAL_DMA_Start_IT)
    HAL_Delay                                0x08002659   Thumb Code    22  stm32f1xx_hal.o(i.HAL_Delay)
    HAL_GPIO_Init                            0x08002671   Thumb Code   664  stm32f1xx_hal_gpio.o(i.HAL_GPIO_Init)
    HAL_GPIO_WritePin                        0x08002989   Thumb Code    46  stm32f1xx_hal_gpio.o(i.HAL_GPIO_WritePin)
    HAL_GetTick                              0x080029f5   Thumb Code     6  stm32f1xx_hal.o(i.HAL_GetTick)
    HAL_I2C_ER_IRQHandler                    0x08002a01   Thumb Code   250  stm32f1xx_hal_i2c.o(i.HAL_I2C_ER_IRQHandler)
    HAL_I2C_ErrorCallback                    0x08002afb   Thumb Code     2  stm32f1xx_hal_i2c.o(i.HAL_I2C_ErrorCallback)
    HAL_I2C_Init                             0x08002afd   Thumb Code   392  stm32f1xx_hal_i2c.o(i.HAL_I2C_Init)
    HAL_I2C_MasterRxCpltCallback             0x08002cd1   Thumb Code     8  i2c.o(i.HAL_I2C_MasterRxCpltCallback)
    HAL_I2C_MasterTxCpltCallback             0x08002cdd   Thumb Code     8  i2c.o(i.HAL_I2C_MasterTxCpltCallback)
    HAL_I2C_Master_Receive_DMA               0x08002ce9   Thumb Code   202  stm32f1xx_hal_i2c.o(i.HAL_I2C_Master_Receive_DMA)
    HAL_I2C_Master_Transmit_DMA              0x08002dc1   Thumb Code   178  stm32f1xx_hal_i2c.o(i.HAL_I2C_Master_Transmit_DMA)
    HAL_I2C_MspInit                          0x08002e81   Thumb Code   168  i2c.o(i.HAL_I2C_MspInit)
    HAL_I2C_SlaveTxCpltCallback              0x08002f3d   Thumb Code     2  stm32f1xx_hal_i2c.o(i.HAL_I2C_SlaveTxCpltCallback)
    HAL_IWDG_Init                            0x08002f41   Thumb Code   158  stm32f1xx_hal_iwdg.o(i.HAL_IWDG_Init)
    HAL_IWDG_MspInit                         0x08003021   Thumb Code     2  stm32f1xx_hal_iwdg.o(i.HAL_IWDG_MspInit)
    HAL_IncTick                              0x08003025   Thumb Code    10  stm32f1xx_hal.o(i.HAL_IncTick)
    HAL_Init                                 0x08003035   Thumb Code    32  stm32f1xx_hal.o(i.HAL_Init)
    HAL_InitTick                             0x08003059   Thumb Code    34  stm32f1xx_hal.o(i.HAL_InitTick)
    HAL_MspInit                              0x0800307d   Thumb Code   118  stm32f1xx_hal_msp.o(i.HAL_MspInit)
    HAL_NVIC_EnableIRQ                       0x080030fd   Thumb Code    36  stm32f1xx_hal_cortex.o(i.HAL_NVIC_EnableIRQ)
    HAL_NVIC_SetPriority                     0x0800315d   Thumb Code    94  stm32f1xx_hal_cortex.o(i.HAL_NVIC_SetPriority)
    HAL_NVIC_SetPriorityGrouping             0x080031fd   Thumb Code    58  stm32f1xx_hal_cortex.o(i.HAL_NVIC_SetPriorityGrouping)
    HAL_RCCEx_PeriphCLKConfig                0x0800327d   Thumb Code   396  stm32f1xx_hal_rcc_ex.o(i.HAL_RCCEx_PeriphCLKConfig)
    HAL_RCC_ClockConfig                      0x08003451   Thumb Code   578  stm32f1xx_hal_rcc.o(i.HAL_RCC_ClockConfig)
    HAL_RCC_GetHCLKFreq                      0x080036dd   Thumb Code     6  stm32f1xx_hal_rcc.o(i.HAL_RCC_GetHCLKFreq)
    HAL_RCC_GetPCLK1Freq                     0x080036e9   Thumb Code    34  stm32f1xx_hal_rcc.o(i.HAL_RCC_GetPCLK1Freq)
    HAL_RCC_GetPCLK2Freq                     0x08003719   Thumb Code    34  stm32f1xx_hal_rcc.o(i.HAL_RCC_GetPCLK2Freq)
    HAL_RCC_GetSysClockFreq                  0x08003749   Thumb Code   106  stm32f1xx_hal_rcc.o(i.HAL_RCC_GetSysClockFreq)
    HAL_RCC_OscConfig                        0x080037d5   Thumb Code  1786  stm32f1xx_hal_rcc.o(i.HAL_RCC_OscConfig)
    HAL_SYSTICK_CLKSourceConfig              0x08003ed5   Thumb Code    40  stm32f1xx_hal_cortex.o(i.HAL_SYSTICK_CLKSourceConfig)
    HAL_SYSTICK_Config                       0x08003f39   Thumb Code    40  stm32f1xx_hal_cortex.o(i.HAL_SYSTICK_Config)
    HAL_TIMEx_MasterConfigSynchronization    0x08003f61   Thumb Code   178  stm32f1xx_hal_tim_ex.o(i.HAL_TIMEx_MasterConfigSynchronization)
    HAL_TIM_Base_Init                        0x0800405d   Thumb Code   140  stm32f1xx_hal_tim.o(i.HAL_TIM_Base_Init)
    HAL_TIM_Base_MspInit                     0x0800412d   Thumb Code    30  tim.o(i.HAL_TIM_Base_MspInit)
    HAL_TIM_ConfigClockSource                0x08004155   Thumb Code   872  stm32f1xx_hal_tim.o(i.HAL_TIM_ConfigClockSource)
    HAL_TIM_MspPostInit                      0x08004501   Thumb Code    60  tim.o(i.HAL_TIM_MspPostInit)
    HAL_TIM_PWM_ConfigChannel                0x0800454d   Thumb Code   428  stm32f1xx_hal_tim.o(i.HAL_TIM_PWM_ConfigChannel)
    HAL_TIM_PWM_Init                         0x0800473d   Thumb Code   146  stm32f1xx_hal_tim.o(i.HAL_TIM_PWM_Init)
    HAL_TIM_PWM_MspInit                      0x08004815   Thumb Code    30  tim.o(i.HAL_TIM_PWM_MspInit)
    HAL_UART_Init                            0x0800483d   Thumb Code   214  stm32f1xx_hal_uart.o(i.HAL_UART_Init)
    HAL_UART_MspInit                         0x0800495d   Thumb Code   158  usart.o(i.HAL_UART_MspInit)
    HardFault_Handler                        0x08004a11   Thumb Code     2  stm32f1xx_it.o(i.HardFault_Handler)
    I2C2_ER_IRQHandler                       0x08004a15   Thumb Code     6  stm32f1xx_it.o(i.I2C2_ER_IRQHandler)
    IMU_TASK_FCN                             0x08004d2d   Thumb Code   364  task_imu.o(i.IMU_TASK_FCN)
    IMU_TIMER_FCN                            0x08004ebd   Thumb Code    14  task_imu.o(i.IMU_TIMER_FCN)
    LeerLecturasIMU9DOF                      0x08004ed1   Thumb Code    44  servidoresvariables.o(i.LeerLecturasIMU9DOF)
    LeerReferencia                           0x08004f05   Thumb Code    46  servidoresvariables.o(i.LeerReferencia)
    LeerRollPitchYaw                         0x08004f3d   Thumb Code    32  servidoresvariables.o(i.LeerRollPitchYaw)
    MX_ADC1_Init                             0x08004f61   Thumb Code    64  adc.o(i.MX_ADC1_Init)
    MX_CRC_Init                              0x08004fa9   Thumb Code    28  crc.o(i.MX_CRC_Init)
    MX_DMA_Init                              0x08004fcd   Thumb Code    88  dma.o(i.MX_DMA_Init)
    MX_FREERTOS_Init                         0x08005029   Thumb Code   416  freertos.o(i.MX_FREERTOS_Init)
    MX_GPIO_Init                             0x080051d1   Thumb Code   162  gpio.o(i.MX_GPIO_Init)
    MX_I2C2_Init                             0x08005285   Thumb Code    76  i2c.o(i.MX_I2C2_Init)
    MX_IWDG_Init                             0x080052dd   Thumb Code    36  iwdg.o(i.MX_IWDG_Init)
    MX_TIM3_Init                             0x08005309   Thumb Code   164  tim.o(i.MX_TIM3_Init)
    MX_TIM4_Init                             0x080053b5   Thumb Code   132  tim.o(i.MX_TIM4_Init)
    MX_USART2_UART_Init                      0x08005441   Thumb Code    48  usart.o(i.MX_USART2_UART_Init)
    MandarDatosI2C                           0x08005479   Thumb Code    94  i2c.o(i.MandarDatosI2C)
    MemManage_Handler                        0x080054d7   Thumb Code     2  stm32f1xx_it.o(i.MemManage_Handler)
    NMI_Handler                              0x080054d9   Thumb Code     2  stm32f1xx_it.o(i.NMI_Handler)
    Normalizar_DCM                           0x080054fb   Thumb Code   452  ahrs.o(i.Normalizar_DCM)
    Sensibilidad_Giroscopo                   0x080056c1   Thumb Code     6  main.o(i.Sensibilidad_Giroscopo)
    StartDefaultTask                         0x080056cd   Thumb Code     8  freertos.o(i.StartDefaultTask)
    SysTick_Handler                          0x080056d5   Thumb Code    14  stm32f1xx_it.o(i.SysTick_Handler)
    SystemClock_Config                       0x080056e3   Thumb Code   132  main.o(i.SystemClock_Config)
    SystemInit                               0x08005769   Thumb Code    56  system_stm32f1xx.o(i.SystemInit)
    TIM_Base_SetConfig                       0x080057b1   Thumb Code    86  stm32f1xx_hal_tim.o(i.TIM_Base_SetConfig)
    TIM_OC2_SetConfig                        0x08005905   Thumb Code   152  stm32f1xx_hal_tim.o(i.TIM_OC2_SetConfig)
    UsageFault_Handler                       0x08005d95   Thumb Code     2  stm32f1xx_it.o(i.UsageFault_Handler)
    __ARM_fpclassify                         0x08005d97   Thumb Code    40  fpclassify.o(i.__ARM_fpclassify)
    __kernel_poly                            0x08005dbf   Thumb Code   170  poly.o(i.__kernel_poly)
    __mathlib_dbl_infnan                     0x08005e69   Thumb Code     6  dunder.o(i.__mathlib_dbl_infnan)
    __mathlib_dbl_infnan2                    0x08005e6f   Thumb Code     4  dunder.o(i.__mathlib_dbl_infnan2)
    __mathlib_dbl_invalid                    0x08005e73   Thumb Code    12  dunder.o(i.__mathlib_dbl_invalid)
    __mathlib_dbl_underflow                  0x08005e81   Thumb Code    10  dunder.o(i.__mathlib_dbl_underflow)
    __scatterload_copy                       0x08005e91   Thumb Code    14  handlers.o(i.__scatterload_copy)
    __scatterload_null                       0x08005e9f   Thumb Code     2  handlers.o(i.__scatterload_null)
    __scatterload_zeroinit                   0x08005ea1   Thumb Code    14  handlers.o(i.__scatterload_zeroinit)
    __set_errno                              0x08005eb1   Thumb Code     6  errno.o(i.__set_errno)
    asin                                     0x08005ebd   Thumb Code   572  asin.o(i.asin)
    assert_failed                            0x0800612d   Thumb Code     2  main.o(i.assert_failed)
    atan                                     0x08006131   Thumb Code   474  atan.o(i.atan)
    atan2                                    0x08006351   Thumb Code   346  atan2.o(i.atan2)
    main                                     0x080064d1   Thumb Code    54  main.o(i.main)
    osDelay                                  0x08006513   Thumb Code    14  cmsis_os.o(i.osDelay)
    osKernelStart                            0x08006521   Thumb Code    10  cmsis_os.o(i.osKernelStart)
    osMutexCreate                            0x0800652b   Thumb Code     6  cmsis_os.o(i.osMutexCreate)
    osSemaphoreCreate                        0x08006531   Thumb Code    38  cmsis_os.o(i.osSemaphoreCreate)
    osSystickHandler                         0x08006557   Thumb Code    20  cmsis_os.o(i.osSystickHandler)
    osThreadCreate                           0x0800656b   Thumb Code    56  cmsis_os.o(i.osThreadCreate)
    osTimerCreate                            0x080065a5   Thumb Code    30  cmsis_os.o(i.osTimerCreate)
    pvPortMalloc                             0x08006aad   Thumb Code   182  heap_4.o(i.pvPortMalloc)
    pvTaskIncrementMutexHeldCount            0x08006b69   Thumb Code    18  tasks.o(i.pvTaskIncrementMutexHeldCount)
    pxPortInitialiseStack                    0x08006b81   Thumb Code    28  port.o(i.pxPortInitialiseStack)
    sqrt                                     0x08006ba1   Thumb Code    76  sqrt.o(i.sqrt)
    sqrtf                                    0x08006bed   Thumb Code    44  sqrtf.o(i.sqrtf)
    uxListRemove                             0x08006c19   Thumb Code    36  list.o(i.uxListRemove)
    vListInitialise                          0x08006c3d   Thumb Code    22  list.o(i.vListInitialise)
    vListInitialiseItem                      0x08006c53   Thumb Code     6  list.o(i.vListInitialiseItem)
    vListInsert                              0x08006c59   Thumb Code    48  list.o(i.vListInsert)
    vListInsertEnd                           0x08006c89   Thumb Code    24  list.o(i.vListInsertEnd)
    vPortEnterCritical                       0x08006ca1   Thumb Code    44  port.o(i.vPortEnterCritical)
    vPortExitCritical                        0x08006cd5   Thumb Code    30  port.o(i.vPortExitCritical)
    vPortFree                                0x08006cf9   Thumb Code    68  heap_4.o(i.vPortFree)
    vPortSetupTimerInterrupt                 0x08006d41   Thumb Code    26  port.o(i.vPortSetupTimerInterrupt)
    vPortValidateInterruptPriority           0x08006d61   Thumb Code    54  port.o(i.vPortValidateInterruptPriority)
    vPortYield                               0x08006da1   Thumb Code    18  port.o(i.vPortYield)
    vQueueAddToRegistry                      0x08006db9   Thumb Code    34  queue.o(i.vQueueAddToRegistry)
    vQueueWaitForMessageRestricted           0x08006de1   Thumb Code    60  queue.o(i.vQueueWaitForMessageRestricted)
    vTaskDelay                               0x08006e1d   Thumb Code    76  tasks.o(i.vTaskDelay)
    vTaskMissedYield                         0x08006e6d   Thumb Code     8  tasks.o(i.vTaskMissedYield)
    vTaskPlaceOnEventList                    0x08006e79   Thumb Code    80  tasks.o(i.vTaskPlaceOnEventList)
    vTaskPlaceOnEventListRestricted          0x08006ed1   Thumb Code    82  tasks.o(i.vTaskPlaceOnEventListRestricted)
    vTaskPriorityInherit                     0x08006f2d   Thumb Code   124  tasks.o(i.vTaskPriorityInherit)
    vTaskSetTimeOutState                     0x08006fb1   Thumb Code    22  tasks.o(i.vTaskSetTimeOutState)
    vTaskStartScheduler                      0x08006fcd   Thumb Code    74  tasks.o(i.vTaskStartScheduler)
    vTaskSuspendAll                          0x08007029   Thumb Code    10  tasks.o(i.vTaskSuspendAll)
    vTaskSwitchContext                       0x08007039   Thumb Code    74  tasks.o(i.vTaskSwitchContext)
    xPortStartScheduler                      0x0800708d   Thumb Code   102  port.o(i.xPortStartScheduler)
    xPortSysTickHandler                      0x08007101   Thumb Code    30  port.o(i.xPortSysTickHandler)
    xQueueCreateMutex                        0x08007125   Thumb Code    74  queue.o(i.xQueueCreateMutex)
    xQueueGenericCreate                      0x0800716f   Thumb Code    80  queue.o(i.xQueueGenericCreate)
    xQueueGenericReceive                     0x080071c1   Thumb Code   302  queue.o(i.xQueueGenericReceive)
    xQueueGenericReset                       0x080072ef   Thumb Code   106  queue.o(i.xQueueGenericReset)
    xQueueGenericSend                        0x08007359   Thumb Code   276  queue.o(i.xQueueGenericSend)
    xQueueGenericSendFromISR                 0x0800746d   Thumb Code   140  queue.o(i.xQueueGenericSendFromISR)
    xQueueGiveFromISR                        0x080074f9   Thumb Code   118  queue.o(i.xQueueGiveFromISR)
    xTaskCheckForTimeOut                     0x08007571   Thumb Code    82  tasks.o(i.xTaskCheckForTimeOut)
    xTaskGenericCreate                       0x080075c9   Thumb Code   388  tasks.o(i.xTaskGenericCreate)
    xTaskGetSchedulerState                   0x08007755   Thumb Code    22  tasks.o(i.xTaskGetSchedulerState)
    xTaskGetTickCount                        0x08007771   Thumb Code     6  tasks.o(i.xTaskGetTickCount)
    xTaskIncrementTick                       0x0800777d   Thumb Code   184  tasks.o(i.xTaskIncrementTick)
    xTaskPriorityDisinherit                  0x0800783d   Thumb Code   124  tasks.o(i.xTaskPriorityDisinherit)
    xTaskRemoveFromEventList                 0x080078c1   Thumb Code    98  tasks.o(i.xTaskRemoveFromEventList)
    xTaskResumeAll                           0x0800792d   Thumb Code   162  tasks.o(i.xTaskResumeAll)
    xTimerCreate                             0x080079d9   Thumb Code    62  timers.o(i.xTimerCreate)
    xTimerCreateTimerTask                    0x08007a19   Thumb Code    52  timers.o(i.xTimerCreateTimerTask)
    xTimerGenericCommand                     0x08007a5d   Thumb Code    82  timers.o(i.xTimerGenericCommand)
    AHBPrescTable                            0x08007ba0   Data          16  system_stm32f1xx.o(.constdata)
    APBPrescTable                            0x08007bb0   Data           8  system_stm32f1xx.o(.constdata)
    sinTable_q31                             0x08007bb8   Data        2052  arm_common_tables.o(.constdata)
    __mathlib_zero                           0x080084a8   Data           8  qnan.o(.constdata)
    Region$$Table$$Base                      0x08008514   Number         0  anon$$obj.o(Region$$Table)
    Region$$Table$$Limit                     0x08008534   Number         0  anon$$obj.o(Region$$Table)
    IMU9250                                  0x2000008a   Data          14  main.o(.data)
    CalibracionIMU9DOF                       0x20000098   Data         136  main.o(.data)
    hcrc                                     0x20000120   Data           8  crc.o(.data)
    defaultTaskHandle                        0x20000130   Data           4  freertos.o(.data)
    CONTROL_TASKHandle                       0x20000134   Data           4  freertos.o(.data)
    IMU_TASKHandle                           0x20000138   Data           4  freertos.o(.data)
    AHRS_TASKHandle                          0x2000013c   Data           4  freertos.o(.data)
    COORDINADOR_TASHandle                    0x20000140   Data           4  freertos.o(.data)
    COMPASS_TASKHandle                       0x20000144   Data           4  freertos.o(.data)
    ALTURA_TASKHandle                        0x20000148   Data           4  freertos.o(.data)
    CONTROL_TIMERHandle                      0x2000014c   Data           4  freertos.o(.data)
    IMU_TIMERHandle                          0x20000150   Data           4  freertos.o(.data)
    COORDINADOR_TIMERHandle                  0x20000154   Data           4  freertos.o(.data)
    AHRS_TIMERHandle                         0x20000158   Data           4  freertos.o(.data)
    COMPASS_TIMERHandle                      0x2000015c   Data           4  freertos.o(.data)
    ALTURA_TIMERHandle                       0x20000160   Data           4  freertos.o(.data)
    I2C_2_MUTEXHandle                        0x20000164   Data           4  freertos.o(.data)
    UART_MUTEXHandle                         0x20000168   Data           4  freertos.o(.data)
    CONTROL_SMPHRHandle                      0x2000016c   Data           4  freertos.o(.data)
    IMU_SMPHRHandle                          0x20000170   Data           4  freertos.o(.data)
    COMPASS_SMPHRHandle                      0x20000174   Data           4  freertos.o(.data)
    ALTURA_SMPHRHandle                       0x20000178   Data           4  freertos.o(.data)
    COORDINADOR_SMPHRHandle                  0x2000017c   Data           4  freertos.o(.data)
    AHRS_SMPHRHandle                         0x20000180   Data           4  freertos.o(.data)
    I2C_2_SMPHRHandle                        0x20000184   Data           4  freertos.o(.data)
    UART_SMPHRHandle                         0x20000188   Data           4  freertos.o(.data)
    AcelLecturasCola_Handle                  0x2000018c   Data           4  freertos.o(.data)
    VelLecturasCola_Handle                   0x20000190   Data           4  freertos.o(.data)
    MagLecturasCola_Handle                   0x20000194   Data           4  freertos.o(.data)
    pxCurrentTCB                             0x200001d8   Data           4  tasks.o(.data)
    SystemCoreClock                          0x20000220   Data           4  system_stm32f1xx.o(.data)
    huart2                                   0x200002c0   Data          64  usart.o(.bss)
    hdma_usart2_rx                           0x20000300   Data          56  usart.o(.bss)
    hdma_usart2_tx                           0x20000338   Data          56  usart.o(.bss)
    hiwdg                                    0x20000370   Data          16  iwdg.o(.bss)
    hadc1                                    0x20000380   Data          48  adc.o(.bss)
    htim3                                    0x200003b0   Data          60  tim.o(.bss)
    htim4                                    0x200003ec   Data          60  tim.o(.bss)
    hi2c2                                    0x20000428   Data          68  i2c.o(.bss)
    hdma_i2c2_rx                             0x2000046c   Data          56  i2c.o(.bss)
    hdma_i2c2_tx                             0x200004a4   Data          56  i2c.o(.bss)
    xQueueRegistry                           0x2000265c   Data          64  queue.o(.bss)
    __initial_sp                             0x20002aa0   Data           0  startup_stm32f103xb.o(STACK)



==============================================================================

Memory Map of the image

  Image Entry point : 0x080000ed

  Load Region LR_IROM1 (Base: 0x08000000, Size: 0x0000875c, Max: 0x00010000, ABSOLUTE, COMPRESSED[0x00008588])

    Execution Region ER_IROM1 (Base: 0x08000000, Size: 0x00008534, Max: 0x00010000, ABSOLUTE)

    Base Addr    Size         Type   Attr      Idx    E Section Name        Object

    0x08000000   0x000000ec   Data   RO            3    RESET               startup_stm32f103xb.o
    0x080000ec   0x00000000   Code   RO         5331  * .ARM.Collect$$$$00000000  mc_w.l(entry.o)
    0x080000ec   0x00000004   Code   RO         5397    .ARM.Collect$$$$00000001  mc_w.l(entry2.o)
    0x080000f0   0x00000004   Code   RO         5400    .ARM.Collect$$$$00000004  mc_w.l(entry5.o)
    0x080000f4   0x00000000   Code   RO         5402    .ARM.Collect$$$$00000008  mc_w.l(entry7b.o)
    0x080000f4   0x00000000   Code   RO         5404    .ARM.Collect$$$$0000000A  mc_w.l(entry8b.o)
    0x080000f4   0x00000008   Code   RO         5405    .ARM.Collect$$$$0000000B  mc_w.l(entry9a.o)
    0x080000fc   0x00000000   Code   RO         5407    .ARM.Collect$$$$0000000D  mc_w.l(entry10a.o)
    0x080000fc   0x00000000   Code   RO         5409    .ARM.Collect$$$$0000000F  mc_w.l(entry11a.o)
    0x080000fc   0x00000004   Code   RO         5398    .ARM.Collect$$$$00002712  mc_w.l(entry2.o)
    0x08000100   0x000000a2   Code   RO         3927    .emb_text           port.o
    0x080001a2   0x00000002   PAD
    0x080001a4   0x00000024   Code   RO            4    .text               startup_stm32f103xb.o
    0x080001c8   0x0000009e   Code   RO         4996    .text               arm_cortexM3l_math.lib(arm_add_q15.o)
    0x08000266   0x00000002   PAD
    0x08000268   0x000000ba   Code   RO         5045    .text               arm_cortexM3l_math.lib(arm_dot_prod_q15.o)
    0x08000322   0x00000002   PAD
    0x08000324   0x000000f0   Code   RO         5072    .text               arm_cortexM3l_math.lib(arm_scale_q15.o)
    0x08000414   0x000001fa   Code   RO         5096    .text               arm_cortexM3l_math.lib(arm_biquad_cascade_df1_q15.o)
    0x0800060e   0x00000002   PAD
    0x08000610   0x000001f2   Code   RO         5123    .text               arm_cortexM3l_math.lib(arm_mat_mult_q15.o)
    0x08000802   0x00000002   PAD
    0x08000804   0x00000234   Code   RO         5147    .text               arm_cortexM3l_math.lib(arm_sin_cos_q31.o)
    0x08000a38   0x00000098   Code   RO         5178    .text               arm_cortexM3l_math.lib(arm_copy_q15.o)
    0x08000ad0   0x0000007a   Code   RO         5202    .text               arm_cortexM3l_math.lib(arm_fill_q15.o)
    0x08000b4a   0x00000062   Code   RO         5334    .text               mc_w.l(ldiv.o)
    0x08000bac   0x00000020   Code   RO         5336    .text               mc_w.l(llushr.o)
    0x08000bcc   0x00000024   Code   RO         5338    .text               mc_w.l(memcpya.o)
    0x08000bf0   0x00000024   Code   RO         5340    .text               mc_w.l(memseta.o)
    0x08000c14   0x000000e4   Code   RO         5344    .text               mf_w.l(dmul.o)
    0x08000cf8   0x000000de   Code   RO         5346    .text               mf_w.l(ddiv.o)
    0x08000dd6   0x0000002e   Code   RO         5348    .text               mf_w.l(dscalb.o)
    0x08000e04   0x00000022   Code   RO         5350    .text               mf_w.l(dflti.o)
    0x08000e26   0x0000001a   Code   RO         5352    .text               mf_w.l(dfltui.o)
    0x08000e40   0x00000032   Code   RO         5354    .text               mf_w.l(ffixi.o)
    0x08000e72   0x0000003e   Code   RO         5356    .text               mf_w.l(dfixi.o)
    0x08000eb0   0x00000038   Code   RO         5358    .text               mf_w.l(d2f.o)
    0x08000ee8   0x00000062   Code   RO         5411    .text               mc_w.l(uldiv.o)
    0x08000f4a   0x00000000   Code   RO         5420    .text               mc_w.l(iusefp.o)
    0x08000f4a   0x0000006e   Code   RO         5421    .text               mf_w.l(fepilogue.o)
    0x08000fb8   0x0000005e   Code   RO         5423    .text               mf_w.l(fsqrt.o)
    0x08001016   0x000000ba   Code   RO         5425    .text               mf_w.l(depilogue.o)
    0x080010d0   0x0000014e   Code   RO         5427    .text               mf_w.l(dadd.o)
    0x0800121e   0x00000002   PAD
    0x08001220   0x00000024   Code   RO         5429    .text               mc_w.l(init.o)
    0x08001244   0x0000001e   Code   RO         5431    .text               mc_w.l(llshl.o)
    0x08001262   0x00000024   Code   RO         5433    .text               mc_w.l(llsshr.o)
    0x08001286   0x000000a2   Code   RO         5435    .text               mf_w.l(dsqrt.o)
    0x08001328   0x00000056   Code   RO         5447    .text               mc_w.l(__dczerorl2.o)
    0x0800137e   0x00000002   PAD
    0x08001380   0x0000004c   Code   RO         3347    i.ADC_ConversionStop_Disable  stm32f1xx_hal_adc.o
    0x080013cc   0x000000a0   Code   RO          345    i.AHRS_TASK_FCN     task_ahrs.o
    0x0800146c   0x00000014   Code   RO          346    i.AHRS_TIMER_FCN    task_ahrs.o
    0x08001480   0x00000002   Code   RO          322    i.ALTURA_TASK_FCN   task_altura.o
    0x08001482   0x00000002   Code   RO          323    i.ALTURA_TIMER_FCN  task_altura.o
    0x08001484   0x00000170   Code   RO         1013    i.Actualizar_Matriz_DCM_V2  ahrs.o
    0x080015f4   0x000000b0   Code   RO         1014    i.Angulos_Euler     ahrs.o
    0x080016a4   0x00000002   Code   RO          722    i.BusFault_Handler  stm32f1xx_it.o
    0x080016a6   0x00000002   PAD
    0x080016a8   0x000000a8   Code   RO          293    i.COMPASS_TASK_FCN  task_compass.o
    0x08001750   0x00000014   Code   RO          294    i.COMPASS_TIMER_FCN  task_compass.o
    0x08001764   0x000001fc   Code   RO          240    i.CONTROL_TASK_FCN  task_control.o
    0x08001960   0x00000014   Code   RO          241    i.CONTROL_TIMER_FCN  task_control.o
    0x08001974   0x00000002   Code   RO          222    i.COORDINADOR_TASK_FCN  task_coordinador.o
    0x08001976   0x00000002   Code   RO          223    i.COORDINADOR_TIMER_FCN  task_coordinador.o
    0x08001978   0x0000008a   Code   RO         1015    i.Compensacion_Sensor_magnetico  ahrs.o
    0x08001a02   0x00000116   Code   RO         1016    i.Correccion_deriva  ahrs.o
    0x08001b18   0x0000000c   Code   RO          723    i.DMA1_Channel4_IRQHandler  stm32f1xx_it.o
    0x08001b24   0x0000000c   Code   RO          724    i.DMA1_Channel5_IRQHandler  stm32f1xx_it.o
    0x08001b30   0x0000000c   Code   RO          725    i.DMA1_Channel6_IRQHandler  stm32f1xx_it.o
    0x08001b3c   0x0000000c   Code   RO          726    i.DMA1_Channel7_IRQHandler  stm32f1xx_it.o
    0x08001b48   0x0000001e   Code   RO         3153    i.DMA_SetConfig     stm32f1xx_hal_dma.o
    0x08001b66   0x00000002   Code   RO          727    i.DebugMon_Handler  stm32f1xx_it.o
    0x08001b68   0x00000002   Code   RO          474    i.Error_Handler     main.o
    0x08001b6a   0x00000002   PAD
    0x08001b6c   0x00000038   Code   RO         1065    i.EscribirLecturasBrujulas  servidoresvariables.o
    0x08001ba4   0x00000034   Code   RO         1066    i.EscribirLecturasIMU  servidoresvariables.o
    0x08001bd8   0x00000028   Code   RO         1067    i.EscribirOrientacionMagnetica  servidoresvariables.o
    0x08001c00   0x00000034   Code   RO         1069    i.EscribirVariableAHRS_Orientacion_q15  servidoresvariables.o
    0x08001c34   0x0000028c   Code   RO         3353    i.HAL_ADC_ConfigChannel  stm32f1xx_hal_adc.o
    0x08001ec0   0x0000023c   Code   RO         3362    i.HAL_ADC_Init      stm32f1xx_hal_adc.o
    0x080020fc   0x00000040   Code   RO          615    i.HAL_ADC_MspInit   adc.o
    0x0800213c   0x00000070   Code   RO         1709    i.HAL_CRC_Init      stm32f1xx_hal_crc.o
    0x080021ac   0x00000028   Code   RO          820    i.HAL_CRC_MspInit   crc.o
    0x080021d4   0x0000026c   Code   RO         3158    i.HAL_DMA_IRQHandler  stm32f1xx_hal_dma.o
    0x08002440   0x00000164   Code   RO         3159    i.HAL_DMA_Init      stm32f1xx_hal_dma.o
    0x080025a4   0x000000b4   Code   RO         3162    i.HAL_DMA_Start_IT  stm32f1xx_hal_dma.o
    0x08002658   0x00000016   Code   RO         1530    i.HAL_Delay         stm32f1xx_hal.o
    0x0800266e   0x00000002   PAD
    0x08002670   0x00000318   Code   RO         1768    i.HAL_GPIO_Init     stm32f1xx_hal_gpio.o
    0x08002988   0x0000006c   Code   RO         1772    i.HAL_GPIO_WritePin  stm32f1xx_hal_gpio.o
    0x080029f4   0x0000000c   Code   RO         1534    i.HAL_GetTick       stm32f1xx_hal.o
    0x08002a00   0x000000fa   Code   RO         1171    i.HAL_I2C_ER_IRQHandler  stm32f1xx_hal_i2c.o
    0x08002afa   0x00000002   Code   RO         1173    i.HAL_I2C_ErrorCallback  stm32f1xx_hal_i2c.o
    0x08002afc   0x000001d4   Code   RO         1176    i.HAL_I2C_Init      stm32f1xx_hal_i2c.o
    0x08002cd0   0x0000000c   Code   RO          909    i.HAL_I2C_MasterRxCpltCallback  i2c.o
    0x08002cdc   0x0000000c   Code   RO          910    i.HAL_I2C_MasterTxCpltCallback  i2c.o
    0x08002ce8   0x000000d8   Code   RO         1181    i.HAL_I2C_Master_Receive_DMA  stm32f1xx_hal_i2c.o
    0x08002dc0   0x000000c0   Code   RO         1184    i.HAL_I2C_Master_Transmit_DMA  stm32f1xx_hal_i2c.o
    0x08002e80   0x000000bc   Code   RO          914    i.HAL_I2C_MspInit   i2c.o
    0x08002f3c   0x00000002   Code   RO         1197    i.HAL_I2C_SlaveTxCpltCallback  stm32f1xx_hal_i2c.o
    0x08002f3e   0x00000002   PAD
    0x08002f40   0x000000e0   Code   RO         1658    i.HAL_IWDG_Init     stm32f1xx_hal_iwdg.o
    0x08003020   0x00000002   Code   RO         1659    i.HAL_IWDG_MspInit  stm32f1xx_hal_iwdg.o
    0x08003022   0x00000002   PAD
    0x08003024   0x00000010   Code   RO         1535    i.HAL_IncTick       stm32f1xx_hal.o
    0x08003034   0x00000024   Code   RO         1536    i.HAL_Init          stm32f1xx_hal.o
    0x08003058   0x00000022   Code   RO         1537    i.HAL_InitTick      stm32f1xx_hal.o
    0x0800307a   0x00000002   PAD
    0x0800307c   0x00000080   Code   RO          861    i.HAL_MspInit       stm32f1xx_hal_msp.o
    0x080030fc   0x00000060   Code   RO         3232    i.HAL_NVIC_EnableIRQ  stm32f1xx_hal_cortex.o
    0x0800315c   0x000000a0   Code   RO         3238    i.HAL_NVIC_SetPriority  stm32f1xx_hal_cortex.o
    0x080031fc   0x00000080   Code   RO         3239    i.HAL_NVIC_SetPriorityGrouping  stm32f1xx_hal_cortex.o
    0x0800327c   0x000001d4   Code   RO         3624    i.HAL_RCCEx_PeriphCLKConfig  stm32f1xx_hal_rcc_ex.o
    0x08003450   0x0000028c   Code   RO         3659    i.HAL_RCC_ClockConfig  stm32f1xx_hal_rcc.o
    0x080036dc   0x0000000c   Code   RO         3664    i.HAL_RCC_GetHCLKFreq  stm32f1xx_hal_rcc.o
    0x080036e8   0x00000030   Code   RO         3666    i.HAL_RCC_GetPCLK1Freq  stm32f1xx_hal_rcc.o
    0x08003718   0x00000030   Code   RO         3667    i.HAL_RCC_GetPCLK2Freq  stm32f1xx_hal_rcc.o
    0x08003748   0x0000008c   Code   RO         3668    i.HAL_RCC_GetSysClockFreq  stm32f1xx_hal_rcc.o
    0x080037d4   0x00000700   Code   RO         3671    i.HAL_RCC_OscConfig  stm32f1xx_hal_rcc.o
    0x08003ed4   0x00000064   Code   RO         3241    i.HAL_SYSTICK_CLKSourceConfig  stm32f1xx_hal_cortex.o
    0x08003f38   0x00000028   Code   RO         3243    i.HAL_SYSTICK_Config  stm32f1xx_hal_cortex.o
    0x08003f60   0x000000fc   Code   RO         1944    i.HAL_TIMEx_MasterConfigSynchronization  stm32f1xx_hal_tim_ex.o
    0x0800405c   0x000000d0   Code   RO         2399    i.HAL_TIM_Base_Init  stm32f1xx_hal_tim.o
    0x0800412c   0x00000028   Code   RO          657    i.HAL_TIM_Base_MspInit  tim.o
    0x08004154   0x000003ac   Code   RO         2408    i.HAL_TIM_ConfigClockSource  stm32f1xx_hal_tim.o
    0x08004500   0x0000004c   Code   RO          658    i.HAL_TIM_MspPostInit  tim.o
    0x0800454c   0x000001f0   Code   RO         2465    i.HAL_TIM_PWM_ConfigChannel  stm32f1xx_hal_tim.o
    0x0800473c   0x000000d8   Code   RO         2468    i.HAL_TIM_PWM_Init  stm32f1xx_hal_tim.o
    0x08004814   0x00000028   Code   RO          660    i.HAL_TIM_PWM_MspInit  tim.o
    0x0800483c   0x00000120   Code   RO         2176    i.HAL_UART_Init     stm32f1xx_hal_uart.o
    0x0800495c   0x000000b4   Code   RO          401    i.HAL_UART_MspInit  usart.o
    0x08004a10   0x00000002   Code   RO          728    i.HardFault_Handler  stm32f1xx_it.o
    0x08004a12   0x00000002   PAD
    0x08004a14   0x0000000c   Code   RO          729    i.I2C2_ER_IRQHandler  stm32f1xx_it.o
    0x08004a20   0x0000002a   Code   RO         1204    i.I2C_DMAError      stm32f1xx_hal_i2c.o
    0x08004a4a   0x0000004a   Code   RO         1205    i.I2C_DMAMasterReceiveCplt  stm32f1xx_hal_i2c.o
    0x08004a94   0x00000054   Code   RO         1206    i.I2C_DMAMasterTransmitCplt  stm32f1xx_hal_i2c.o
    0x08004ae8   0x000000ba   Code   RO         1214    i.I2C_MasterRequestRead  stm32f1xx_hal_i2c.o
    0x08004ba2   0x00000002   PAD
    0x08004ba4   0x00000074   Code   RO         1215    i.I2C_MasterRequestWrite  stm32f1xx_hal_i2c.o
    0x08004c18   0x0000008a   Code   RO         1218    i.I2C_WaitOnFlagUntilTimeout  stm32f1xx_hal_i2c.o
    0x08004ca2   0x00000088   Code   RO         1219    i.I2C_WaitOnMasterAddressFlagUntilTimeout  stm32f1xx_hal_i2c.o
    0x08004d2a   0x00000002   PAD
    0x08004d2c   0x00000190   Code   RO           12    i.IMU_TASK_FCN      task_imu.o
    0x08004ebc   0x00000014   Code   RO           13    i.IMU_TIMER_FCN     task_imu.o
    0x08004ed0   0x00000034   Code   RO         1072    i.LeerLecturasIMU9DOF  servidoresvariables.o
    0x08004f04   0x00000038   Code   RO         1074    i.LeerReferencia    servidoresvariables.o
    0x08004f3c   0x00000024   Code   RO         1075    i.LeerRollPitchYaw  servidoresvariables.o
    0x08004f60   0x00000048   Code   RO          616    i.MX_ADC1_Init      adc.o
    0x08004fa8   0x00000024   Code   RO          821    i.MX_CRC_Init       crc.o
    0x08004fcc   0x0000005c   Code   RO          560    i.MX_DMA_Init       dma.o
    0x08005028   0x000001a8   Code   RO          981    i.MX_FREERTOS_Init  freertos.o
    0x080051d0   0x000000b4   Code   RO          885    i.MX_GPIO_Init      gpio.o
    0x08005284   0x00000058   Code   RO          915    i.MX_I2C2_Init      i2c.o
    0x080052dc   0x0000002c   Code   RO          584    i.MX_IWDG_Init      iwdg.o
    0x08005308   0x000000ac   Code   RO          661    i.MX_TIM3_Init      tim.o
    0x080053b4   0x0000008c   Code   RO          662    i.MX_TIM4_Init      tim.o
    0x08005440   0x00000038   Code   RO          402    i.MX_USART2_UART_Init  usart.o
    0x08005478   0x0000005e   Code   RO          916    i.MandarDatosI2C    i2c.o
    0x080054d6   0x00000002   Code   RO          730    i.MemManage_Handler  stm32f1xx_it.o
    0x080054d8   0x00000002   Code   RO          731    i.NMI_Handler       stm32f1xx_it.o
    0x080054da   0x00000020   Code   RO         3245    i.NVIC_SetPriority  stm32f1xx_hal_cortex.o
    0x080054fa   0x000001c4   Code   RO         1017    i.Normalizar_DCM    ahrs.o
    0x080056be   0x00000002   PAD
    0x080056c0   0x0000000c   Code   RO          475    i.Sensibilidad_Giroscopo  main.o
    0x080056cc   0x00000008   Code   RO          982    i.StartDefaultTask  freertos.o
    0x080056d4   0x0000000e   Code   RO          732    i.SysTick_Handler   stm32f1xx_it.o
    0x080056e2   0x00000084   Code   RO          476    i.SystemClock_Config  main.o
    0x08005766   0x00000002   PAD
    0x08005768   0x00000048   Code   RO         4959    i.SystemInit        system_stm32f1xx.o
    0x080057b0   0x00000064   Code   RO         2483    i.TIM_Base_SetConfig  stm32f1xx_hal_tim.o
    0x08005814   0x00000014   Code   RO         2490    i.TIM_ETR_SetConfig  stm32f1xx_hal_tim.o
    0x08005828   0x00000010   Code   RO         2491    i.TIM_ITRx_SetConfig  stm32f1xx_hal_tim.o
    0x08005838   0x000000cc   Code   RO         2492    i.TIM_OC1_SetConfig  stm32f1xx_hal_tim.o
    0x08005904   0x000000d4   Code   RO         2493    i.TIM_OC2_SetConfig  stm32f1xx_hal_tim.o
    0x080059d8   0x000000d4   Code   RO         2494    i.TIM_OC3_SetConfig  stm32f1xx_hal_tim.o
    0x08005aac   0x0000009c   Code   RO         2495    i.TIM_OC4_SetConfig  stm32f1xx_hal_tim.o
    0x08005b48   0x00000022   Code   RO         2497    i.TIM_TI1_ConfigInputStage  stm32f1xx_hal_tim.o
    0x08005b6a   0x00000024   Code   RO         2499    i.TIM_TI2_ConfigInputStage  stm32f1xx_hal_tim.o
    0x08005b8e   0x00000002   PAD
    0x08005b90   0x00000204   Code   RO         2195    i.UART_SetConfig    stm32f1xx_hal_uart.o
    0x08005d94   0x00000002   Code   RO          733    i.UsageFault_Handler  stm32f1xx_it.o
    0x08005d96   0x00000028   Code   RO         5384    i.__ARM_fpclassify  m_ws.l(fpclassify.o)
    0x08005dbe   0x000000aa   Code   RO         5386    i.__kernel_poly     m_ws.l(poly.o)
    0x08005e68   0x00000006   Code   RO         5371    i.__mathlib_dbl_infnan  m_ws.l(dunder.o)
    0x08005e6e   0x00000004   Code   RO         5372    i.__mathlib_dbl_infnan2  m_ws.l(dunder.o)
    0x08005e72   0x0000000c   Code   RO         5373    i.__mathlib_dbl_invalid  m_ws.l(dunder.o)
    0x08005e7e   0x00000002   PAD
    0x08005e80   0x00000010   Code   RO         5376    i.__mathlib_dbl_underflow  m_ws.l(dunder.o)
    0x08005e90   0x0000000e   Code   RO         5441    i.__scatterload_copy  mc_w.l(handlers.o)
    0x08005e9e   0x00000002   Code   RO         5442    i.__scatterload_null  mc_w.l(handlers.o)
    0x08005ea0   0x0000000e   Code   RO         5443    i.__scatterload_zeroinit  mc_w.l(handlers.o)
    0x08005eae   0x00000002   PAD
    0x08005eb0   0x0000000c   Code   RO         5415    i.__set_errno       mc_w.l(errno.o)
    0x08005ebc   0x00000270   Code   RO         5306    i.asin              m_ws.l(asin.o)
    0x0800612c   0x00000002   Code   RO          477    i.assert_failed     main.o
    0x0800612e   0x00000002   PAD
    0x08006130   0x00000220   Code   RO         5361    i.atan              m_ws.l(atan.o)
    0x08006350   0x00000180   Code   RO         5316    i.atan2             m_ws.l(atan2.o)
    0x080064d0   0x00000036   Code   RO          478    i.main              main.o
    0x08006506   0x0000000c   Code   RO         4329    i.makeFreeRtosPriority  cmsis_os.o
    0x08006512   0x0000000e   Code   RO         4330    i.osDelay           cmsis_os.o
    0x08006520   0x0000000a   Code   RO         4333    i.osKernelStart     cmsis_os.o
    0x0800652a   0x00000006   Code   RO         4345    i.osMutexCreate     cmsis_os.o
    0x08006530   0x00000026   Code   RO         4356    i.osSemaphoreCreate  cmsis_os.o
    0x08006556   0x00000014   Code   RO         4362    i.osSystickHandler  cmsis_os.o
    0x0800656a   0x00000038   Code   RO         4363    i.osThreadCreate    cmsis_os.o
    0x080065a2   0x00000002   PAD
    0x080065a4   0x00000024   Code   RO         4374    i.osTimerCreate     cmsis_os.o
    0x080065c8   0x00000034   Code   RO         4034    i.prvAddCurrentTaskToDelayedList  tasks.o
    0x080065fc   0x00000054   Code   RO         4720    i.prvCheckForValidListAndQueue  timers.o
    0x08006650   0x00000054   Code   RO         4035    i.prvCheckTasksWaitingTermination  tasks.o
    0x080066a4   0x00000026   Code   RO         4805    i.prvCopyDataFromQueue  queue.o
    0x080066ca   0x0000006e   Code   RO         4806    i.prvCopyDataToQueue  queue.o
    0x08006738   0x0000004c   Code   RO         3869    i.prvHeapInit       heap_4.o
    0x08006784   0x00000018   Code   RO         4036    i.prvIdleTask       tasks.o
    0x0800679c   0x0000004c   Code   RO         3870    i.prvInsertBlockIntoFreeList  heap_4.o
    0x080067e8   0x00000038   Code   RO         4721    i.prvInsertTimerInActiveList  timers.o
    0x08006820   0x000000a8   Code   RO         4722    i.prvProcessReceivedCommands  timers.o
    0x080068c8   0x0000009c   Code   RO         4723    i.prvProcessTimerOrBlockTask  timers.o
    0x08006964   0x00000020   Code   RO         4038    i.prvResetNextTaskUnblockTime  tasks.o
    0x08006984   0x00000028   Code   RO         4724    i.prvSampleTimeNow  timers.o
    0x080069ac   0x00000060   Code   RO         4725    i.prvSwitchTimerLists  timers.o
    0x08006a0c   0x00000018   Code   RO         3928    i.prvTaskExitError  port.o
    0x08006a24   0x00000024   Code   RO         4726    i.prvTimerTask      timers.o
    0x08006a48   0x00000064   Code   RO         4807    i.prvUnlockQueue    queue.o
    0x08006aac   0x000000bc   Code   RO         3871    i.pvPortMalloc      heap_4.o
    0x08006b68   0x00000018   Code   RO         4040    i.pvTaskIncrementMutexHeldCount  tasks.o
    0x08006b80   0x00000020   Code   RO         3929    i.pxPortInitialiseStack  port.o
    0x08006ba0   0x0000004c   Code   RO         5390    i.sqrt              m_ws.l(sqrt.o)
    0x08006bec   0x0000002c   Code   RO         5324    i.sqrtf             m_ws.l(sqrtf.o)
    0x08006c18   0x00000024   Code   RO         3998    i.uxListRemove      list.o
    0x08006c3c   0x00000016   Code   RO         3999    i.vListInitialise   list.o
    0x08006c52   0x00000006   Code   RO         4000    i.vListInitialiseItem  list.o
    0x08006c58   0x00000030   Code   RO         4001    i.vListInsert       list.o
    0x08006c88   0x00000018   Code   RO         4002    i.vListInsertEnd    list.o
    0x08006ca0   0x00000034   Code   RO         3931    i.vPortEnterCritical  port.o
    0x08006cd4   0x00000024   Code   RO         3932    i.vPortExitCritical  port.o
    0x08006cf8   0x00000048   Code   RO         3872    i.vPortFree         heap_4.o
    0x08006d40   0x00000020   Code   RO         3933    i.vPortSetupTimerInterrupt  port.o
    0x08006d60   0x00000040   Code   RO         3934    i.vPortValidateInterruptPriority  port.o
    0x08006da0   0x00000018   Code   RO         3935    i.vPortYield        port.o
    0x08006db8   0x00000028   Code   RO         4813    i.vQueueAddToRegistry  queue.o
    0x08006de0   0x0000003c   Code   RO         4817    i.vQueueWaitForMessageRestricted  queue.o
    0x08006e1c   0x00000050   Code   RO         4048    i.vTaskDelay        tasks.o
    0x08006e6c   0x0000000c   Code   RO         4051    i.vTaskMissedYield  tasks.o
    0x08006e78   0x00000058   Code   RO         4053    i.vTaskPlaceOnEventList  tasks.o
    0x08006ed0   0x0000005c   Code   RO         4054    i.vTaskPlaceOnEventListRestricted  tasks.o
    0x08006f2c   0x00000084   Code   RO         4056    i.vTaskPriorityInherit  tasks.o
    0x08006fb0   0x0000001c   Code   RO         4060    i.vTaskSetTimeOutState  tasks.o
    0x08006fcc   0x0000005c   Code   RO         4061    i.vTaskStartScheduler  tasks.o
    0x08007028   0x00000010   Code   RO         4063    i.vTaskSuspendAll   tasks.o
    0x08007038   0x00000054   Code   RO         4064    i.vTaskSwitchContext  tasks.o
    0x0800708c   0x00000074   Code   RO         3936    i.xPortStartScheduler  port.o
    0x08007100   0x00000024   Code   RO         3937    i.xPortSysTickHandler  port.o
    0x08007124   0x0000004a   Code   RO         4818    i.xQueueCreateMutex  queue.o
    0x0800716e   0x00000050   Code   RO         4819    i.xQueueGenericCreate  queue.o
    0x080071be   0x00000002   PAD
    0x080071c0   0x0000012e   Code   RO         4820    i.xQueueGenericReceive  queue.o
    0x080072ee   0x0000006a   Code   RO         4821    i.xQueueGenericReset  queue.o
    0x08007358   0x00000114   Code   RO         4822    i.xQueueGenericSend  queue.o
    0x0800746c   0x0000008c   Code   RO         4823    i.xQueueGenericSendFromISR  queue.o
    0x080074f8   0x00000076   Code   RO         4824    i.xQueueGiveFromISR  queue.o
    0x0800756e   0x00000002   PAD
    0x08007570   0x00000058   Code   RO         4065    i.xTaskCheckForTimeOut  tasks.o
    0x080075c8   0x0000018c   Code   RO         4066    i.xTaskGenericCreate  tasks.o
    0x08007754   0x0000001c   Code   RO         4070    i.xTaskGetSchedulerState  tasks.o
    0x08007770   0x0000000c   Code   RO         4071    i.xTaskGetTickCount  tasks.o
    0x0800777c   0x000000c0   Code   RO         4073    i.xTaskIncrementTick  tasks.o
    0x0800783c   0x00000084   Code   RO         4076    i.xTaskPriorityDisinherit  tasks.o
    0x080078c0   0x0000006c   Code   RO         4077    i.xTaskRemoveFromEventList  tasks.o
    0x0800792c   0x000000ac   Code   RO         4079    i.xTaskResumeAll    tasks.o
    0x080079d8   0x0000003e   Code   RO         4729    i.xTimerCreate      timers.o
    0x08007a16   0x00000002   PAD
    0x08007a18   0x00000044   Code   RO         4730    i.xTimerCreateTimerTask  timers.o
    0x08007a5c   0x00000058   Code   RO         4731    i.xTimerGenericCommand  timers.o
    0x08007ab4   0x00000010   Data   RO           16    .constdata          task_imu.o
    0x08007ac4   0x00000018   Data   RO          242    .constdata          task_control.o
    0x08007adc   0x00000010   Data   RO          295    .constdata          task_compass.o
    0x08007aec   0x000000a4   Data   RO          983    .constdata          freertos.o
    0x08007b90   0x00000010   Data   RO         1018    .constdata          ahrs.o
    0x08007ba0   0x00000010   Data   RO         4960    .constdata          system_stm32f1xx.o
    0x08007bb0   0x00000008   Data   RO         4961    .constdata          system_stm32f1xx.o
    0x08007bb8   0x00000804   Data   RO         5283    .constdata          arm_cortexM3l_math.lib(arm_common_tables.o)
    0x080083bc   0x00000004   PAD
    0x080083c0   0x00000050   Data   RO         5307    .constdata          m_ws.l(asin.o)
    0x08008410   0x00000098   Data   RO         5362    .constdata          m_ws.l(atan.o)
    0x080084a8   0x00000008   Data   RO         5388    .constdata          m_ws.l(qnan.o)
    0x080084b0   0x00000064   Data   RO          984    .conststring        freertos.o
    0x08008514   0x00000020   Data   RO         5439    Region$$Table       anon$$obj.o


    Execution Region RW_IRAM1 (Base: 0x20000000, Size: 0x00002aa0, Max: 0x00005000, ABSOLUTE, COMPRESSED[0x00000054])

    Base Addr    Size         Type   Attr      Idx    E Section Name        Object

    0x20000000   0x00000014   Data   RW           17    .data               task_imu.o
    0x20000014   0x00000060   Data   RW           18    .data               task_imu.o
    0x20000074   0x00000014   Data   RW           19    .data               task_imu.o
    0x20000088   0x00000002   Data   RW          350    .data               task_ahrs.o
    0x2000008a   0x0000000e   Data   RW          482    .data               main.o
    0x20000098   0x00000088   Data   RW          483    .data               main.o
    0x20000120   0x00000008   Data   RW          822    .data               crc.o
    0x20000128   0x00000008   Data   RW          918    .data               i2c.o
    0x20000130   0x00000068   Data   RW          985    .data               freertos.o
    0x20000198   0x00000018   Data   RW         1079    .data               servidoresvariables.o
    0x200001b0   0x00000004   Data   RW         1542    .data               stm32f1xx_hal.o
    0x200001b4   0x00000018   Data   RW         3877    .data               heap_4.o
    0x200001cc   0x0000000c   Data   RW         3938    .data               port.o
    0x200001d8   0x00000038   Data   RW         4082    .data               tasks.o
    0x20000210   0x00000010   Data   RW         4734    .data               timers.o
    0x20000220   0x00000004   Data   RW         4962    .data               system_stm32f1xx.o
    0x20000224   0x00000004   Data   RW         5416    .data               mc_w.l(errno.o)
    0x20000228   0x00000030   Zero   RW           14    .bss                task_imu.o
    0x20000258   0x00000030   Zero   RW           15    .bss                task_imu.o
    0x20000288   0x00000038   Zero   RW          349    .bss                task_ahrs.o
    0x200002c0   0x000000b0   Zero   RW          403    .bss                usart.o
    0x20000370   0x00000010   Zero   RW          585    .bss                iwdg.o
    0x20000380   0x00000030   Zero   RW          617    .bss                adc.o
    0x200003b0   0x00000078   Zero   RW          663    .bss                tim.o
    0x20000428   0x000000b4   Zero   RW          917    .bss                i2c.o
    0x200004dc   0x00000068   Zero   RW         1078    .bss                servidoresvariables.o
    0x20000544   0x00002000   Zero   RW         3876    .bss                heap_4.o
    0x20002544   0x000000f0   Zero   RW         4081    .bss                tasks.o
    0x20002634   0x00000028   Zero   RW         4733    .bss                timers.o
    0x2000265c   0x00000040   Zero   RW         4829    .bss                queue.o
    0x2000269c   0x00000004   PAD
    0x200026a0   0x00000400   Zero   RW            1    STACK               startup_stm32f103xb.o


==============================================================================

Image component sizes


      Code (inc. data)   RO Data    RW Data    ZI Data      Debug   Object Name

       136         22          0          0         48       1709   adc.o
      1412         18         16          0          0       4124   ahrs.o
       192          6          0          0          0      10012   cmsis_os.o
        76         18          0          8          0       1595   crc.o
        92          4          0          0          0        846   dma.o
       432          8        264        104          0       4187   freertos.o
       180         18          0          0          0        999   gpio.o
       412         24          0         24       8192       5723   heap_4.o
       394         40          0          8        180       3566   i2c.o
        44          8          0          0         16        775   iwdg.o
       136          0          0          0          0       3470   list.o
       202          6          0        150          0       4591   main.o
       578         76          0         12          0       9022   port.o
      1444          6          0          0         64      11997   queue.o
       344         52          0         24        104       5057   servidoresvariables.o
        36          8        236          0       1024        844   startup_stm32f103xb.o
       120         16          0          4          0       3866   stm32f1xx_hal.o
      1300        146          0          0          0       3232   stm32f1xx_hal_adc.o
       556        256          0          0          0      26397   stm32f1xx_hal_cortex.o
       112         62          0          0          0       1091   stm32f1xx_hal_crc.o
      1186        122          0          0          0       3647   stm32f1xx_hal_dma.o
       900        190          0          0          0       2960   stm32f1xx_hal_gpio.o
      1906        112          0          0          0      11060   stm32f1xx_hal_i2c.o
       226         66          0          0          0       1719   stm32f1xx_hal_iwdg.o
       128         10          0          0          0        930   stm32f1xx_hal_msp.o
      2692        216          0          0          0       6132   stm32f1xx_hal_rcc.o
       468         72          0          0          0       1412   stm32f1xx_hal_rcc_ex.o
      2850        530          0          0          0      10352   stm32f1xx_hal_tim.o
       252         74          0          0          0       1328   stm32f1xx_hal_tim_ex.o
       804        142          0          0          0       2080   stm32f1xx_hal_uart.o
        86         30          0          0          0      12784   stm32f1xx_it.o
        72         16         24          4          0       1515   system_stm32f1xx.o
       180         18          0          2         56       6125   task_ahrs.o
         4          0          0          0          0       1017   task_altura.o
       188         36         16          0          0       1683   task_compass.o
       528         20         24          0          0      21259   task_control.o
         4          0          0          0          0       1055   task_coordinador.o
       420         42         16        136         96     511267   task_imu.o
      1968        164          0         56        240      19642   tasks.o
       468         52          0          0        120       3615   tim.o
       854         74          0         16         40       9118   timers.o
       236         30          0          0        176      12740   usart.o

    ----------------------------------------------------------------------
     24654       2810        628        548      10360     746543   Object Totals
         0          0         32          0          0          0   (incl. Generated)
        36          0          0          0          4          0   (incl. Padding)

    ----------------------------------------------------------------------

      Code (inc. data)   RO Data    RW Data    ZI Data      Debug   Library Member Name

       158          0          0          0          0      19210   arm_add_q15.o
       506          0          0          0          0      17185   arm_biquad_cascade_df1_q15.o
         0          0       2052          0          0       4636   arm_common_tables.o
       152          0          0          0          0       1047   arm_copy_q15.o
       186          0          0          0          0      16091   arm_dot_prod_q15.o
       122          0          0          0          0       1103   arm_fill_q15.o
       498          0          0          0          0       2687   arm_mat_mult_q15.o
       240          0          0          0          0       1444   arm_scale_q15.o
       564         10          0          0          0      16002   arm_sin_cos_q31.o
       624         52         80          0          0        168   asin.o
       544         70        152          0          0        124   atan.o
       384         38          0          0          0        144   atan2.o
        38          6          0          0          0        272   dunder.o
        40          0          0          0          0         68   fpclassify.o
       170          0          0          0          0         96   poly.o
         0          0          8          0          0          0   qnan.o
        76          0          0          0          0         84   sqrt.o
        44          0          0          0          0         80   sqrtf.o
        86          0          0          0          0          0   __dczerorl2.o
         0          0          0          0          0          0   entry.o
         0          0          0          0          0          0   entry10a.o
         0          0          0          0          0          0   entry11a.o
         8          4          0          0          0          0   entry2.o
         4          0          0          0          0          0   entry5.o
         0          0          0          0          0          0   entry7b.o
         0          0          0          0          0          0   entry8b.o
         8          4          0          0          0          0   entry9a.o
        12          6          0          4          0         68   errno.o
        30          0          0          0          0          0   handlers.o
        36          8          0          0          0         68   init.o
         0          0          0          0          0          0   iusefp.o
        98          0          0          0          0         84   ldiv.o
        30          0          0          0          0         68   llshl.o
        36          0          0          0          0         68   llsshr.o
        32          0          0          0          0         68   llushr.o
        36          0          0          0          0         68   memcpya.o
        36          0          0          0          0        108   memseta.o
        98          0          0          0          0         92   uldiv.o
        56          0          0          0          0         88   d2f.o
       334          0          0          0          0        148   dadd.o
       222          0          0          0          0        100   ddiv.o
       186          0          0          0          0        176   depilogue.o
        62          0          0          0          0         80   dfixi.o
        34          0          0          0          0         76   dflti.o
        26          0          0          0          0         76   dfltui.o
       228          0          0          0          0         96   dmul.o
        46          0          0          0          0         80   dscalb.o
       162          0          0          0          0        100   dsqrt.o
       110          0          0          0          0        168   fepilogue.o
        50          0          0          0          0         68   ffixi.o
        94          0          0          0          0         96   fsqrt.o

    ----------------------------------------------------------------------
      6522        198       2296          4          0      82485   Library Totals
        16          0          4          0          0          0   (incl. Padding)

    ----------------------------------------------------------------------

      Code (inc. data)   RO Data    RW Data    ZI Data      Debug   Library Name

      2426         10       2052          0          0      79405   arm_cortexM3l_math.lib
      1920        166        240          0          0       1036   m_ws.l
       550         22          0          4          0        692   mc_w.l
      1610          0          0          0          0       1352   mf_w.l

    ----------------------------------------------------------------------
      6522        198       2296          4          0      82485   Library Totals

    ----------------------------------------------------------------------

==============================================================================


      Code (inc. data)   RO Data    RW Data    ZI Data      Debug   

     31176       3008       2924        552      10360     817352   Grand Totals
     31176       3008       2924         84      10360     817352   ELF Image Totals (compressed)
     31176       3008       2924         84          0          0   ROM Totals

==============================================================================

    Total RO  Size (Code + RO Data)                34100 (  33.30kB)
    Total RW  Size (RW Data + ZI Data)             10912 (  10.66kB)
    Total ROM Size (Code + RO Data + RW Data)      34184 (  33.38kB)

==============================================================================

