10:57:18 **** Incremental Build of configuration Debug for project CM3drone ****
make all 
'Building file: ../Src/AHRS.c'
'Invoking: MCU GCC Compiler'
C:\Users\DTUser\Documents\GitHub\ESPCM3drone\Programacion\WorkSpace\CM3drone\Debug
arm-none-eabi-gcc -mcpu=cortex-m3 -mthumb -mfloat-abi=soft -D__weak="__attribute__((weak))" -D__packed="__attribute__((__packed__))" -DUSE_HAL_DRIVER -DSTM32F103xB -DARM_MATH_CM3 -I"C:/Users/DTUser/Documents/GitHub/ESPCM3drone/Programacion/WorkSpace/CM3drone/Inc" -I"C:/Users/DTUser/Documents/GitHub/ESPCM3drone/Programacion/WorkSpace/CM3drone/Drivers/CMSIS/Include" -I"C:/Users/DTUser/Documents/GitHub/ESPCM3drone/Programacion/WorkSpace/CM3drone/Drivers/STM32F1xx_HAL_Driver/Inc" -I"C:/Users/DTUser/Documents/GitHub/ESPCM3drone/Programacion/WorkSpace/CM3drone/Drivers/STM32F1xx_HAL_Driver/Inc/Legacy" -I"C:/Users/DTUser/Documents/GitHub/ESPCM3drone/Programacion/WorkSpace/CM3drone/Middlewares/Third_Party/FreeRTOS/Source/portable/GCC/ARM_CM3" -I"C:/Users/DTUser/Documents/GitHub/ESPCM3drone/Programacion/WorkSpace/CM3drone/Middlewares/ST/STM32_USB_Device_Library/Core/Inc" -I"C:/Users/DTUser/Documents/GitHub/ESPCM3drone/Programacion/WorkSpace/CM3drone/Middlewares/ST/STM32_USB_Device_Library/Class/DFU/Inc" -I"C:/Users/DTUser/Documents/GitHub/ESPCM3drone/Programacion/WorkSpace/CM3drone/Middlewares/Third_Party/FreeRTOS/Source/include" -I"C:/Users/DTUser/Documents/GitHub/ESPCM3drone/Programacion/WorkSpace/CM3drone/Middlewares/Third_Party/FreeRTOS/Source/CMSIS_RTOS" -I"C:/Users/DTUser/Documents/GitHub/ESPCM3drone/Programacion/WorkSpace/CM3drone/Drivers/CMSIS/Include" -I"C:/Users/DTUser/Documents/GitHub/ESPCM3drone/Programacion/WorkSpace/CM3drone/Src" -I"C:/Users/DTUser/Documents/GitHub/ESPCM3drone/Programacion/WorkSpace/CM3drone/Src/DSP" -I"C:/Users/DTUser/Documents/GitHub/ESPCM3drone/Programacion/WorkSpace/CM3drone/Drivers/CMSIS/Device/ST/STM32F1xx/Include" -I"C:/Users/DTUser/Documents/GitHub/ESPCM3drone/Programacion/WorkSpace/CM3drone/Inc"  -Os -g3 -Wall -fmessage-length=0 -ffunction-sections -c -fmessage-length=0 -MMD -MP -MF"Src/AHRS.d" -MT"Src/AHRS.o" -o "Src/AHRS.o" "../Src/AHRS.c"
../Src/AHRS.c: In function 'Correccion_deriva':
../Src/AHRS.c:143:8: warning: unused variable 'Aux' [-Wunused-variable]
  q15_t Aux[3] = { 0, 0, 0 };
        ^
../Src/AHRS.c:142:8: warning: variable 'error' set but not used [-Wunused-but-set-variable]
  q15_t error[3] = { 0, 0, 0 };
        ^
'Finished building: ../Src/AHRS.c'
' '
'Building target: CM3drone.elf'
'Invoking: MCU GCC Linker'
arm-none-eabi-gcc -mcpu=cortex-m3 -mthumb -mfloat-abi=soft -specs=nosys.specs -specs=nano.specs -T"../STM32F103C8Tx_FLASH.ld" -Wl,-Map=output.map -Wl,--gc-sections -lm -o "CM3drone.elf" @"objects.list"  
'Finished building target: CM3drone.elf'
' '
make --no-print-directory post-build
'Generating binary and Printing size information:'
arm-none-eabi-objcopy -O binary "CM3drone.elf" "CM3drone.bin"
arm-none-eabi-size "CM3drone.elf"
   text	   data	    bss	    dec	    hex	filename
  36328	    196	  14412	  50936	   c6f8	CM3drone.elf
' '
